Archive member included because of file (symbol)

C:/NXP/S32DS_ARM_v2018.R1/S32DS/arm_ewl2/lib/armv7e-m\libc99.a(exit.o)
                              C:/NXP/S32DS_ARM_v2018.R1/S32DS/arm_ewl2/lib/armv7e-m/__arm_start.o (exit)
C:/NXP/S32DS_ARM_v2018.R1/S32DS/arm_ewl2/lib/armv7e-m\libc99.a(memset.o)
                              C:/NXP/S32DS_ARM_v2018.R1/S32DS/arm_ewl2/lib/armv7e-m/__arm_start.o (memset)
C:/NXP/S32DS_ARM_v2018.R1/S32DS/arm_ewl2/lib/armv7e-m\libc99.a(__filll_mem.o)
                              C:/NXP/S32DS_ARM_v2018.R1/S32DS/arm_ewl2/lib/armv7e-m\libc99.a(memset.o) (__fill_mem)
C:/NXP/S32DS_ARM_v2018.R1/S32DS/arm_ewl2/lib/armv7e-m\librt.a(gcc_ctor_dtor.o)
                              C:/NXP/S32DS_ARM_v2018.R1/S32DS/arm_ewl2/lib/armv7e-m/__arm_start.o (__init_cpp)
C:/NXP/S32DS_ARM_v2018.R1/S32DS/arm_ewl2/lib/armv7e-m\librt.a(__arm_eabi_init.o)
                              C:/NXP/S32DS_ARM_v2018.R1/S32DS/arm_ewl2/lib/armv7e-m\libc99.a(exit.o) (__destroy_global_chain)
C:/NXP/S32DS_ARM_v2018.R1/S32DS/arm_ewl2/lib/armv7e-m\librt.a(ROMCopy.o)
                              C:/NXP/S32DS_ARM_v2018.R1/S32DS/arm_ewl2/lib/armv7e-m/__arm_start.o (__copy_rom_sections_to_ram)

Allocating common symbols
Common symbol       size              file

LastCode            0x1               ./Sources/hal/CommDec.o
scaleValue          0x2               ./Sources/hal/pid.o
gMaxPower           0x1               ./Sources/main.o
KeycurrentState     0x1               ./Sources/app/systemTask.o
KChargeSts          0x1               ./Sources/app/systemStatusCharge.o
SysnextState        0x1               ./Sources/app/systemTask.o
lpuart1_State       0x34              ./Generated_Code/lpuart1.o
SyscurrentState     0x1               ./Sources/app/systemTask.o
VpwmPeriod          0x2               ./Sources/hal/pid.o
freq                0x4               ./Sources/main.o
g_xtal0ClkFreq      0x4               ./SDK/platform/drivers/src/clock/S32K1xx/clock_S32K1xx.o
canCom1_State       0x10c             ./Generated_Code/canCom1.o
sControlError       0x1               ./Sources/app/systemPowerTrans.o
gWindowSize         0x1               ./Sources/main.o
adjustValue         0x1               ./Sources/hal/pid.o
pStateTransit       0x4               ./Sources/app/systemTask.o
Cur                 0x2               ./Sources/hal/hal.o
gCountOptConfig     0x1               ./Sources/main.o
Lpi2cMasterState    0x34              ./SDK/platform/pal/i2c/src/i2c_pal.o
g_RtcClkInFreq      0x4               ./SDK/platform/drivers/src/clock/S32K1xx/clock_S32K1xx.o
bStatePing          0x1               ./Sources/app/systemPing.o
KeynextState        0x1               ./Sources/app/systemTask.o
CurTemp             0x2               ./Sources/hal/hal.o
g_TClkFreq          0xc               ./SDK/platform/drivers/src/clock/S32K1xx/clock_S32K1xx.o
eventInfo           0x2               ./Sources/app/systemTask.o
Lpi2cSlaveState     0x24              ./SDK/platform/pal/i2c/src/i2c_pal.o
PChargeSts          0x1               ./Sources/app/systemStatusCharge.o
adjustType          0x1               ./Sources/hal/pid.o
SyspStateTransit    0x4               ./Sources/app/systemTask.o
gExt                0x1               ./Sources/main.o
ginitCurrent        0x2               ./Sources/main.o
dmaController1_State
                    0x40              ./Generated_Code/dmaController1.o
SyseventInfo        0x2               ./Sources/app/systemTask.o
dmaController1Chn0_State
                    0x10              ./Generated_Code/dmaController1.o

Discarded input sections

 .text          0x00000000        0x0 C:/NXP/S32DS_ARM_v2018.R1/S32DS/arm_ewl2/lib/armv7e-m/__arm_start.o
 .data          0x00000000        0x0 C:/NXP/S32DS_ARM_v2018.R1/S32DS/arm_ewl2/lib/armv7e-m/__arm_start.o
 .bss           0x00000000        0x0 C:/NXP/S32DS_ARM_v2018.R1/S32DS/arm_ewl2/lib/armv7e-m/__arm_start.o
 .text.__thumb_startup
                0x00000000       0x3c C:/NXP/S32DS_ARM_v2018.R1/S32DS/arm_ewl2/lib/armv7e-m/__arm_start.o
 .text.__iar_program_start
                0x00000000        0x4 C:/NXP/S32DS_ARM_v2018.R1/S32DS/arm_ewl2/lib/armv7e-m/__arm_start.o
 .bss.argv      0x00000000        0x4 C:/NXP/S32DS_ARM_v2018.R1/S32DS/arm_ewl2/lib/armv7e-m/__arm_start.o
 .debug_info    0x00000000      0x144 C:/NXP/S32DS_ARM_v2018.R1/S32DS/arm_ewl2/lib/armv7e-m/__arm_start.o
 .debug_abbrev  0x00000000       0xc0 C:/NXP/S32DS_ARM_v2018.R1/S32DS/arm_ewl2/lib/armv7e-m/__arm_start.o
 .debug_aranges
                0x00000000       0x28 C:/NXP/S32DS_ARM_v2018.R1/S32DS/arm_ewl2/lib/armv7e-m/__arm_start.o
 .debug_line    0x00000000       0x68 C:/NXP/S32DS_ARM_v2018.R1/S32DS/arm_ewl2/lib/armv7e-m/__arm_start.o
 .debug_str     0x00000000      0x270 C:/NXP/S32DS_ARM_v2018.R1/S32DS/arm_ewl2/lib/armv7e-m/__arm_start.o
 .comment       0x00000000       0x71 C:/NXP/S32DS_ARM_v2018.R1/S32DS/arm_ewl2/lib/armv7e-m/__arm_start.o
[...]
Memory Configuration

Name             Origin             Length             Attributes
m_interrupts     0x00000000         0x00000400         xr
m_flash_config   0x00000400         0x00000010         xr
m_text           0x00000410         0x0007fbf0         xr
m_data           0x1fff8000         0x00008000         rw
m_data_2         0x20000000         0x00007000         rw
*default*        0x00000000         0xffffffff

Linker script and memory map

LOAD C:/NXP/S32DS_ARM_v2018.R1/S32DS/arm_ewl2/lib/armv7e-m/__arm_start.o
LOAD ./Sources/main.o
LOAD ./Sources/interrupt.o
LOAD ./Sources/hal/safety.o
LOAD ./Sources/hal/pid.o
LOAD ./Sources/hal/measure.o
LOAD ./Sources/hal/hal.o
LOAD ./Sources/hal/Packet.o
LOAD ./Sources/hal/ObjectDetection.o
LOAD ./Sources/hal/CommDec.o
LOAD ./Sources/app/systemTimers.o
LOAD ./Sources/app/systemTerminate.o
LOAD ./Sources/app/systemTask.o
LOAD ./Sources/app/systemStatusStandby.o
LOAD ./Sources/app/systemStatusPause.o
LOAD ./Sources/app/systemStatusNfc.o
LOAD ./Sources/app/systemStatusFault.o
LOAD ./Sources/app/systemStatusCharge.o
LOAD ./Sources/app/systemSelection.o
LOAD ./Sources/app/systemSafe.o
LOAD ./Sources/app/systemPowerTrans.o
LOAD ./Sources/app/systemPing.o
LOAD ./Sources/app/systemIdConfig.o
LOAD ./SDK/rtos/osif/osif_baremetal.o
LOAD ./SDK/platform/pal/i2c/src/i2c_pal.o
LOAD ./SDK/platform/drivers/src/pins/pins_port_hw_access.o
LOAD ./SDK/platform/drivers/src/pins/pins_driver.o
LOAD ./SDK/platform/drivers/src/lpuart/lpuart_irq.o
LOAD ./SDK/platform/drivers/src/lpuart/lpuart_hw_access.o
LOAD ./SDK/platform/drivers/src/lpuart/lpuart_driver.o
LOAD ./SDK/platform/drivers/src/lpi2c/lpi2c_irq.o
LOAD ./SDK/platform/drivers/src/lpi2c/lpi2c_hw_access.o
LOAD ./SDK/platform/drivers/src/lpi2c/lpi2c_driver.o
LOAD ./SDK/platform/drivers/src/interrupt/interrupt_manager.o
LOAD ./SDK/platform/drivers/src/ftm/ftm_pwm_driver.o
LOAD ./SDK/platform/drivers/src/ftm/ftm_mc_driver.o
LOAD ./SDK/platform/drivers/src/ftm/ftm_hw_access.o
LOAD ./SDK/platform/drivers/src/ftm/ftm_common.o
LOAD ./SDK/platform/drivers/src/flexcan/flexcan_irq.o
LOAD ./SDK/platform/drivers/src/flexcan/flexcan_hw_access.o
LOAD ./SDK/platform/drivers/src/flexcan/flexcan_driver.o
LOAD ./SDK/platform/drivers/src/edma/edma_irq.o
LOAD ./SDK/platform/drivers/src/edma/edma_hw_access.o
LOAD ./SDK/platform/drivers/src/edma/edma_driver.o
LOAD ./SDK/platform/drivers/src/clock/clock_manager.o
LOAD ./SDK/platform/drivers/src/clock/S32K1xx/clock_S32K1xx.o
LOAD ./SDK/platform/drivers/src/adc/adc_driver.o
LOAD ./SDK/platform/devices/startup.o
LOAD ./SDK/platform/devices/S32K144/startup/system_S32K144.o
LOAD ./Project_Settings/Startup_Code/startup_S32K144.o
LOAD ./Generated_Code/pin_mux.o
LOAD ./Generated_Code/lpuart1.o
LOAD ./Generated_Code/i2c1.o
LOAD ./Generated_Code/flexTimer_pwm1.o
LOAD ./Generated_Code/flexTimer_mc1.o
LOAD ./Generated_Code/dmaController1.o
LOAD ./Generated_Code/clockMan1.o
LOAD ./Generated_Code/canCom1.o
LOAD ./Generated_Code/adConv1.o
LOAD ./Generated_Code/Cpu.o
START GROUP
LOAD C:/NXP/S32DS_ARM_v2018.R1/S32DS/arm_ewl2/lib/armv7e-m\libc99.a
LOAD C:/NXP/S32DS_ARM_v2018.R1/S32DS/arm_ewl2/lib/armv7e-m\libm.a
LOAD c:/nxp/s32ds_arm_v2018.r1/cross_tools/gcc-arm-none-eabi-4_9/bin/../lib/gcc/arm-none-eabi/4.9.3/armv7e-m\libgcc.a
LOAD C:/NXP/S32DS_ARM_v2018.R1/S32DS/arm_ewl2/lib/armv7e-m\librt.a
LOAD C:/NXP/S32DS_ARM_v2018.R1/S32DS/arm_ewl2/lib/armv7e-m\libnoio.a
END GROUP
LOAD C:/NXP/S32DS_ARM_v2018.R1/S32DS/arm_ewl2/lib/armv7e-m/__arm_end.o
                0x00000400                HEAP_SIZE = DEFINED (__heap_size__)?__heap_size__:0x400
                0x00000400                STACK_SIZE = DEFINED (__stack_size__)?__stack_size__:0x400
                0x00000400                M_VECTOR_RAM_SIZE = DEFINED (__flash_vector_table__)?0x0:0x400

.interrupts     0x00000000      0x400
                0x00000000                __VECTOR_TABLE = .
                0x00000000                . = ALIGN (0x4)
 *(.isr_vector)
 .isr_vector    0x00000000      0x400 ./Project_Settings/Startup_Code/startup_S32K144.o
                0x00000000                __isr_vector
                0x00000400                . = ALIGN (0x4)

.flash_config   0x00000400       0x10
                0x00000400                . = ALIGN (0x4)
 *(.FlashConfig)
 .FlashConfig   0x00000400       0x10 ./Project_Settings/Startup_Code/startup_S32K144.o
                0x00000410                . = ALIGN (0x4)

.text           0x00000410     0xbd78
                0x00000410                . = ALIGN (0x4)
 *(.text)
 .text          0x00000410       0x44 ./Project_Settings/Startup_Code/startup_S32K144.o
                0x00000410                Reset_Handler
                0x00000450                DebugMon_Handler
                0x00000450                Reserved88_IRQHandler
                0x00000450                HardFault_Handler
                0x00000450                Reserved86_IRQHandler
                0x00000450                Reserved103_IRQHandler
                0x00000450                FTM2_Ovf_Reload_IRQHandler
                0x00000450                Reserved50_IRQHandler
                0x00000450                FTFC_Fault_IRQHandler
                0x00000450                FTM0_Ch6_Ch7_IRQHandler
                0x00000450                Reserved114_IRQHandler
                0x00000450                PendSV_Handler
                0x00000450                NMI_Handler
                0x00000450                Reserved89_IRQHandler
                0x00000450                ERM_double_fault_IRQHandler
                0x00000450                Reserved59_IRQHandler
                0x00000450                LPIT0_Ch0_IRQHandler
                0x00000450                Reserved99_IRQHandler
                0x00000450                FTM3_Ch6_Ch7_IRQHandler
                0x00000450                LPIT0_Ch3_IRQHandler
                0x00000450                Reserved92_IRQHandler
                0x00000450                FTM0_Ch4_Ch5_IRQHandler
                0x00000450                FTM3_Ch0_Ch1_IRQHandler
                0x00000450                SWI_IRQHandler
                0x00000450                ADC0_IRQHandler
                0x00000450                FTM2_Ch4_Ch5_IRQHandler
                0x00000450                UsageFault_Handler
                0x00000450                FTM0_Ovf_Reload_IRQHandler
                0x00000450                DefaultISR
                0x00000450                Reserved58_IRQHandler
                0x00000450                FTM1_Ch2_Ch3_IRQHandler
                0x00000450                Reserved82_IRQHandler
                0x00000450                Reserved71_IRQHandler
                0x00000450                PORTD_IRQHandler
                0x00000450                Reserved69_IRQHandler
                0x00000450                PORTB_IRQHandler
                0x00000450                Reserved70_IRQHandler
                0x00000450                ADC1_IRQHandler
                0x00000450                FTM2_Ch2_Ch3_IRQHandler
                0x00000450                Reserved53_IRQHandler
                0x00000450                RTC_IRQHandler
                0x00000450                PDB0_IRQHandler
                0x00000450                Reserved54_IRQHandler
                0x00000450                FTM2_Ch6_Ch7_IRQHandler
                0x00000450                FTM3_Ch2_Ch3_IRQHandler
                0x00000450                FTM2_Ch0_Ch1_IRQHandler
                0x00000450                LPSPI1_IRQHandler
                0x00000450                LPUART1_RxTx_IRQHandler
                0x00000450                RTC_Seconds_IRQHandler
                0x00000450                Reserved72_IRQHandler
                0x00000450                Reserved110_IRQHandler
                0x00000450                Reserved107_IRQHandler
                0x00000450                Read_Collision_IRQHandler
                0x00000450                FTFC_IRQHandler
                0x00000450                FTM1_Ch6_Ch7_IRQHandler
                0x00000450                Reserved105_IRQHandler
                0x00000450                LPIT0_Ch1_IRQHandler
                0x00000450                FTM1_Ch4_Ch5_IRQHandler
                0x00000450                FTM3_Ovf_Reload_IRQHandler
                0x00000450                LPUART2_RxTx_IRQHandler
                0x00000450                LPSPI0_IRQHandler
                0x00000450                WDOG_EWM_IRQHandler
                0x00000450                MemManage_Handler
                0x00000450                Reserved90_IRQHandler
                0x00000450                Reserved83_IRQHandler
                0x00000450                FTM0_Fault_IRQHandler
                0x00000450                Reserved48_IRQHandler
                0x00000450                SVC_Handler
                0x00000450                ERM_single_fault_IRQHandler
                0x00000450                FTM2_Fault_IRQHandler
                0x00000450                FTM0_Ch2_Ch3_IRQHandler
                0x00000450                FTM0_Ch0_Ch1_IRQHandler
                0x00000450                FTM3_Fault_IRQHandler
                0x00000450                RCM_IRQHandler
                0x00000450                Reserved100_IRQHandler
                0x00000450                Reserved91_IRQHandler
                0x00000450                SCG_IRQHandler
                0x00000450                PDB1_IRQHandler
                0x00000450                Reserved81_IRQHandler
                0x00000450                Reserved46_IRQHandler
                0x00000450                Reserved45_IRQHandler
                0x00000450                Reserved112_IRQHandler
                0x00000450                FTM1_Fault_IRQHandler
                0x00000450                Reserved106_IRQHandler
                0x00000450                LVD_LVW_IRQHandler
                0x00000450                LPIT0_Ch2_IRQHandler
                0x00000450                PORTA_IRQHandler
                0x00000450                MCM_IRQHandler
                0x00000450                LPSPI2_IRQHandler
                0x00000450                FTM3_Ch4_Ch5_IRQHandler
                0x00000450                PORTE_IRQHandler
                0x00000450                LPUART0_RxTx_IRQHandler
                0x00000450                LPTMR0_IRQHandler
                0x00000450                BusFault_Handler
                0x00000450                Reserved87_IRQHandler
                0x00000450                Reserved93_IRQHandler
                0x00000450                CMP0_IRQHandler
                0x00000450                Reserved52_IRQHandler
                0x00000450                FTM1_Ch0_Ch1_IRQHandler
                0x00000450                FLEXIO_IRQHandler
                0x00000450                Reserved113_IRQHandler
 *(.text*)
 .text.main     0x00000454       0x24 ./Sources/main.o
                0x00000454                main
 .text.FTM1_Ovf_Reload_IRQHandler
                0x00000478       0x14 ./Sources/interrupt.o
                0x00000478                FTM1_Ovf_Reload_IRQHandler
 .text.PORTC_IRQHandler
                0x0000048c       0x7c ./Sources/interrupt.o
                0x0000048c                PORTC_IRQHandler
 .text.IsOver   0x00000508       0x74 ./Sources/hal/safety.o
 .text.SafetyMonitor
                0x0000057c       0x64 ./Sources/hal/safety.o
                0x0000057c                SafetyMonitor
 .text.FTM_DRV_SetMod
                0x000005e0       0x28 ./Sources/hal/pid.o
 .text.FTM_DRV_SetSoftwareTriggerCmd
                0x00000608       0x2c ./Sources/hal/pid.o
 .text.FitRange
                0x00000634       0x34 ./Sources/hal/pid.o
                0x00000634                FitRange
 .text.CalculateNewFrequency
                0x00000668       0xec ./Sources/hal/pid.o
                0x00000668                CalculateNewFrequency
 .text.ResetPID
                0x00000754       0x2c ./Sources/hal/pid.o
                0x00000754                ResetPID
 .text.GetInstantValue
                0x00000780       0x38 ./Sources/hal/measure.o
                0x00000780                GetInstantValue
 .text.InitMeasurement
                0x000007b8       0x4c ./Sources/hal/measure.o
                0x000007b8                InitMeasurement
 .text.MeasureAll
                0x00000804       0x9c ./Sources/hal/measure.o
                0x00000804                MeasureAll
 .text.GetFilteredMeasurement
                0x000008a0       0x24 ./Sources/hal/measure.o
                0x000008a0                GetFilteredMeasurement
 .text.HAL_Init
                0x000008c4      0x114 ./Sources/hal/hal.o
                0x000008c4                HAL_Init
 .text.HAL_CANInit
                0x000009d8       0x4c ./Sources/hal/hal.o
                0x000009d8                HAL_CANInit
 .text.HAL_SetPwmPeriod
                0x00000a24       0x1c ./Sources/hal/hal.o
                0x00000a24                HAL_SetPwmPeriod
 .text.HAL_GetAdcSampleData
                0x00000a40      0x15c ./Sources/hal/hal.o
                0x00000a40                HAL_GetAdcSampleData
 .text.HAL_GetBatteryVoltage
                0x00000b9c       0x10 ./Sources/hal/hal.o
                0x00000b9c                HAL_GetBatteryVoltage
 .text.HAL_GetCurrentOffset
                0x00000bac       0x18 ./Sources/hal/hal.o
                0x00000bac                HAL_GetCurrentOffset
 .text.HAL_GetInputCurrent
                0x00000bc4       0x4c ./Sources/hal/hal.o
                0x00000bc4                HAL_GetInputCurrent
 .text.HAL_GetTemp5
                0x00000c10       0x10 ./Sources/hal/hal.o
                0x00000c10                HAL_GetTemp5
 .text.HAL_GetTemp6
                0x00000c20       0x10 ./Sources/hal/hal.o
                0x00000c20                HAL_GetTemp6
 .text.HAL_GetTemp7
                0x00000c30       0x10 ./Sources/hal/hal.o
                0x00000c30                HAL_GetTemp7
 .text.GetMaxValue
                0x00000c40       0x40 ./Sources/hal/hal.o
 .text.HAL_GetPingCurrent
                0x00000c80       0x2c ./Sources/hal/hal.o
                0x00000c80                HAL_GetPingCurrent
 .text.HAL_EnablePower
                0x00000cac       0x20 ./Sources/hal/hal.o
                0x00000cac                HAL_EnablePower
 .text.HAL_DisablePower
                0x00000ccc       0x20 ./Sources/hal/hal.o
                0x00000ccc                HAL_DisablePower
 .text.HAL_DetectObject
                0x00000cec       0x48 ./Sources/hal/hal.o
                0x00000cec                HAL_DetectObject
 .text.HAL_UartSendCommand
                0x00000d34       0x1c ./Sources/hal/hal.o
                0x00000d34                HAL_UartSendCommand
 .text.GetPacketMessage
                0x00000d50       0x94 ./Sources/hal/Packet.o
                0x00000d50                GetPacketMessage
 .text.GetTransmitterPower
                0x00000de4       0x38 ./Sources/hal/ObjectDetection.o
                0x00000de4                GetTransmitterPower
 .text.GetReceiverPower
                0x00000e1c       0x8c ./Sources/hal/ObjectDetection.o
 .text.GetAvgRevPower
                0x00000ea8       0xb0 ./Sources/hal/ObjectDetection.o
                0x00000ea8                GetAvgRevPower
 .text.StartAvgRevPower
                0x00000f58       0x54 ./Sources/hal/ObjectDetection.o
                0x00000f58                StartAvgRevPower
 .text.InitFodLossValue
                0x00000fac       0x24 ./Sources/hal/ObjectDetection.o
                0x00000fac                InitFodLossValue
 .text.ResetFodCounter
                0x00000fd0       0x20 ./Sources/hal/ObjectDetection.o
                0x00000fd0                ResetFodCounter
 .text.variable_clear
                0x00000ff0       0x6c ./Sources/hal/CommDec.o
                0x00000ff0                variable_clear
 .text.CodeDecoder
                0x0000105c       0xa8 ./Sources/hal/CommDec.o
                0x0000105c                CodeDecoder
 .text.CommDecoder
                0x00001104      0x394 ./Sources/hal/CommDec.o
                0x00001104                CommDecoder
 .text.ST_TimerUpdate
                0x00001498       0x50 ./Sources/app/systemTimers.o
                0x00001498                ST_TimerUpdate
 .text.ST_GetTimerTick
                0x000014e8       0x18 ./Sources/app/systemTimers.o
                0x000014e8                ST_GetTimerTick
 .text.ST_GetUsTimerTick
                0x00001500       0x18 ./Sources/app/systemTimers.o
                0x00001500                ST_GetUsTimerTick
 .text.ST_GetElapasedTime
                0x00001518       0x38 ./Sources/app/systemTimers.o
                0x00001518                ST_GetElapasedTime
 .text.ST_WaitMs
                0x00001550       0x2c ./Sources/app/systemTimers.o
                0x00001550                ST_WaitMs
 .text.StopAllTimers
                0x0000157c       0x34 ./Sources/app/systemTimers.o
                0x0000157c                StopAllTimers
 .text.StopTimer1
                0x000015b0       0x18 ./Sources/app/systemTimers.o
                0x000015b0                StopTimer1
 .text.StartTimer1
                0x000015c8       0x34 ./Sources/app/systemTimers.o
                0x000015c8                StartTimer1
 .text.RestartTimer1
                0x000015fc       0x18 ./Sources/app/systemTimers.o
                0x000015fc                RestartTimer1
 .text.IsTimer1Expired
                0x00001614       0x40 ./Sources/app/systemTimers.o
                0x00001614                IsTimer1Expired
 .text.StartTimer2
                0x00001654       0x34 ./Sources/app/systemTimers.o
                0x00001654                StartTimer2
 .text.RestartTimer2
                0x00001688       0x18 ./Sources/app/systemTimers.o
                0x00001688                RestartTimer2
 .text.IsTimer2Expired
                0x000016a0       0x40 ./Sources/app/systemTimers.o
                0x000016a0                IsTimer2Expired
 .text.StopTimer3
                0x000016e0       0x18 ./Sources/app/systemTimers.o
                0x000016e0                StopTimer3
 .text.StartTimer3
                0x000016f8       0x34 ./Sources/app/systemTimers.o
                0x000016f8                StartTimer3
 .text.IsTimer3Expired
                0x0000172c       0x40 ./Sources/app/systemTimers.o
                0x0000172c                IsTimer3Expired
 .text.StopTimer4
                0x0000176c       0x18 ./Sources/app/systemTimers.o
                0x0000176c                StopTimer4
 .text.STerminateEntry
                0x00001784       0x94 ./Sources/app/systemTerminate.o
                0x00001784                STerminateEntry
 .text.STerminateExit
                0x00001818        0xc ./Sources/app/systemTerminate.o
                0x00001818                STerminateExit
 .text.STerminateAction
                0x00001824      0x11c ./Sources/app/systemTerminate.o
                0x00001824                STerminateAction
 .text.GetCodeEPT
                0x00001940       0x18 ./Sources/app/systemTerminate.o
                0x00001940                GetCodeEPT
 .text.GetEvent
                0x00001958       0x48 ./Sources/app/systemTask.o
                0x00001958                GetEvent
 .text.KeyChargeRun
                0x000019a0       0xd4 ./Sources/app/systemTask.o
 .text.AppTask_1msHandle
                0x00001a74       0x34 ./Sources/app/systemTask.o
 .text.AppTask_10msHandle
                0x00001aa8       0x14 ./Sources/app/systemTask.o
 .text.AppTask_100msHandle
                0x00001abc        0xc ./Sources/app/systemTask.o
 .text.AppTask_1secHandler
                0x00001ac8        0xc ./Sources/app/systemTask.o
 .text.AppTask_1minHandler
                0x00001ad4        0xc ./Sources/app/systemTask.o
 .text.AppTask_Poll
                0x00001ae0      0x17c ./Sources/app/systemTask.o
                0x00001ae0                AppTask_Poll
 .text.KeyChargeStateInit
                0x00001c5c       0x18 ./Sources/app/systemTask.o
                0x00001c5c                KeyChargeStateInit
 .text.KeyChargeSelectionEntry
                0x00001c74       0x20 ./Sources/app/systemTask.o
                0x00001c74                KeyChargeSelectionEntry
 .text.SSelectionEntry
                0x00001c94       0x2c ./Sources/app/systemSelection.o
                0x00001c94                SSelectionEntry
 .text.SSelectionExit
                0x00001cc0        0xc ./Sources/app/systemSelection.o
                0x00001cc0                SSelectionExit
 .text.SSelectionAction
                0x00001ccc       0x68 ./Sources/app/systemSelection.o
                0x00001ccc                SSelectionAction
 .text.SSafeEntry
                0x00001d34       0x68 ./Sources/app/systemSafe.o
                0x00001d34                SSafeEntry
 .text.SSafeExit
                0x00001d9c        0xc ./Sources/app/systemSafe.o
                0x00001d9c                SSafeExit
 .text.IsRxDetected
                0x00001da8       0x54 ./Sources/app/systemSafe.o
                0x00001da8                IsRxDetected
 .text.IsOverCurrent
                0x00001dfc       0x30 ./Sources/app/systemSafe.o
 .text.SSafeAction
                0x00001e2c       0x68 ./Sources/app/systemSafe.o
                0x00001e2c                SSafeAction
 .text.SPowerTransEntry
                0x00001e94       0x50 ./Sources/app/systemPowerTrans.o
                0x00001e94                SPowerTransEntry
 .text.SPowerTransExit
                0x00001ee4        0xc ./Sources/app/systemPowerTrans.o
                0x00001ee4                SPowerTransExit
 .text.SPowerTransAction
                0x00001ef0       0xfc ./Sources/app/systemPowerTrans.o
                0x00001ef0                SPowerTransAction
 .text.SPowerTansSetHoldOfftime
                0x00001fec       0x20 ./Sources/app/systemPowerTrans.o
                0x00001fec                SPowerTansSetHoldOfftime
 .text.GetRecvPower
                0x0000200c       0x18 ./Sources/app/systemPowerTrans.o
                0x0000200c                GetRecvPower
 .text.SPingEntry
                0x00002024       0x40 ./Sources/app/systemPing.o
                0x00002024                SPingEntry
 .text.SPingExit
                0x00002064        0xc ./Sources/app/systemPing.o
                0x00002064                SPingExit
 .text.SPingAction
                0x00002070       0x84 ./Sources/app/systemPing.o
                0x00002070                SPingAction
 .text.SIdentConfigEntry
                0x000020f4       0x6c ./Sources/app/systemIdConfig.o
                0x000020f4                SIdentConfigEntry
 .text.SIdentConfigExit
                0x00002160        0xc ./Sources/app/systemIdConfig.o
                0x00002160                SIdentConfigExit
 .text.SIdentConfigAction
                0x0000216c      0x174 ./Sources/app/systemIdConfig.o
                0x0000216c                SIdentConfigAction
 .text.osif_Tick
                0x000022e0       0x1c ./SDK/rtos/osif/osif_baremetal.o
 .text.SysTick_Handler
                0x000022fc        0xc ./SDK/rtos/osif/osif_baremetal.o
                0x000022fc                SysTick_Handler
 .text.osif_DisableIrqGlobal
                0x00002308        0xc ./SDK/rtos/osif/osif_baremetal.o
 .text.osif_EnableIrqGlobal
                0x00002314        0xc ./SDK/rtos/osif/osif_baremetal.o
 .text.OSIF_SemaPost
                0x00002320       0x3c ./SDK/rtos/osif/osif_baremetal.o
                0x00002320                OSIF_SemaPost
 .text.OSIF_SemaCreate
                0x0000235c       0x24 ./SDK/rtos/osif/osif_baremetal.o
                0x0000235c                OSIF_SemaCreate
 .text.OSIF_SemaDestroy
                0x00002380       0x18 ./SDK/rtos/osif/osif_baremetal.o
                0x00002380                OSIF_SemaDestroy
 .text.PINS_GPIO_WritePin
                0x00002398       0x44 ./SDK/platform/drivers/src/pins/pins_port_hw_access.o
 .text.PINS_Init
                0x000023dc      0x1a0 ./SDK/platform/drivers/src/pins/pins_port_hw_access.o
                0x000023dc                PINS_Init
 .text.PINS_GPIO_SetPinsDirection
                0x0000257c       0x1c ./SDK/platform/drivers/src/pins/pins_driver.o
 .text.PINS_GPIO_SetPins
                0x00002598       0x1c ./SDK/platform/drivers/src/pins/pins_driver.o
 .text.PINS_GPIO_ClearPins
                0x000025b4       0x1c ./SDK/platform/drivers/src/pins/pins_driver.o
 .text.PINS_SetPinIntSel
                0x000025d0       0x44 ./SDK/platform/drivers/src/pins/pins_driver.o
 .text.PINS_ClearPinIntFlagCmd
                0x00002614       0x38 ./SDK/platform/drivers/src/pins/pins_driver.o
 .text.PINS_DRV_Init
                0x0000264c       0x50 ./SDK/platform/drivers/src/pins/pins_driver.o
                0x0000264c                PINS_DRV_Init
 .text.PINS_DRV_SetPinIntSel
                0x0000269c       0x20 ./SDK/platform/drivers/src/pins/pins_driver.o
                0x0000269c                PINS_DRV_SetPinIntSel
 .text.PINS_DRV_ClearPinIntFlagCmd
                0x000026bc       0x18 ./SDK/platform/drivers/src/pins/pins_driver.o
                0x000026bc                PINS_DRV_ClearPinIntFlagCmd
 .text.PINS_DRV_SetPinsDirection
                0x000026d4       0x18 ./SDK/platform/drivers/src/pins/pins_driver.o
                0x000026d4                PINS_DRV_SetPinsDirection
 .text.PINS_DRV_SetPins
                0x000026ec       0x18 ./SDK/platform/drivers/src/pins/pins_driver.o
                0x000026ec                PINS_DRV_SetPins
 .text.PINS_DRV_ClearPins
                0x00002704       0x18 ./SDK/platform/drivers/src/pins/pins_driver.o
                0x00002704                PINS_DRV_ClearPins
 .text.LPUART0_IrqHandler
                0x0000271c        0xc ./SDK/platform/drivers/src/lpuart/lpuart_irq.o
                0x0000271c                LPUART0_IrqHandler
 .text.LPUART1_IrqHandler
                0x00002728        0xc ./SDK/platform/drivers/src/lpuart/lpuart_irq.o
                0x00002728                LPUART1_IrqHandler
 .text.LPUART2_IrqHandler
                0x00002734        0xc ./SDK/platform/drivers/src/lpuart/lpuart_irq.o
                0x00002734                LPUART2_IrqHandler
 .text.LPUART_Init
                0x00002740       0x48 ./SDK/platform/drivers/src/lpuart/lpuart_hw_access.o
                0x00002740                LPUART_Init
 .text.LPUART_SetBitCountPerChar
                0x00002788       0x48 ./SDK/platform/drivers/src/lpuart/lpuart_hw_access.o
                0x00002788                LPUART_SetBitCountPerChar
 .text.LPUART_SetParityMode
                0x000027d0       0x40 ./SDK/platform/drivers/src/lpuart/lpuart_hw_access.o
                0x000027d0                LPUART_SetParityMode
 .text.LPUART_Putchar9
                0x00002810       0x44 ./SDK/platform/drivers/src/lpuart/lpuart_hw_access.o
                0x00002810                LPUART_Putchar9
 .text.LPUART_Putchar10
                0x00002854       0x68 ./SDK/platform/drivers/src/lpuart/lpuart_hw_access.o
                0x00002854                LPUART_Putchar10
 .text.LPUART_Getchar9
                0x000028bc       0x40 ./SDK/platform/drivers/src/lpuart/lpuart_hw_access.o
                0x000028bc                LPUART_Getchar9
 .text.LPUART_Getchar10
                0x000028fc       0x5c ./SDK/platform/drivers/src/lpuart/lpuart_hw_access.o
                0x000028fc                LPUART_Getchar10
 .text.LPUART_SetIntMode
                0x00002958      0x188 ./SDK/platform/drivers/src/lpuart/lpuart_hw_access.o
                0x00002958                LPUART_SetIntMode
 .text.LPUART_GetIntMode
                0x00002ae0      0x108 ./SDK/platform/drivers/src/lpuart/lpuart_hw_access.o
                0x00002ae0                LPUART_GetIntMode
 .text.LPUART_GetStatusFlag
                0x00002be8      0x108 ./SDK/platform/drivers/src/lpuart/lpuart_hw_access.o
                0x00002be8                LPUART_GetStatusFlag
 .text.LPUART_ClearStatusFlag
                0x00002cf0      0x1a8 ./SDK/platform/drivers/src/lpuart/lpuart_hw_access.o
                0x00002cf0                LPUART_ClearStatusFlag
 .text.LPUART_SetTransmitterCmd
                0x00002e98       0x50 ./SDK/platform/drivers/src/lpuart/lpuart_driver.o
 .text.LPUART_SetReceiverCmd
                0x00002ee8       0x50 ./SDK/platform/drivers/src/lpuart/lpuart_driver.o
 .text.LPUART_SetBaudRateDivisor
                0x00002f38       0x38 ./SDK/platform/drivers/src/lpuart/lpuart_driver.o
 .text.LPUART_SetOversamplingRatio
                0x00002f70       0x38 ./SDK/platform/drivers/src/lpuart/lpuart_driver.o
 .text.LPUART_SetBothEdgeSamplingCmd
                0x00002fa8       0x34 ./SDK/platform/drivers/src/lpuart/lpuart_driver.o
 .text.LPUART_SetStopBitCount
                0x00002fdc       0x28 ./SDK/platform/drivers/src/lpuart/lpuart_driver.o
 .text.LPUART_SetTxDmaCmd
                0x00003004       0x34 ./SDK/platform/drivers/src/lpuart/lpuart_driver.o
 .text.LPUART_Putchar
                0x00003038       0x24 ./SDK/platform/drivers/src/lpuart/lpuart_driver.o
 .text.LPUART_Getchar
                0x0000305c       0x20 ./SDK/platform/drivers/src/lpuart/lpuart_driver.o
 .text.LPUART_DRV_Init
                0x0000307c      0x13c ./SDK/platform/drivers/src/lpuart/lpuart_driver.o
                0x0000307c                LPUART_DRV_Init
 .text.LPUART_DRV_SendData
                0x000031b8       0x58 ./SDK/platform/drivers/src/lpuart/lpuart_driver.o
                0x000031b8                LPUART_DRV_SendData
 .text.LPUART_DRV_SetBaudRate
                0x00003210      0x108 ./SDK/platform/drivers/src/lpuart/lpuart_driver.o
                0x00003210                LPUART_DRV_SetBaudRate
 .text.LPUART_DRV_IRQHandler
                0x00003318      0x190 ./SDK/platform/drivers/src/lpuart/lpuart_driver.o
                0x00003318                LPUART_DRV_IRQHandler
 .text.LPUART_DRV_StartSendDataUsingInt
                0x000034a8       0x68 ./SDK/platform/drivers/src/lpuart/lpuart_driver.o
 .text.LPUART_DRV_StartSendDataUsingDma
                0x00003510       0xa4 ./SDK/platform/drivers/src/lpuart/lpuart_driver.o
 .text.LPUART_DRV_CompleteSendDataUsingInt
                0x000035b4       0x58 ./SDK/platform/drivers/src/lpuart/lpuart_driver.o
 .text.LPUART_DRV_CompleteSendDataUsingDma
                0x0000360c       0x84 ./SDK/platform/drivers/src/lpuart/lpuart_driver.o
 .text.LPUART_DRV_CompleteReceiveDataUsingInt
                0x00003690       0x68 ./SDK/platform/drivers/src/lpuart/lpuart_driver.o
 .text.LPUART_DRV_PutData
                0x000036f8       0x9c ./SDK/platform/drivers/src/lpuart/lpuart_driver.o
 .text.LPUART_DRV_GetData
                0x00003794       0x98 ./SDK/platform/drivers/src/lpuart/lpuart_driver.o
 .text.LPI2C0_Master_IRQHandler
                0x0000382c        0xc ./SDK/platform/drivers/src/lpi2c/lpi2c_irq.o
                0x0000382c                LPI2C0_Master_IRQHandler
 .text.LPI2C0_Slave_IRQHandler
                0x00003838        0xc ./SDK/platform/drivers/src/lpi2c/lpi2c_irq.o
                0x00003838                LPI2C0_Slave_IRQHandler
 .text.LPI2C_Get_MasterTxFIFOSize
                0x00003844       0x30 ./SDK/platform/drivers/src/lpi2c/lpi2c_driver.o
 .text.LPI2C_Reset_MasterRxFIFOCmd
                0x00003874       0x30 ./SDK/platform/drivers/src/lpi2c/lpi2c_driver.o
 .text.LPI2C_Reset_MasterTxFIFOCmd
                0x000038a4       0x30 ./SDK/platform/drivers/src/lpi2c/lpi2c_driver.o
 .text.LPI2C_Get_MasterReceiveDataReadyEvent
                0x000038d4       0x30 ./SDK/platform/drivers/src/lpi2c/lpi2c_driver.o
 .text.LPI2C_Get_MasterTransmitDataRequestEvent
                0x00003904       0x30 ./SDK/platform/drivers/src/lpi2c/lpi2c_driver.o
 .text.LPI2C_Get_MasterFIFOErrorEvent
                0x00003934       0x30 ./SDK/platform/drivers/src/lpi2c/lpi2c_driver.o
 .text.LPI2C_Get_MasterArbitrationLostEvent
                0x00003964       0x30 ./SDK/platform/drivers/src/lpi2c/lpi2c_driver.o
 .text.LPI2C_Get_MasterNACKDetectEvent
                0x00003994       0x30 ./SDK/platform/drivers/src/lpi2c/lpi2c_driver.o
 .text.LPI2C_Clear_MasterFIFOErrorEvent
                0x000039c4       0x1c ./SDK/platform/drivers/src/lpi2c/lpi2c_driver.o
 .text.LPI2C_Clear_MasterArbitrationLostEvent
                0x000039e0       0x1c ./SDK/platform/drivers/src/lpi2c/lpi2c_driver.o
 .text.LPI2C_Clear_MasterNACKDetectEvent
                0x000039fc       0x1c ./SDK/platform/drivers/src/lpi2c/lpi2c_driver.o
 .text.LPI2C_Set_MasterRxDMA
                0x00003a18       0x38 ./SDK/platform/drivers/src/lpi2c/lpi2c_driver.o
 .text.LPI2C_Set_MasterTxDMA
                0x00003a50       0x34 ./SDK/platform/drivers/src/lpi2c/lpi2c_driver.o
 .text.LPI2C_Set_MasterInt
                0x00003a84       0x40 ./SDK/platform/drivers/src/lpi2c/lpi2c_driver.o
 .text.LPI2C_Set_MasterRxFIFOWatermark
                0x00003ac4       0x38 ./SDK/platform/drivers/src/lpi2c/lpi2c_driver.o
 .text.LPI2C_Get_MasterRxFIFOWatermark
                0x00003afc       0x28 ./SDK/platform/drivers/src/lpi2c/lpi2c_driver.o
 .text.LPI2C_Get_MasterRxFIFOCount
                0x00003b24       0x28 ./SDK/platform/drivers/src/lpi2c/lpi2c_driver.o
 .text.LPI2C_Get_MasterTxFIFOCount
                0x00003b4c       0x28 ./SDK/platform/drivers/src/lpi2c/lpi2c_driver.o
 .text.LPI2C_Cmd_MasterTransmit
                0x00003b74       0x28 ./SDK/platform/drivers/src/lpi2c/lpi2c_driver.o
 .text.LPI2C_Get_MasterRxData
                0x00003b9c       0x24 ./SDK/platform/drivers/src/lpi2c/lpi2c_driver.o
 .text.LPI2C_Set_SlaveEnable
                0x00003bc0       0x38 ./SDK/platform/drivers/src/lpi2c/lpi2c_driver.o
 .text.LPI2C_Get_SlaveFIFOErrorEvent
                0x00003bf8       0x34 ./SDK/platform/drivers/src/lpi2c/lpi2c_driver.o
 .text.LPI2C_Get_SlaveBitErrorEvent
                0x00003c2c       0x34 ./SDK/platform/drivers/src/lpi2c/lpi2c_driver.o
 .text.LPI2C_Get_SlaveSTOPDetectEvent
                0x00003c60       0x34 ./SDK/platform/drivers/src/lpi2c/lpi2c_driver.o
 .text.LPI2C_Get_SlaveRepeatedStartEvent
                0x00003c94       0x34 ./SDK/platform/drivers/src/lpi2c/lpi2c_driver.o
 .text.LPI2C_Get_SlaveAddressValidEvent
                0x00003cc8       0x34 ./SDK/platform/drivers/src/lpi2c/lpi2c_driver.o
 .text.LPI2C_Get_SlaveReceiveDataEvent
                0x00003cfc       0x34 ./SDK/platform/drivers/src/lpi2c/lpi2c_driver.o
 .text.LPI2C_Get_SlaveTransmitDataEvent
                0x00003d30       0x30 ./SDK/platform/drivers/src/lpi2c/lpi2c_driver.o
 .text.LPI2C_Clear_SlaveFIFOErrorEvent
                0x00003d60       0x1c ./SDK/platform/drivers/src/lpi2c/lpi2c_driver.o
 .text.LPI2C_Clear_SlaveBitErrorEvent
                0x00003d7c       0x1c ./SDK/platform/drivers/src/lpi2c/lpi2c_driver.o
 .text.LPI2C_Clear_SlaveSTOPDetectEvent
                0x00003d98       0x1c ./SDK/platform/drivers/src/lpi2c/lpi2c_driver.o
 .text.LPI2C_Clear_SlaveRepeatedStartEvent
                0x00003db4       0x1c ./SDK/platform/drivers/src/lpi2c/lpi2c_driver.o
 .text.LPI2C_Set_SlaveInt
                0x00003dd0       0x44 ./SDK/platform/drivers/src/lpi2c/lpi2c_driver.o
 .text.LPI2C_Get_SlaveInt
                0x00003e14       0x34 ./SDK/platform/drivers/src/lpi2c/lpi2c_driver.o
 .text.LPI2C_Set_SlaveRxDMA
                0x00003e48       0x3c ./SDK/platform/drivers/src/lpi2c/lpi2c_driver.o
 .text.LPI2C_Set_SlaveTxDMA
                0x00003e84       0x38 ./SDK/platform/drivers/src/lpi2c/lpi2c_driver.o
 .text.LPI2C_Get_SlaveReceivedAddr
                0x00003ebc       0x28 ./SDK/platform/drivers/src/lpi2c/lpi2c_driver.o
 .text.LPI2C_Transmit_SlaveData
                0x00003ee4       0x20 ./SDK/platform/drivers/src/lpi2c/lpi2c_driver.o
 .text.LPI2C_Get_SlaveData
                0x00003f04       0x28 ./SDK/platform/drivers/src/lpi2c/lpi2c_driver.o
 .text.LPI2C_DRV_MasterCmdQueueEmpty
                0x00003f2c       0x28 ./SDK/platform/drivers/src/lpi2c/lpi2c_driver.o
 .text.LPI2C_DRV_MasterResetQueue
                0x00003f54       0x20 ./SDK/platform/drivers/src/lpi2c/lpi2c_driver.o
 .text.LPI2C_DRV_MasterSendQueuedCmd
                0x00003f74       0x88 ./SDK/platform/drivers/src/lpi2c/lpi2c_driver.o
 .text.LPI2C_DRV_MasterQueueData
                0x00003ffc       0x70 ./SDK/platform/drivers/src/lpi2c/lpi2c_driver.o
 .text.LPI2C_DRV_MasterEndTransfer
                0x0000406c       0x90 ./SDK/platform/drivers/src/lpi2c/lpi2c_driver.o
 .text.LPI2C_DRV_SlaveEndTransfer
                0x000040fc       0x64 ./SDK/platform/drivers/src/lpi2c/lpi2c_driver.o
 .text.LPI2C_DRV_ConfigureDmaTransfer
                0x00004160       0x98 ./SDK/platform/drivers/src/lpi2c/lpi2c_driver.o
 .text.LPI2C_DRV_SlaveStartDmaTransfer
                0x000041f8       0xb0 ./SDK/platform/drivers/src/lpi2c/lpi2c_driver.o
 .text.LPI2C_DRV_MasterHandleTransmitDataRequest
                0x000042a8       0x94 ./SDK/platform/drivers/src/lpi2c/lpi2c_driver.o
 .text.LPI2C_DRV_MasterHandleReceiveDataReadyEvent
                0x0000433c       0xb8 ./SDK/platform/drivers/src/lpi2c/lpi2c_driver.o
 .text.LPI2C_DRV_SlaveHandleAddressValidEvent
                0x000043f4       0xb4 ./SDK/platform/drivers/src/lpi2c/lpi2c_driver.o
 .text.LPI2C_DRV_SlaveHandleTransmitDataEvent
                0x000044a8       0x78 ./SDK/platform/drivers/src/lpi2c/lpi2c_driver.o
 .text.LPI2C_DRV_SlaveHandleReceiveDataEvent
                0x00004520       0x68 ./SDK/platform/drivers/src/lpi2c/lpi2c_driver.o
 .text.LPI2C_DRV_MasterIRQHandler
                0x00004588      0x13c ./SDK/platform/drivers/src/lpi2c/lpi2c_driver.o
                0x00004588                LPI2C_DRV_MasterIRQHandler
 .text.LPI2C_DRV_SlaveIRQHandler
                0x000046c4      0x200 ./SDK/platform/drivers/src/lpi2c/lpi2c_driver.o
                0x000046c4                LPI2C_DRV_SlaveIRQHandler
 .text.INT_SYS_InstallHandler
                0x000048c4       0x44 ./SDK/platform/drivers/src/interrupt/interrupt_manager.o
                0x000048c4                INT_SYS_InstallHandler
 .text.INT_SYS_EnableIRQ
                0x00004908       0x30 ./SDK/platform/drivers/src/interrupt/interrupt_manager.o
                0x00004908                INT_SYS_EnableIRQ
 .text.INT_SYS_DisableIRQ
                0x00004938       0x34 ./SDK/platform/drivers/src/interrupt/interrupt_manager.o
                0x00004938                INT_SYS_DisableIRQ
 .text.INT_SYS_EnableIRQGlobal
                0x0000496c       0x2c ./SDK/platform/drivers/src/interrupt/interrupt_manager.o
                0x0000496c                INT_SYS_EnableIRQGlobal
 .text.INT_SYS_DisableIRQGlobal
                0x00004998       0x1c ./SDK/platform/drivers/src/interrupt/interrupt_manager.o
                0x00004998                INT_SYS_DisableIRQGlobal
 .text.FTM_DRV_GetMod
                0x000049b4       0x1c ./SDK/platform/drivers/src/ftm/ftm_pwm_driver.o
 .text.FTM_DRV_SetClockSource
                0x000049d0       0x2c ./SDK/platform/drivers/src/ftm/ftm_pwm_driver.o
 .text.FTM_DRV_EnablePwmChannelOutputs
                0x000049fc       0x38 ./SDK/platform/drivers/src/ftm/ftm_pwm_driver.o
 .text.FTM_DRV_DisablePwmChannelOutputs
                0x00004a34       0x34 ./SDK/platform/drivers/src/ftm/ftm_pwm_driver.o
 .text.FTM_DRV_ClearTimerOverflow
                0x00004a68       0x24 ./SDK/platform/drivers/src/ftm/ftm_pwm_driver.o
 .text.FTM_DRV_SetCpwms
                0x00004a8c       0x2c ./SDK/platform/drivers/src/ftm/ftm_pwm_driver.o
 .text.FTM_DRV_GetCpwms
                0x00004ab8       0x28 ./SDK/platform/drivers/src/ftm/ftm_pwm_driver.o
 .text.FTM_DRV_GetClockSource
                0x00004ae0       0x20 ./SDK/platform/drivers/src/ftm/ftm_pwm_driver.o
 .text.FTM_DRV_SetMod
                0x00004b00       0x28 ./SDK/platform/drivers/src/ftm/ftm_pwm_driver.o
 .text.FTM_DRV_SetCounterInitVal
                0x00004b28       0x28 ./SDK/platform/drivers/src/ftm/ftm_pwm_driver.o
 .text.FTM_DRV_SetChnMSnBAMode
                0x00004b50       0x70 ./SDK/platform/drivers/src/ftm/ftm_pwm_driver.o
 .text.FTM_DRV_SetChnEdgeLevel
                0x00004bc0       0x70 ./SDK/platform/drivers/src/ftm/ftm_pwm_driver.o
 .text.FTM_DRV_SetChnCountVal
                0x00004c30       0x28 ./SDK/platform/drivers/src/ftm/ftm_pwm_driver.o
 .text.FTM_DRV_SetChnOutputPolarityCmd
                0x00004c58       0x48 ./SDK/platform/drivers/src/ftm/ftm_pwm_driver.o
 .text.FTM_DRV_SetChnFaultInputPolarityCmd
                0x00004ca0       0x50 ./SDK/platform/drivers/src/ftm/ftm_pwm_driver.o
 .text.FTM_DRV_SetFaultInt
                0x00004cf0       0x2c ./SDK/platform/drivers/src/ftm/ftm_pwm_driver.o
 .text.FTM_DRV_SetFaultControlMode
                0x00004d1c       0x2c ./SDK/platform/drivers/src/ftm/ftm_pwm_driver.o
 .text.FTM_DRV_SetInitChnOutputCmd
                0x00004d48       0x2c ./SDK/platform/drivers/src/ftm/ftm_pwm_driver.o
 .text.FTM_DRV_SetWriteProtectionCmd
                0x00004d74       0x38 ./SDK/platform/drivers/src/ftm/ftm_pwm_driver.o
 .text.FTM_DRV_Enable
                0x00004dac       0x28 ./SDK/platform/drivers/src/ftm/ftm_pwm_driver.o
 .text.FTM_DRV_SetPwmSyncMode
                0x00004dd4       0x2c ./SDK/platform/drivers/src/ftm/ftm_pwm_driver.o
 .text.FTM_DRV_SetSoftwareTriggerCmd
                0x00004e00       0x2c ./SDK/platform/drivers/src/ftm/ftm_pwm_driver.o
 .text.FTM_DRV_SetDualChnMofCombineCmd
                0x00004e2c       0x4c ./SDK/platform/drivers/src/ftm/ftm_pwm_driver.o
 .text.FTM_DRV_SetDualChnFaultCmd
                0x00004e78       0x4c ./SDK/platform/drivers/src/ftm/ftm_pwm_driver.o
 .text.FTM_DRV_SetDualChnPwmSyncCmd
                0x00004ec4       0x4c ./SDK/platform/drivers/src/ftm/ftm_pwm_driver.o
 .text.FTM_DRV_SetDualChnDeadtimeCmd
                0x00004f10       0x4c ./SDK/platform/drivers/src/ftm/ftm_pwm_driver.o
 .text.FTM_DRV_SetDualEdgeCaptureCmd
                0x00004f5c       0x4c ./SDK/platform/drivers/src/ftm/ftm_pwm_driver.o
 .text.FTM_DRV_SetDualChnCompCmd
                0x00004fa8       0x4c ./SDK/platform/drivers/src/ftm/ftm_pwm_driver.o
 .text.FTM_DRV_SetDualChnCombineCmd
                0x00004ff4       0x4c ./SDK/platform/drivers/src/ftm/ftm_pwm_driver.o
 .text.FTM_DRV_GetDualChnCombineCmd
                0x00005040       0x34 ./SDK/platform/drivers/src/ftm/ftm_pwm_driver.o
 .text.FTM_DRV_GetDualChnMofCombineCmd
                0x00005074       0x34 ./SDK/platform/drivers/src/ftm/ftm_pwm_driver.o
 .text.FTM_DRV_SetDeadtimePrescale
                0x000050a8       0x2c ./SDK/platform/drivers/src/ftm/ftm_pwm_driver.o
 .text.FTM_DRV_SetDeadtimeCount
                0x000050d4       0x2c ./SDK/platform/drivers/src/ftm/ftm_pwm_driver.o
 .text.FTM_DRV_SetFaultInputFilterVal
                0x00005100       0x2c ./SDK/platform/drivers/src/ftm/ftm_pwm_driver.o
 .text.FTM_DRV_SetFaultInputFilterCmd
                0x0000512c       0x4c ./SDK/platform/drivers/src/ftm/ftm_pwm_driver.o
 .text.FTM_DRV_SetFaultInputCmd
                0x00005178       0x48 ./SDK/platform/drivers/src/ftm/ftm_pwm_driver.o
 .text.FTM_DRV_SetPwmFaultBehavior
                0x000051c0       0x38 ./SDK/platform/drivers/src/ftm/ftm_pwm_driver.o
 .text.FTM_DRV_InitPwm
                0x000051f8      0x610 ./SDK/platform/drivers/src/ftm/ftm_pwm_driver.o
                0x000051f8                FTM_DRV_InitPwm
 .text.FTM_DRV_UpdatePwmChannel
                0x00005808      0x1a0 ./SDK/platform/drivers/src/ftm/ftm_pwm_driver.o
                0x00005808                FTM_DRV_UpdatePwmChannel
 .text.FTM_DRV_UpdatePwmPeriod
                0x000059a8       0xa8 ./SDK/platform/drivers/src/ftm/ftm_pwm_driver.o
                0x000059a8                FTM_DRV_UpdatePwmPeriod
 .text.FTM_DRV_SetClockSource
                0x00005a50       0x2c ./SDK/platform/drivers/src/ftm/ftm_mc_driver.o
 .text.FTM_DRV_ClearTimerOverflow
                0x00005a7c       0x24 ./SDK/platform/drivers/src/ftm/ftm_mc_driver.o
 .text.FTM_DRV_SetCpwms
                0x00005aa0       0x2c ./SDK/platform/drivers/src/ftm/ftm_mc_driver.o
 .text.FTM_DRV_SetMod
                0x00005acc       0x28 ./SDK/platform/drivers/src/ftm/ftm_mc_driver.o
 .text.FTM_DRV_SetCounterInitVal
                0x00005af4       0x28 ./SDK/platform/drivers/src/ftm/ftm_mc_driver.o
 .text.FTM_DRV_SetChnEdgeLevel
                0x00005b1c       0x70 ./SDK/platform/drivers/src/ftm/ftm_mc_driver.o
 .text.FTM_DRV_SetQuadDecoderCmd
                0x00005b8c       0x40 ./SDK/platform/drivers/src/ftm/ftm_mc_driver.o
 .text.FTM_DRV_InitCounter
                0x00005bcc       0xc4 ./SDK/platform/drivers/src/ftm/ftm_mc_driver.o
                0x00005bcc                FTM_DRV_InitCounter
 .text.FTM_DRV_CounterStart
                0x00005c90       0x3c ./SDK/platform/drivers/src/ftm/ftm_mc_driver.o
                0x00005c90                FTM_DRV_CounterStart
 .text.FTM_DRV_SetClockPs
                0x00005ccc       0x2c ./SDK/platform/drivers/src/ftm/ftm_hw_access.o
 .text.FTM_DRV_Enable
                0x00005cf8       0x28 ./SDK/platform/drivers/src/ftm/ftm_hw_access.o
 .text.FTM_DRV_InitModule
                0x00005d20       0x24 ./SDK/platform/drivers/src/ftm/ftm_hw_access.o
                0x00005d20                FTM_DRV_InitModule
 .text.FTM_DRV_Reset
                0x00005d44       0xfc ./SDK/platform/drivers/src/ftm/ftm_hw_access.o
                0x00005d44                FTM_DRV_Reset
 .text.FTM_DRV_SetChnTriggerCmd
                0x00005e40       0x74 ./SDK/platform/drivers/src/ftm/ftm_hw_access.o
                0x00005e40                FTM_DRV_SetChnTriggerCmd
 .text.FTM_DRV_ClearChnEventStatus
                0x00005eb4       0x30 ./SDK/platform/drivers/src/ftm/ftm_common.o
 .text.FTM_DRV_GetClockPs
                0x00005ee4       0x20 ./SDK/platform/drivers/src/ftm/ftm_common.o
 .text.FTM_DRV_SetTimerOverflowInt
                0x00005f04       0x2c ./SDK/platform/drivers/src/ftm/ftm_common.o
 .text.FTM_DRV_ClearTimerOverflow
                0x00005f30       0x24 ./SDK/platform/drivers/src/ftm/ftm_common.o
 .text.FTM_DRV_ClearReloadFlag
                0x00005f54       0x24 ./SDK/platform/drivers/src/ftm/ftm_common.o
 .text.FTM_DRV_ClearFaultsIsr
                0x00005f78       0x48 ./SDK/platform/drivers/src/ftm/ftm_common.o
 .text.FTM_DRV_SetHardwareSyncTriggerSrc
                0x00005fc0       0x48 ./SDK/platform/drivers/src/ftm/ftm_common.o
 .text.FTM_DRV_SetOutmaskPwmSyncModeCmd
                0x00006008       0x2c ./SDK/platform/drivers/src/ftm/ftm_common.o
 .text.FTM_DRV_SetMaxLoadingCmd
                0x00006034       0x2c ./SDK/platform/drivers/src/ftm/ftm_common.o
 .text.FTM_DRV_SetMinLoadingCmd
                0x00006060       0x28 ./SDK/platform/drivers/src/ftm/ftm_common.o
 .text.FTM_DRV_SetInitTriggerCmd
                0x00006088       0x2c ./SDK/platform/drivers/src/ftm/ftm_common.o
 .text.FTM_DRV_ClearChnTriggerFlag
                0x000060b4       0x20 ./SDK/platform/drivers/src/ftm/ftm_common.o
 .text.FTM_DRV_SetBdmMode
                0x000060d4       0x30 ./SDK/platform/drivers/src/ftm/ftm_common.o
 .text.FTM_DRV_SetSwoctrlHardwareSyncModeCmd
                0x00006104       0x30 ./SDK/platform/drivers/src/ftm/ftm_common.o
 .text.FTM_DRV_SetInvctrlHardwareSyncModeCmd
                0x00006134       0x30 ./SDK/platform/drivers/src/ftm/ftm_common.o
 .text.FTM_DRV_SetOutmaskHardwareSyncModeCmd
                0x00006164       0x30 ./SDK/platform/drivers/src/ftm/ftm_common.o
 .text.FTM_DRV_SetModCntinCvHardwareSyncModeCmd
                0x00006194       0x30 ./SDK/platform/drivers/src/ftm/ftm_common.o
 .text.FTM_DRV_SetCounterHardwareSyncModeCmd
                0x000061c4       0x30 ./SDK/platform/drivers/src/ftm/ftm_common.o
 .text.FTM_DRV_SetSwoctrlSoftwareSyncModeCmd
                0x000061f4       0x30 ./SDK/platform/drivers/src/ftm/ftm_common.o
 .text.FTM_DRV_SetInvctrlSoftwareSyncModeCmd
                0x00006224       0x30 ./SDK/platform/drivers/src/ftm/ftm_common.o
 .text.FTM_DRV_SetOutmaskSoftwareSyncModeCmd
                0x00006254       0x30 ./SDK/platform/drivers/src/ftm/ftm_common.o
 .text.FTM_DRV_SetModCntinCvSoftwareSyncModeCmd
                0x00006284       0x30 ./SDK/platform/drivers/src/ftm/ftm_common.o
 .text.FTM_DRV_SetHwTriggerSyncModeCmd
                0x000062b4       0x2c ./SDK/platform/drivers/src/ftm/ftm_common.o
 .text.FTM_DRV_SetCounterSoftwareSyncModeCmd
                0x000062e0       0x30 ./SDK/platform/drivers/src/ftm/ftm_common.o
 .text.FTM_DRV_SetPwmSyncModeCmd
                0x00006310       0x30 ./SDK/platform/drivers/src/ftm/ftm_common.o
 .text.FTM_DRV_SetSwoctrlPwmSyncModeCmd
                0x00006340       0x30 ./SDK/platform/drivers/src/ftm/ftm_common.o
 .text.FTM_DRV_SetInvctrlPwmSyncModeCmd
                0x00006370       0x30 ./SDK/platform/drivers/src/ftm/ftm_common.o
 .text.FTM_DRV_SetCntinPwmSyncModeCmd
                0x000063a0       0x30 ./SDK/platform/drivers/src/ftm/ftm_common.o
 .text.FTM_DRV_Init
                0x000063d0      0x138 ./SDK/platform/drivers/src/ftm/ftm_common.o
                0x000063d0                FTM_DRV_Init
 .text.FTM_DRV_SetSync
                0x00006508      0x17c ./SDK/platform/drivers/src/ftm/ftm_common.o
                0x00006508                FTM_DRV_SetSync
 .text.FTM_DRV_ClearStatusFlags
                0x00006684       0x94 ./SDK/platform/drivers/src/ftm/ftm_common.o
                0x00006684                FTM_DRV_ClearStatusFlags
 .text.FTM_DRV_GetFrequency
                0x00006718       0xd4 ./SDK/platform/drivers/src/ftm/ftm_common.o
                0x00006718                FTM_DRV_GetFrequency
 .text.FTM_DRV_ConvertFreqToPeriodTicks
                0x000067ec       0x34 ./SDK/platform/drivers/src/ftm/ftm_common.o
                0x000067ec                FTM_DRV_ConvertFreqToPeriodTicks
 .text.CAN0_ORed_IRQHandler
                0x00006820        0xc ./SDK/platform/drivers/src/flexcan/flexcan_irq.o
                0x00006820                CAN0_ORed_IRQHandler
 .text.CAN0_Error_IRQHandler
                0x0000682c        0xc ./SDK/platform/drivers/src/flexcan/flexcan_irq.o
                0x0000682c                CAN0_Error_IRQHandler
 .text.CAN0_Wake_Up_IRQHandler
                0x00006838        0xc ./SDK/platform/drivers/src/flexcan/flexcan_irq.o
                0x00006838                CAN0_Wake_Up_IRQHandler
 .text.CAN0_ORed_0_15_MB_IRQHandler
                0x00006844        0xc ./SDK/platform/drivers/src/flexcan/flexcan_irq.o
                0x00006844                CAN0_ORed_0_15_MB_IRQHandler
 .text.CAN0_ORed_16_31_MB_IRQHandler
                0x00006850        0xc ./SDK/platform/drivers/src/flexcan/flexcan_irq.o
                0x00006850                CAN0_ORed_16_31_MB_IRQHandler
 .text.CAN1_ORed_IRQHandler
                0x0000685c        0xc ./SDK/platform/drivers/src/flexcan/flexcan_irq.o
                0x0000685c                CAN1_ORed_IRQHandler
 .text.CAN1_Error_IRQHandler
                0x00006868        0xc ./SDK/platform/drivers/src/flexcan/flexcan_irq.o
                0x00006868                CAN1_Error_IRQHandler
 .text.CAN1_ORed_0_15_MB_IRQHandler
                0x00006874        0xc ./SDK/platform/drivers/src/flexcan/flexcan_irq.o
                0x00006874                CAN1_ORed_0_15_MB_IRQHandler
 .text.CAN2_ORed_IRQHandler
                0x00006880        0xc ./SDK/platform/drivers/src/flexcan/flexcan_irq.o
                0x00006880                CAN2_ORed_IRQHandler
 .text.CAN2_Error_IRQHandler
                0x0000688c        0xc ./SDK/platform/drivers/src/flexcan/flexcan_irq.o
                0x0000688c                CAN2_Error_IRQHandler
 .text.CAN2_ORed_0_15_MB_IRQHandler
                0x00006898        0xc ./SDK/platform/drivers/src/flexcan/flexcan_irq.o
                0x00006898                CAN2_ORed_0_15_MB_IRQHandler
 .text.FLEXCAN_IsFDEnabled
                0x000068a4       0x28 ./SDK/platform/drivers/src/flexcan/flexcan_hw_access.o
 .text.FLEXCAN_IsRxFifoEnabled
                0x000068cc       0x28 ./SDK/platform/drivers/src/flexcan/flexcan_hw_access.o
 .text.RxFifoOcuppiedLastMsgBuff
                0x000068f4       0x20 ./SDK/platform/drivers/src/flexcan/flexcan_hw_access.o
 .text.FLEXCAN_GetMsgBuffRegion
                0x00006914       0x6c ./SDK/platform/drivers/src/flexcan/flexcan_hw_access.o
 .text.FLEXCAN_ComputePayloadSize
                0x00006980       0x80 ./SDK/platform/drivers/src/flexcan/flexcan_hw_access.o
 .text.FLEXCAN_GetMaxMbNum
                0x00006a00       0x70 ./SDK/platform/drivers/src/flexcan/flexcan_hw_access.o
 .text.FLEXCAN_ClearRAM
                0x00006a70       0x70 ./SDK/platform/drivers/src/flexcan/flexcan_hw_access.o
 .text.FLEXCAN_Enable
                0x00006ae0       0x54 ./SDK/platform/drivers/src/flexcan/flexcan_hw_access.o
                0x00006ae0                FLEXCAN_Enable
 .text.FLEXCAN_Disable
                0x00006b34       0x38 ./SDK/platform/drivers/src/flexcan/flexcan_hw_access.o
                0x00006b34                FLEXCAN_Disable
 .text.FLEXCAN_Init
                0x00006b6c       0x58 ./SDK/platform/drivers/src/flexcan/flexcan_hw_access.o
                0x00006b6c                FLEXCAN_Init
 .text.FLEXCAN_SetRxMsgBuff
                0x00006bc4      0x124 ./SDK/platform/drivers/src/flexcan/flexcan_hw_access.o
                0x00006bc4                FLEXCAN_SetRxMsgBuff
 .text.FLEXCAN_GetMsgBuff
                0x00006ce8      0x14c ./SDK/platform/drivers/src/flexcan/flexcan_hw_access.o
                0x00006ce8                FLEXCAN_GetMsgBuff
 .text.FLEXCAN_LockRxMsgBuff
                0x00006e34       0x40 ./SDK/platform/drivers/src/flexcan/flexcan_hw_access.o
                0x00006e34                FLEXCAN_LockRxMsgBuff
 .text.FLEXCAN_EnableRxFifo
                0x00006e74       0x7c ./SDK/platform/drivers/src/flexcan/flexcan_hw_access.o
                0x00006e74                FLEXCAN_EnableRxFifo
 .text.FLEXCAN_SetMaxMsgBuffNum
                0x00006ef0       0xc8 ./SDK/platform/drivers/src/flexcan/flexcan_hw_access.o
                0x00006ef0                FLEXCAN_SetMaxMsgBuffNum
 .text.FLEXCAN_SetMsgBuffIntCmd
                0x00006fb8       0x70 ./SDK/platform/drivers/src/flexcan/flexcan_hw_access.o
                0x00006fb8                FLEXCAN_SetMsgBuffIntCmd
 .text.FLEXCAN_SetErrIntCmd
                0x00007028       0x5c ./SDK/platform/drivers/src/flexcan/flexcan_hw_access.o
                0x00007028                FLEXCAN_SetErrIntCmd
 .text.FLEXCAN_ExitFreezeMode
                0x00007084       0x3c ./SDK/platform/drivers/src/flexcan/flexcan_hw_access.o
                0x00007084                FLEXCAN_ExitFreezeMode
 .text.FLEXCAN_EnterFreezeMode
                0x000070c0       0x3c ./SDK/platform/drivers/src/flexcan/flexcan_hw_access.o
                0x000070c0                FLEXCAN_EnterFreezeMode
 .text.FLEXCAN_ClearErrIntStatusFlag
                0x000070fc       0x28 ./SDK/platform/drivers/src/flexcan/flexcan_hw_access.o
                0x000070fc                FLEXCAN_ClearErrIntStatusFlag
 .text.FLEXCAN_ReadRxFifo
                0x00007124       0xa4 ./SDK/platform/drivers/src/flexcan/flexcan_hw_access.o
                0x00007124                FLEXCAN_ReadRxFifo
 .text.FLEXCAN_SetOperationMode
                0x000071c8       0x94 ./SDK/platform/drivers/src/flexcan/flexcan_hw_access.o
                0x000071c8                FLEXCAN_SetOperationMode
 .text.FLEXCAN_SetPayloadSize
                0x0000725c       0x40 ./SDK/platform/drivers/src/flexcan/flexcan_hw_access.o
                0x0000725c                FLEXCAN_SetPayloadSize
 .text.FLEXCAN_GetPayloadSize
                0x0000729c       0x44 ./SDK/platform/drivers/src/flexcan/flexcan_hw_access.o
                0x0000729c                FLEXCAN_GetPayloadSize
 .text.FLEXCAN_SelectClock
                0x000072e0       0x2c ./SDK/platform/drivers/src/flexcan/flexcan_driver.o
 .text.FLEXCAN_SetTimeSegments
                0x0000730c       0x60 ./SDK/platform/drivers/src/flexcan/flexcan_driver.o
 .text.FLEXCAN_SetExtendedTimeSegments
                0x0000736c       0x64 ./SDK/platform/drivers/src/flexcan/flexcan_driver.o
 .text.FLEXCAN_SetFDTimeSegments
                0x000073d0       0x70 ./SDK/platform/drivers/src/flexcan/flexcan_driver.o
 .text.FLEXCAN_SetFDEnabled
                0x00007440       0x4c ./SDK/platform/drivers/src/flexcan/flexcan_driver.o
 .text.FLEXCAN_IsFDEnabled
                0x0000748c       0x28 ./SDK/platform/drivers/src/flexcan/flexcan_driver.o
 .text.FLEXCAN_UnlockRxMsgBuff
                0x000074b4       0x18 ./SDK/platform/drivers/src/flexcan/flexcan_driver.o
 .text.FLEXCAN_IsRxFifoEnabled
                0x000074cc       0x28 ./SDK/platform/drivers/src/flexcan/flexcan_driver.o
 .text.FLEXCAN_GetMsgBuffIntStatusFlag
                0x000074f4       0x44 ./SDK/platform/drivers/src/flexcan/flexcan_driver.o
 .text.FLEXCAN_ClearMsgBuffIntStatusFlag
                0x00007538       0x30 ./SDK/platform/drivers/src/flexcan/flexcan_driver.o
 .text.FLEXCAN_SetStuffBitCount
                0x00007568       0x34 ./SDK/platform/drivers/src/flexcan/flexcan_driver.o
 .text.FLEXCAN_SetSelfReception
                0x0000759c       0x34 ./SDK/platform/drivers/src/flexcan/flexcan_driver.o
 .text.FLEXCAN_SetRxFifoDMA
                0x000075d0       0x34 ./SDK/platform/drivers/src/flexcan/flexcan_driver.o
 .text.FLEXCAN_IsPNEnabled
                0x00007604       0x28 ./SDK/platform/drivers/src/flexcan/flexcan_driver.o
 .text.FLEXCAN_GetWTOF
                0x0000762c       0x24 ./SDK/platform/drivers/src/flexcan/flexcan_driver.o
 .text.FLEXCAN_ClearWTOF
                0x00007650       0x24 ./SDK/platform/drivers/src/flexcan/flexcan_driver.o
 .text.FLEXCAN_GetWUMF
                0x00007674       0x24 ./SDK/platform/drivers/src/flexcan/flexcan_driver.o
 .text.FLEXCAN_ClearWUMF
                0x00007698       0x24 ./SDK/platform/drivers/src/flexcan/flexcan_driver.o
 .text.FLEXCAN_DRV_Init
                0x000076bc      0x29c ./SDK/platform/drivers/src/flexcan/flexcan_driver.o
                0x000076bc                FLEXCAN_DRV_Init
 .text.FLEXCAN_DRV_ConfigRxMb
                0x00007958       0x9c ./SDK/platform/drivers/src/flexcan/flexcan_driver.o
                0x00007958                FLEXCAN_DRV_ConfigRxMb
 .text.FLEXCAN_DRV_Receive
                0x000079f4       0x30 ./SDK/platform/drivers/src/flexcan/flexcan_driver.o
                0x000079f4                FLEXCAN_DRV_Receive
 .text.FLEXCAN_IRQHandler
                0x00007a24      0x1d8 ./SDK/platform/drivers/src/flexcan/flexcan_driver.o
                0x00007a24                FLEXCAN_IRQHandler
 .text.FLEXCAN_WakeUpHandler
                0x00007bfc       0x8c ./SDK/platform/drivers/src/flexcan/flexcan_driver.o
                0x00007bfc                FLEXCAN_WakeUpHandler
 .text.FLEXCAN_DRV_GetTransferStatus
                0x00007c88       0x48 ./SDK/platform/drivers/src/flexcan/flexcan_driver.o
                0x00007c88                FLEXCAN_DRV_GetTransferStatus
 .text.FLEXCAN_StartRxMessageBufferData
                0x00007cd0       0xa4 ./SDK/platform/drivers/src/flexcan/flexcan_driver.o
 .text.FLEXCAN_CompleteTransfer
                0x00007d74       0x70 ./SDK/platform/drivers/src/flexcan/flexcan_driver.o
 .text.FLEXCAN_CompleteRxMessageFifoData
                0x00007de4       0xdc ./SDK/platform/drivers/src/flexcan/flexcan_driver.o
 .text.EDMA_GetErrorIntStatusFlag
                0x00007ec0       0x18 ./SDK/platform/drivers/src/edma/edma_irq.o
 .text.DMA0_IRQHandler
                0x00007ed8        0xc ./SDK/platform/drivers/src/edma/edma_irq.o
                0x00007ed8                DMA0_IRQHandler
 .text.DMA1_IRQHandler
                0x00007ee4        0xc ./SDK/platform/drivers/src/edma/edma_irq.o
                0x00007ee4                DMA1_IRQHandler
 .text.DMA2_IRQHandler
                0x00007ef0        0xc ./SDK/platform/drivers/src/edma/edma_irq.o
                0x00007ef0                DMA2_IRQHandler
 .text.DMA3_IRQHandler
                0x00007efc        0xc ./SDK/platform/drivers/src/edma/edma_irq.o
                0x00007efc                DMA3_IRQHandler
 .text.DMA4_IRQHandler
                0x00007f08        0xc ./SDK/platform/drivers/src/edma/edma_irq.o
                0x00007f08                DMA4_IRQHandler
 .text.DMA5_IRQHandler
                0x00007f14        0xc ./SDK/platform/drivers/src/edma/edma_irq.o
                0x00007f14                DMA5_IRQHandler
 .text.DMA6_IRQHandler
                0x00007f20        0xc ./SDK/platform/drivers/src/edma/edma_irq.o
                0x00007f20                DMA6_IRQHandler
 .text.DMA7_IRQHandler
                0x00007f2c        0xc ./SDK/platform/drivers/src/edma/edma_irq.o
                0x00007f2c                DMA7_IRQHandler
 .text.DMA8_IRQHandler
                0x00007f38        0xc ./SDK/platform/drivers/src/edma/edma_irq.o
                0x00007f38                DMA8_IRQHandler
 .text.DMA9_IRQHandler
                0x00007f44        0xc ./SDK/platform/drivers/src/edma/edma_irq.o
                0x00007f44                DMA9_IRQHandler
 .text.DMA10_IRQHandler
                0x00007f50        0xc ./SDK/platform/drivers/src/edma/edma_irq.o
                0x00007f50                DMA10_IRQHandler
 .text.DMA11_IRQHandler
                0x00007f5c        0xc ./SDK/platform/drivers/src/edma/edma_irq.o
                0x00007f5c                DMA11_IRQHandler
 .text.DMA12_IRQHandler
                0x00007f68        0xc ./SDK/platform/drivers/src/edma/edma_irq.o
                0x00007f68                DMA12_IRQHandler
 .text.DMA13_IRQHandler
                0x00007f74        0xc ./SDK/platform/drivers/src/edma/edma_irq.o
                0x00007f74                DMA13_IRQHandler
 .text.DMA14_IRQHandler
                0x00007f80        0xc ./SDK/platform/drivers/src/edma/edma_irq.o
                0x00007f80                DMA14_IRQHandler
 .text.DMA15_IRQHandler
                0x00007f8c        0xc ./SDK/platform/drivers/src/edma/edma_irq.o
                0x00007f8c                DMA15_IRQHandler
 .text.DMA_Error_IRQHandler
                0x00007f98       0x4c ./SDK/platform/drivers/src/edma/edma_irq.o
                0x00007f98                DMA_Error_IRQHandler
 .text.EDMA_Init
                0x00007fe4       0x68 ./SDK/platform/drivers/src/edma/edma_hw_access.o
                0x00007fe4                EDMA_Init
 .text.EDMA_SetErrorIntCmd
                0x0000804c       0x30 ./SDK/platform/drivers/src/edma/edma_hw_access.o
                0x0000804c                EDMA_SetErrorIntCmd
 .text.EDMA_SetDmaRequestCmd
                0x0000807c       0x30 ./SDK/platform/drivers/src/edma/edma_hw_access.o
                0x0000807c                EDMA_SetDmaRequestCmd
 .text.EDMA_TCDClearReg
                0x000080ac       0xd0 ./SDK/platform/drivers/src/edma/edma_hw_access.o
                0x000080ac                EDMA_TCDClearReg
 .text.EDMA_TCDSetAttribute
                0x0000817c       0x6c ./SDK/platform/drivers/src/edma/edma_hw_access.o
                0x0000817c                EDMA_TCDSetAttribute
 .text.EDMA_TCDSetNbytes
                0x000081e8       0xd0 ./SDK/platform/drivers/src/edma/edma_hw_access.o
                0x000081e8                EDMA_TCDSetNbytes
 .text.EDMA_TCDSetMajorCount
                0x000082b8      0x140 ./SDK/platform/drivers/src/edma/edma_hw_access.o
                0x000082b8                EDMA_TCDSetMajorCount
 .text.DMAMUX_Init
                0x000083f8       0x2c ./SDK/platform/drivers/src/edma/edma_hw_access.o
                0x000083f8                DMAMUX_Init
 .text.EDMA_SetHaltCmd
                0x00008424       0x3c ./SDK/platform/drivers/src/edma/edma_driver.o
 .text.EDMA_SetHaltOnErrorCmd
                0x00008460       0x3c ./SDK/platform/drivers/src/edma/edma_driver.o
 .text.EDMA_SetChannelPriority
                0x0000849c       0x54 ./SDK/platform/drivers/src/edma/edma_driver.o
 .text.EDMA_GetChannelArbitrationMode
                0x000084f0       0x30 ./SDK/platform/drivers/src/edma/edma_driver.o
 .text.EDMA_ClearErrorIntStatusFlag
                0x00008520       0x1c ./SDK/platform/drivers/src/edma/edma_driver.o
 .text.EDMA_ClearDoneStatusFlag
                0x0000853c       0x1c ./SDK/platform/drivers/src/edma/edma_driver.o
 .text.EDMA_ClearIntStatusFlag
                0x00008558       0x1c ./SDK/platform/drivers/src/edma/edma_driver.o
 .text.EDMA_TCDSetSrcAddr
                0x00008574       0x28 ./SDK/platform/drivers/src/edma/edma_driver.o
 .text.EDMA_TCDSetSrcOffset
                0x0000859c       0x2c ./SDK/platform/drivers/src/edma/edma_driver.o
 .text.EDMA_TCDSetSrcLastAdjust
                0x000085c8       0x2c ./SDK/platform/drivers/src/edma/edma_driver.o
 .text.EDMA_TCDSetDestAddr
                0x000085f4       0x2c ./SDK/platform/drivers/src/edma/edma_driver.o
 .text.EDMA_TCDSetDestOffset
                0x00008620       0x30 ./SDK/platform/drivers/src/edma/edma_driver.o
 .text.EDMA_TCDSetDisableDmaRequestAfterTCDDoneCmd
                0x00008650       0x5c ./SDK/platform/drivers/src/edma/edma_driver.o
 .text.EDMA_TCDSetMajorCompleteIntCmd
                0x000086ac       0x5c ./SDK/platform/drivers/src/edma/edma_driver.o
 .text.DMAMUX_SetChannelCmd
                0x00008708       0x50 ./SDK/platform/drivers/src/edma/edma_driver.o
 .text.DMAMUX_SetChannelSource
                0x00008758       0x4c ./SDK/platform/drivers/src/edma/edma_driver.o
 .text.EDMA_DRV_Init
                0x000087a4      0x150 ./SDK/platform/drivers/src/edma/edma_driver.o
                0x000087a4                EDMA_DRV_Init
 .text.EDMA_DRV_ChannelInit
                0x000088f4       0x88 ./SDK/platform/drivers/src/edma/edma_driver.o
                0x000088f4                EDMA_DRV_ChannelInit
 .text.EDMA_DRV_InstallCallback
                0x0000897c       0x3c ./SDK/platform/drivers/src/edma/edma_driver.o
                0x0000897c                EDMA_DRV_InstallCallback
 .text.EDMA_DRV_RequestChannel
                0x000089b8       0xb8 ./SDK/platform/drivers/src/edma/edma_driver.o
 .text.EDMA_DRV_ClearIntStatus
                0x00008a70       0x3c ./SDK/platform/drivers/src/edma/edma_driver.o
 .text.EDMA_DRV_IRQHandler
                0x00008aac       0x4c ./SDK/platform/drivers/src/edma/edma_driver.o
                0x00008aac                EDMA_DRV_IRQHandler
 .text.EDMA_DRV_ErrorIRQHandler
                0x00008af8       0x84 ./SDK/platform/drivers/src/edma/edma_driver.o
                0x00008af8                EDMA_DRV_ErrorIRQHandler
 .text.EDMA_DRV_ConfigSingleBlockTransfer
                0x00008b7c      0x168 ./SDK/platform/drivers/src/edma/edma_driver.o
                0x00008b7c                EDMA_DRV_ConfigSingleBlockTransfer
 .text.EDMA_DRV_ConfigMultiBlockTransfer
                0x00008ce4       0x78 ./SDK/platform/drivers/src/edma/edma_driver.o
                0x00008ce4                EDMA_DRV_ConfigMultiBlockTransfer
 .text.EDMA_DRV_StartChannel
                0x00008d5c       0x38 ./SDK/platform/drivers/src/edma/edma_driver.o
                0x00008d5c                EDMA_DRV_StartChannel
 .text.EDMA_DRV_StopChannel
                0x00008d94       0x38 ./SDK/platform/drivers/src/edma/edma_driver.o
                0x00008d94                EDMA_DRV_StopChannel
 .text.EDMA_DRV_SetChannelRequest
                0x00008dcc       0x3c ./SDK/platform/drivers/src/edma/edma_driver.o
                0x00008dcc                EDMA_DRV_SetChannelRequest
 .text.EDMA_DRV_SetSrcLastAddrAdjustment
                0x00008e08       0x34 ./SDK/platform/drivers/src/edma/edma_driver.o
                0x00008e08                EDMA_DRV_SetSrcLastAddrAdjustment
 .text.EDMA_DRV_GetDmaRegBaseAddr
                0x00008e3c       0x1c ./SDK/platform/drivers/src/edma/edma_driver.o
                0x00008e3c                EDMA_DRV_GetDmaRegBaseAddr
 .text.CLOCK_SYS_Init
                0x00008e58       0x44 ./SDK/platform/drivers/src/clock/clock_manager.o
                0x00008e58                CLOCK_SYS_Init
 .text.CLOCK_SYS_UpdateConfiguration
                0x00008e9c      0x17c ./SDK/platform/drivers/src/clock/clock_manager.o
                0x00008e9c                CLOCK_SYS_UpdateConfiguration
 .text.SIM_GetRtcClkSrc
                0x00009018       0x20 ./SDK/platform/drivers/src/clock/S32K1xx/clock_S32K1xx.o
 .text.SIM_SetLpoClocks
                0x00009038       0x70 ./SDK/platform/drivers/src/clock/S32K1xx/clock_S32K1xx.o
 .text.SIM_SetEimClockGate
                0x000090a8       0x3c ./SDK/platform/drivers/src/clock/S32K1xx/clock_S32K1xx.o
 .text.SIM_GetEimClockGate
                0x000090e4       0x30 ./SDK/platform/drivers/src/clock/S32K1xx/clock_S32K1xx.o
 .text.SIM_SetErmClockGate
                0x00009114       0x3c ./SDK/platform/drivers/src/clock/S32K1xx/clock_S32K1xx.o
 .text.SIM_GetErmClockGate
                0x00009150       0x30 ./SDK/platform/drivers/src/clock/S32K1xx/clock_S32K1xx.o
 .text.SIM_SetDmaClockGate
                0x00009180       0x3c ./SDK/platform/drivers/src/clock/S32K1xx/clock_S32K1xx.o
 .text.SIM_GetDmaClockGate
                0x000091bc       0x30 ./SDK/platform/drivers/src/clock/S32K1xx/clock_S32K1xx.o
 .text.SIM_SetMpuClockGate
                0x000091ec       0x3c ./SDK/platform/drivers/src/clock/S32K1xx/clock_S32K1xx.o
 .text.SIM_GetMpuClockGate
                0x00009228       0x30 ./SDK/platform/drivers/src/clock/S32K1xx/clock_S32K1xx.o
 .text.SIM_SetMscmClockGate
                0x00009258       0x3c ./SDK/platform/drivers/src/clock/S32K1xx/clock_S32K1xx.o
 .text.SIM_GetMscmClockGate
                0x00009294       0x30 ./SDK/platform/drivers/src/clock/S32K1xx/clock_S32K1xx.o
 .text.SIM_GetFtm0ExternalClkPinMode
                0x000092c4       0x20 ./SDK/platform/drivers/src/clock/S32K1xx/clock_S32K1xx.o
 .text.SIM_GetFtm1ExternalClkPinMode
                0x000092e4       0x20 ./SDK/platform/drivers/src/clock/S32K1xx/clock_S32K1xx.o
 .text.SIM_GetFtm2ExternalClkPinMode
                0x00009304       0x20 ./SDK/platform/drivers/src/clock/S32K1xx/clock_S32K1xx.o
 .text.SIM_GetFtm3ExternalClkPinMode
                0x00009324       0x1c ./SDK/platform/drivers/src/clock/S32K1xx/clock_S32K1xx.o
 .text.SIM_GetLpo32KStatus
                0x00009340       0x28 ./SDK/platform/drivers/src/clock/S32K1xx/clock_S32K1xx.o
 .text.SIM_GetLpo1KStatus
                0x00009368       0x28 ./SDK/platform/drivers/src/clock/S32K1xx/clock_S32K1xx.o
 .text.SIM_GetLpoClkSelectorValue
                0x00009390       0x20 ./SDK/platform/drivers/src/clock/S32K1xx/clock_S32K1xx.o
 .text.SIM_GetClockoutStatus
                0x000093b0       0x28 ./SDK/platform/drivers/src/clock/S32K1xx/clock_S32K1xx.o
 .text.SIM_GetClockoutDividerValue
                0x000093d8       0x20 ./SDK/platform/drivers/src/clock/S32K1xx/clock_S32K1xx.o
 .text.SIM_GetClockoutSelectorValue
                0x000093f8       0x20 ./SDK/platform/drivers/src/clock/S32K1xx/clock_S32K1xx.o
 .text.SIM_SetClockout
                0x00009418       0x5c ./SDK/platform/drivers/src/clock/S32K1xx/clock_S32K1xx.o
 .text.SIM_SetTraceClockSource
                0x00009474       0x38 ./SDK/platform/drivers/src/clock/S32K1xx/clock_S32K1xx.o
 .text.SIM_ClearTraceClockConfig
                0x000094ac       0x1c ./SDK/platform/drivers/src/clock/S32K1xx/clock_S32K1xx.o
 .text.SIM_SetTraceClockConfig
                0x000094c8       0x40 ./SDK/platform/drivers/src/clock/S32K1xx/clock_S32K1xx.o
 .text.SCG_GetClockoutSourceSel
                0x00009508       0x20 ./SDK/platform/drivers/src/clock/S32K1xx/clock_S32K1xx.o
 .text.SCG_GetCurrentSystemClockSource
                0x00009528       0x20 ./SDK/platform/drivers/src/clock/S32K1xx/clock_S32K1xx.o
 .text.SCG_GetCurrentCoreClockDividerRatio
                0x00009548       0x20 ./SDK/platform/drivers/src/clock/S32K1xx/clock_S32K1xx.o
 .text.SCG_GetCurrentBusClockDividerRatio
                0x00009568       0x20 ./SDK/platform/drivers/src/clock/S32K1xx/clock_S32K1xx.o
 .text.SCG_GetCurrentSlowClockDividerRatio
                0x00009588       0x1c ./SDK/platform/drivers/src/clock/S32K1xx/clock_S32K1xx.o
 .text.SCG_SetRunClockControl
                0x000095a4       0x44 ./SDK/platform/drivers/src/clock/S32K1xx/clock_S32K1xx.o
 .text.SCG_SetVlprClockControl
                0x000095e8       0x44 ./SDK/platform/drivers/src/clock/S32K1xx/clock_S32K1xx.o
 .text.SCG_SetHsrunClockControl
                0x0000962c       0x44 ./SDK/platform/drivers/src/clock/S32K1xx/clock_S32K1xx.o
 .text.SCG_GetFircFirstAsyncDivider
                0x00009670       0x20 ./SDK/platform/drivers/src/clock/S32K1xx/clock_S32K1xx.o
 .text.SCG_GetFircSecondAsyncDivider
                0x00009690       0x20 ./SDK/platform/drivers/src/clock/S32K1xx/clock_S32K1xx.o
 .text.SCG_SetFircAsyncConfig
                0x000096b0       0x30 ./SDK/platform/drivers/src/clock/S32K1xx/clock_S32K1xx.o
 .text.SCG_GetSircFirstAsyncDivider
                0x000096e0       0x20 ./SDK/platform/drivers/src/clock/S32K1xx/clock_S32K1xx.o
 .text.SCG_GetSircSecondAsyncDivider
                0x00009700       0x20 ./SDK/platform/drivers/src/clock/S32K1xx/clock_S32K1xx.o
 .text.SCG_SetSircAsyncConfig
                0x00009720       0x30 ./SDK/platform/drivers/src/clock/S32K1xx/clock_S32K1xx.o
 .text.SCG_GetSoscFirstAsyncDivider
                0x00009750       0x20 ./SDK/platform/drivers/src/clock/S32K1xx/clock_S32K1xx.o
 .text.SCG_GetSoscSecondAsyncDivider
                0x00009770       0x20 ./SDK/platform/drivers/src/clock/S32K1xx/clock_S32K1xx.o
 .text.SCG_SetSoscAsyncConfig
                0x00009790       0x30 ./SDK/platform/drivers/src/clock/S32K1xx/clock_S32K1xx.o
 .text.SCG_GetSpllFirstAsyncDivider
                0x000097c0       0x20 ./SDK/platform/drivers/src/clock/S32K1xx/clock_S32K1xx.o
 .text.SCG_GetSpllSecondAsyncDivider
                0x000097e0       0x20 ./SDK/platform/drivers/src/clock/S32K1xx/clock_S32K1xx.o
 .text.SCG_SetSpllAsyncConfig
                0x00009800       0x30 ./SDK/platform/drivers/src/clock/S32K1xx/clock_S32K1xx.o
 .text.SCG_SetClockoutSourceSel
                0x00009830       0x38 ./SDK/platform/drivers/src/clock/S32K1xx/clock_S32K1xx.o
 .text.SCG_GetSircSystemClockMode
                0x00009868       0x34 ./SDK/platform/drivers/src/clock/S32K1xx/clock_S32K1xx.o
 .text.SCG_GetSircStatus
                0x0000989c       0x2c ./SDK/platform/drivers/src/clock/S32K1xx/clock_S32K1xx.o
 .text.SCG_GetSircRange
                0x000098c8       0x20 ./SDK/platform/drivers/src/clock/S32K1xx/clock_S32K1xx.o
 .text.SCG_ClearSircLock
                0x000098e8       0x24 ./SDK/platform/drivers/src/clock/S32K1xx/clock_S32K1xx.o
 .text.SCG_ClearSircControl
                0x0000990c       0x1c ./SDK/platform/drivers/src/clock/S32K1xx/clock_S32K1xx.o
 .text.SCG_SetSircConfiguration
                0x00009928       0x24 ./SDK/platform/drivers/src/clock/S32K1xx/clock_S32K1xx.o
 .text.SCG_SetSircControl
                0x0000994c       0x58 ./SDK/platform/drivers/src/clock/S32K1xx/clock_S32K1xx.o
 .text.SCG_GetFircSystemClockMode
                0x000099a4       0x34 ./SDK/platform/drivers/src/clock/S32K1xx/clock_S32K1xx.o
 .text.SCG_GetFircStatus
                0x000099d8       0x2c ./SDK/platform/drivers/src/clock/S32K1xx/clock_S32K1xx.o
 .text.SCG_GetFircRange
                0x00009a04       0x20 ./SDK/platform/drivers/src/clock/S32K1xx/clock_S32K1xx.o
 .text.SCG_ClearFircLock
                0x00009a24       0x24 ./SDK/platform/drivers/src/clock/S32K1xx/clock_S32K1xx.o
 .text.SCG_ClearFircControl
                0x00009a48       0x1c ./SDK/platform/drivers/src/clock/S32K1xx/clock_S32K1xx.o
 .text.SCG_SetFircConfiguration
                0x00009a64       0x24 ./SDK/platform/drivers/src/clock/S32K1xx/clock_S32K1xx.o
 .text.SCG_SetFircControl
                0x00009a88       0x40 ./SDK/platform/drivers/src/clock/S32K1xx/clock_S32K1xx.o
 .text.SCG_GetSoscSystemClockMode
                0x00009ac8       0x34 ./SDK/platform/drivers/src/clock/S32K1xx/clock_S32K1xx.o
 .text.SCG_GetSoscStatus
                0x00009afc       0x2c ./SDK/platform/drivers/src/clock/S32K1xx/clock_S32K1xx.o
 .text.SCG_ClearSoscLock
                0x00009b28       0x24 ./SDK/platform/drivers/src/clock/S32K1xx/clock_S32K1xx.o
 .text.SCG_ClearSoscControl
                0x00009b4c       0x1c ./SDK/platform/drivers/src/clock/S32K1xx/clock_S32K1xx.o
 .text.SCG_SetSoscConfiguration
                0x00009b68       0x3c ./SDK/platform/drivers/src/clock/S32K1xx/clock_S32K1xx.o
 .text.SCG_SetSoscControl
                0x00009ba4       0x5c ./SDK/platform/drivers/src/clock/S32K1xx/clock_S32K1xx.o
 .text.SCG_GetSpllSystemClockMode
                0x00009c00       0x34 ./SDK/platform/drivers/src/clock/S32K1xx/clock_S32K1xx.o
 .text.SCG_GetSpllStatus
                0x00009c34       0x2c ./SDK/platform/drivers/src/clock/S32K1xx/clock_S32K1xx.o
 .text.SCG_GetSpllPredivider
                0x00009c60       0x20 ./SDK/platform/drivers/src/clock/S32K1xx/clock_S32K1xx.o
 .text.SCG_GetSpllMultiplier
                0x00009c80       0x20 ./SDK/platform/drivers/src/clock/S32K1xx/clock_S32K1xx.o
 .text.SCG_ClearSpllLock
                0x00009ca0       0x24 ./SDK/platform/drivers/src/clock/S32K1xx/clock_S32K1xx.o
 .text.SCG_ClearSpllControl
                0x00009cc4       0x1c ./SDK/platform/drivers/src/clock/S32K1xx/clock_S32K1xx.o
 .text.SCG_SetSpllConfiguration
                0x00009ce0       0x34 ./SDK/platform/drivers/src/clock/S32K1xx/clock_S32K1xx.o
 .text.SCG_SetSpllControl
                0x00009d14       0x5c ./SDK/platform/drivers/src/clock/S32K1xx/clock_S32K1xx.o
 .text.PCC_SetPeripheralClockControl
                0x00009d70       0x60 ./SDK/platform/drivers/src/clock/S32K1xx/clock_S32K1xx.o
 .text.PCC_SetClockMode
                0x00009dd0       0x70 ./SDK/platform/drivers/src/clock/S32K1xx/clock_S32K1xx.o
 .text.PCC_GetClockMode
                0x00009e40       0x44 ./SDK/platform/drivers/src/clock/S32K1xx/clock_S32K1xx.o
 .text.PCC_GetClockSourceSel
                0x00009e84       0x34 ./SDK/platform/drivers/src/clock/S32K1xx/clock_S32K1xx.o
 .text.PCC_GetFracValueSel
                0x00009eb8       0x34 ./SDK/platform/drivers/src/clock/S32K1xx/clock_S32K1xx.o
 .text.PCC_GetDividerSel
                0x00009eec       0x30 ./SDK/platform/drivers/src/clock/S32K1xx/clock_S32K1xx.o
 .text.PMC_SetLpoMode
                0x00009f1c       0x3c ./SDK/platform/drivers/src/clock/S32K1xx/clock_S32K1xx.o
 .text.PMC_GetLpoMode
                0x00009f58       0x2c ./SDK/platform/drivers/src/clock/S32K1xx/clock_S32K1xx.o
 .text.PMC_SetLpoTrimValue
                0x00009f84       0x58 ./SDK/platform/drivers/src/clock/S32K1xx/clock_S32K1xx.o
 .text.SMC_GetCurrentRunningMode
                0x00009fdc       0x1c ./SDK/platform/drivers/src/clock/S32K1xx/clock_S32K1xx.o
 .text.CLOCK_SYS_SetConfiguration
                0x00009ff8       0x70 ./SDK/platform/drivers/src/clock/S32K1xx/clock_S32K1xx.o
                0x00009ff8                CLOCK_SYS_SetConfiguration
 .text.CLOCK_SYS_SetScgConfiguration
                0x0000a068       0xb4 ./SDK/platform/drivers/src/clock/S32K1xx/clock_S32K1xx.o
 .text.CLOCK_SYS_SetPccConfiguration
                0x0000a11c       0xb4 ./SDK/platform/drivers/src/clock/S32K1xx/clock_S32K1xx.o
 .text.CLOCK_SYS_SetSimConfiguration
                0x0000a1d0      0x114 ./SDK/platform/drivers/src/clock/S32K1xx/clock_S32K1xx.o
 .text.CLOCK_SYS_SetPmcConfiguration
                0x0000a2e4       0x34 ./SDK/platform/drivers/src/clock/S32K1xx/clock_S32K1xx.o
 .text.CLOCK_SYS_GetDefaultConfiguration
                0x0000a318      0x24c ./SDK/platform/drivers/src/clock/S32K1xx/clock_S32K1xx.o
 .text.CLOCK_SYS_GetScgClockFreq
                0x0000a564      0x144 ./SDK/platform/drivers/src/clock/S32K1xx/clock_S32K1xx.o
 .text.CLOCK_SYS_GetSimClockFreq
                0x0000a6a8      0x20c ./SDK/platform/drivers/src/clock/S32K1xx/clock_S32K1xx.o
 .text.CLOCK_SYS_GetPccClockFreq
                0x0000a8b4      0x140 ./SDK/platform/drivers/src/clock/S32K1xx/clock_S32K1xx.o
 .text.CLOCK_SYS_GetFreq
                0x0000a9f4       0x5c ./SDK/platform/drivers/src/clock/S32K1xx/clock_S32K1xx.o
                0x0000a9f4                CLOCK_SYS_GetFreq
 .text.CLOCK_SYS_GetPeripheralClock
                0x0000aa50       0xd8 ./SDK/platform/drivers/src/clock/S32K1xx/clock_S32K1xx.o
 .text.CLOCK_SYS_GetCurrentRunMode
                0x0000ab28       0x44 ./SDK/platform/drivers/src/clock/S32K1xx/clock_S32K1xx.o
 .text.CLOCK_SYS_TransitionSystemClock
                0x0000ab6c       0x60 ./SDK/platform/drivers/src/clock/S32K1xx/clock_S32K1xx.o
 .text.CLOCK_SYS_GetSimClkOutFreq
                0x0000abcc       0xdc ./SDK/platform/drivers/src/clock/S32K1xx/clock_S32K1xx.o
 .text.CLOCK_SYS_GetScgClkOutFreq
                0x0000aca8       0x74 ./SDK/platform/drivers/src/clock/S32K1xx/clock_S32K1xx.o
 .text.CLOCK_SYS_GetSimRtcClkFreq
                0x0000ad1c       0x78 ./SDK/platform/drivers/src/clock/S32K1xx/clock_S32K1xx.o
 .text.CLOCK_SYS_ConfigureSIRC
                0x0000ad94       0xcc ./SDK/platform/drivers/src/clock/S32K1xx/clock_S32K1xx.o
 .text.CLOCK_SYS_ConfigureFIRC
                0x0000ae60       0xd0 ./SDK/platform/drivers/src/clock/S32K1xx/clock_S32K1xx.o
 .text.CLOCK_SYS_ConfigureSOSC
                0x0000af30      0x128 ./SDK/platform/drivers/src/clock/S32K1xx/clock_S32K1xx.o
 .text.CLOCK_SYS_ConfigureSPLL
                0x0000b058      0x120 ./SDK/platform/drivers/src/clock/S32K1xx/clock_S32K1xx.o
 .text.CLOCK_SYS_ConfigureTemporarySystemClock
                0x0000b178       0x5c ./SDK/platform/drivers/src/clock/S32K1xx/clock_S32K1xx.o
 .text.CLOCK_SYS_ConfigureModulesFromScg
                0x0000b1d4      0x1ac ./SDK/platform/drivers/src/clock/S32K1xx/clock_S32K1xx.o
 .text.CLOCK_SYS_GetSystemClockFreq
                0x0000b380       0xc0 ./SDK/platform/drivers/src/clock/S32K1xx/clock_S32K1xx.o
 .text.CLOCK_SYS_SetSystemClockConfig
                0x0000b440      0x1a0 ./SDK/platform/drivers/src/clock/S32K1xx/clock_S32K1xx.o
 .text.CLOCK_SYS_GetSysAsyncFreq
                0x0000b5e0      0x11c ./SDK/platform/drivers/src/clock/S32K1xx/clock_S32K1xx.o
 .text.CLOCK_SYS_GetSysOscFreq
                0x0000b6fc       0x30 ./SDK/platform/drivers/src/clock/S32K1xx/clock_S32K1xx.o
 .text.CLOCK_SYS_GetSircFreq
                0x0000b72c       0x44 ./SDK/platform/drivers/src/clock/S32K1xx/clock_S32K1xx.o
 .text.CLOCK_SYS_GetFircFreq
                0x0000b770       0x3c ./SDK/platform/drivers/src/clock/S32K1xx/clock_S32K1xx.o
 .text.CLOCK_SYS_GetSysPllFreq
                0x0000b7ac       0x64 ./SDK/platform/drivers/src/clock/S32K1xx/clock_S32K1xx.o
 .text.CLOCK_SYS_GetLpoFreq
                0x0000b810       0x7c ./SDK/platform/drivers/src/clock/S32K1xx/clock_S32K1xx.o
 .text.ADC_GetConvActiveFlag
                0x0000b88c       0x34 ./SDK/platform/drivers/src/adc/adc_driver.o
 .text.ADC_SetClockDivide
                0x0000b8c0       0x38 ./SDK/platform/drivers/src/adc/adc_driver.o
 .text.ADC_SetSampleTime
                0x0000b8f8       0x40 ./SDK/platform/drivers/src/adc/adc_driver.o
 .text.ADC_SetResolution
                0x0000b938       0x38 ./SDK/platform/drivers/src/adc/adc_driver.o
 .text.ADC_SetInputClock
                0x0000b970       0x38 ./SDK/platform/drivers/src/adc/adc_driver.o
 .text.ADC_SetTriggerMode
                0x0000b9a8       0x3c ./SDK/platform/drivers/src/adc/adc_driver.o
 .text.ADC_SetPretriggerSelect
                0x0000b9e4       0x80 ./SDK/platform/drivers/src/adc/adc_driver.o
 .text.ADC_SetTriggerSelect
                0x0000ba64       0x7c ./SDK/platform/drivers/src/adc/adc_driver.o
 .text.ADC_SetDMAEnableFlag
                0x0000bae0       0x40 ./SDK/platform/drivers/src/adc/adc_driver.o
 .text.ADC_SetVoltageReference
                0x0000bb20       0x3c ./SDK/platform/drivers/src/adc/adc_driver.o
 .text.ADC_SetContinuousConvFlag
                0x0000bb5c       0x40 ./SDK/platform/drivers/src/adc/adc_driver.o
 .text.ADC_SetSupplyMonitoringEnableFlag
                0x0000bb9c       0x38 ./SDK/platform/drivers/src/adc/adc_driver.o
 .text.ADC_SetChanInterruptEnableFlag
                0x0000bbd4       0x48 ./SDK/platform/drivers/src/adc/adc_driver.o
 .text.ADC_SetInputChannel
                0x0000bc1c       0x8c ./SDK/platform/drivers/src/adc/adc_driver.o
 .text.ADC_DRV_ConfigConverter
                0x0000bca8       0xb0 ./SDK/platform/drivers/src/adc/adc_driver.o
                0x0000bca8                ADC_DRV_ConfigConverter
 .text.ADC_DRV_ConfigChan
                0x0000bd58       0x44 ./SDK/platform/drivers/src/adc/adc_driver.o
                0x0000bd58                ADC_DRV_ConfigChan
 .text.ADC_DRV_WaitConvDone
                0x0000bd9c       0x2c ./SDK/platform/drivers/src/adc/adc_driver.o
                0x0000bd9c                ADC_DRV_WaitConvDone
 .text.ADC_DRV_GetChanResult
                0x0000bdc8       0x44 ./SDK/platform/drivers/src/adc/adc_driver.o
                0x0000bdc8                ADC_DRV_GetChanResult
 .text.init_data_bss
                0x0000be0c      0x110 ./SDK/platform/devices/startup.o
                0x0000be0c                init_data_bss
 .text.SystemInit
                0x0000bf1c       0x30 ./SDK/platform/devices/S32K144/startup/system_S32K144.o
                0x0000bf1c                SystemInit
 *(.rodata)
 .rodata        0x0000bf4c       0x18 ./SDK/platform/drivers/src/flexcan/flexcan_hw_access.o
 .rodata        0x0000bf64       0x20 ./SDK/platform/drivers/src/adc/adc_driver.o
 *(.rodata*)
 .rodata.s_lpuartBase
                0x0000bf84        0xc ./SDK/platform/drivers/src/lpuart/lpuart_driver.o
 .rodata.s_lpuartRxTxIrqId
                0x0000bf90        0x3 ./SDK/platform/drivers/src/lpuart/lpuart_driver.o
 *fill*         0x0000bf93        0x1 
 .rodata.s_lpuartClkNames
                0x0000bf94        0x3 ./SDK/platform/drivers/src/lpuart/lpuart_driver.o
 *fill*         0x0000bf97        0x1 
 .rodata.g_lpi2cDMASrc
                0x0000bf98        0x2 ./SDK/platform/drivers/src/lpi2c/lpi2c_driver.o
                0x0000bf98                g_lpi2cDMASrc
 *fill*         0x0000bf9a        0x2 
 .rodata.g_ftmBase
                0x0000bf9c       0x10 ./SDK/platform/drivers/src/ftm/ftm_common.o
                0x0000bf9c                g_ftmBase
 .rodata.g_ftmOverflowIrqId
                0x0000bfac        0x4 ./SDK/platform/drivers/src/ftm/ftm_common.o
                0x0000bfac                g_ftmOverflowIrqId
 .rodata.g_ftmExtClockSel
                0x0000bfb0        0x8 ./SDK/platform/drivers/src/ftm/ftm_common.o
 .rodata.g_flexcanBase
                0x0000bfb8        0xc ./SDK/platform/drivers/src/flexcan/flexcan_driver.o
 .rodata.g_flexcanWakeUpIrqId
                0x0000bfc4        0x3 ./SDK/platform/drivers/src/flexcan/flexcan_driver.o
 *fill*         0x0000bfc7        0x1 
 .rodata.g_flexcanErrorIrqId
                0x0000bfc8        0x3 ./SDK/platform/drivers/src/flexcan/flexcan_driver.o
 *fill*         0x0000bfcb        0x1 
 .rodata.g_flexcanBusOffIrqId
                0x0000bfcc        0x3 ./SDK/platform/drivers/src/flexcan/flexcan_driver.o
 *fill*         0x0000bfcf        0x1 
 .rodata.g_flexcanOredMessageBufferIrqId
                0x0000bfd0        0x6 ./SDK/platform/drivers/src/flexcan/flexcan_driver.o
 *fill*         0x0000bfd6        0x2 
 .rodata.s_edmaIrqId
                0x0000bfd8       0x10 ./SDK/platform/drivers/src/edma/edma_driver.o
 .rodata.clockNameMappings
                0x0000bfe8       0x9e ./SDK/platform/drivers/src/clock/S32K1xx/clock_S32K1xx.o
                0x0000bfe8                clockNameMappings
 *fill*         0x0000c086        0x2 
 .rodata.peripheralFeaturesList
                0x0000c088       0x4f ./SDK/platform/drivers/src/clock/S32K1xx/clock_S32K1xx.o
                0x0000c088                peripheralFeaturesList
 *fill*         0x0000c0d7        0x1 
 .rodata.maxClocksFreq.6397
                0x0000c0d8       0x24 ./SDK/platform/drivers/src/clock/S32K1xx/clock_S32K1xx.o
 .rodata.fircFreq.6452
                0x0000c0fc       0x10 ./SDK/platform/drivers/src/clock/S32K1xx/clock_S32K1xx.o
 .rodata.s_adcBase
                0x0000c10c        0x8 ./SDK/platform/drivers/src/adc/adc_driver.o
 .rodata.lpuart1_InitConfig0
                0x0000c114        0xc ./Generated_Code/lpuart1.o
                0x0000c114                lpuart1_InitConfig0
 .rodata.edmaChnStateArray
                0x0000c120        0x4 ./Generated_Code/dmaController1.o
                0x0000c120                edmaChnStateArray
 .rodata.edmaChnConfigArray
                0x0000c124        0x4 ./Generated_Code/dmaController1.o
                0x0000c124                edmaChnConfigArray
 .rodata.dmaController1_InitConfig0
                0x0000c128        0x2 ./Generated_Code/dmaController1.o
                0x0000c128                dmaController1_InitConfig0
 *fill*         0x0000c12a        0x2 
 .rodata.canCom1_InitConfig0
                0x0000c12c       0x38 ./Generated_Code/canCom1.o
                0x0000c12c                canCom1_InitConfig0
 .rodata.adConv1_ConvConfig0
                0x0000c164        0xb ./Generated_Code/adConv1.o
                0x0000c164                adConv1_ConvConfig0
 *fill*         0x0000c16f        0x1 
 .rodata.AdcKeyCurrentChannel
                0x0000c170        0x4 ./Generated_Code/adConv1.o
                0x0000c170                AdcKeyCurrentChannel
 .rodata.AdcRailA5VChannel
                0x0000c174        0x4 ./Generated_Code/adConv1.o
                0x0000c174                AdcRailA5VChannel
 .rodata.AdcTemp7Channel
                0x0000c178        0x4 ./Generated_Code/adConv1.o
                0x0000c178                AdcTemp7Channel
 .rodata.AdcTemp5Channel
                0x0000c17c        0x4 ./Generated_Code/adConv1.o
                0x0000c17c                AdcTemp5Channel
 .rodata.AdcTemp6Channel
                0x0000c180        0x4 ./Generated_Code/adConv1.o
                0x0000c180                AdcTemp6Channel
 .rodata.AdcVbatChannel
                0x0000c184        0x4 ./Generated_Code/adConv1.o
                0x0000c184                AdcVbatChannel
 *(.glue_7)
 .glue_7        0x00000000        0x0 linker stubs
 *(.glue_7t)
 .glue_7t       0x00000000        0x0 linker stubs
 *(.eh_frame)
 *(.init)
 *(.fini)
                0x0000c188                . = ALIGN (0x4)

.vfp11_veneer   0x0000c188        0x0
 .vfp11_veneer  0x00000000        0x0 linker stubs

.v4_bx          0x0000c188        0x0
 .v4_bx         0x00000000        0x0 linker stubs

.iplt           0x0000c188        0x0
 .iplt          0x00000000        0x0 C:/NXP/S32DS_ARM_v2018.R1/S32DS/arm_ewl2/lib/armv7e-m/__arm_start.o

.rel.dyn        0x0000c188        0x0
 .rel.iplt      0x00000000        0x0 C:/NXP/S32DS_ARM_v2018.R1/S32DS/arm_ewl2/lib/armv7e-m/__arm_start.o

.ARM.extab
 *(.ARM.extab* .gnu.linkonce.armextab.*)

.ARM            0x0000c188        0x0
                0x0000c188                __exidx_start = .
 *(.ARM.exidx*)
                0x0000c188                __exidx_end = .

.ctors          0x0000c188        0x0
                0x0000c188                __CTOR_LIST__ = .
 *crtbegin.o(.ctors)
 *crtbegin?.o(.ctors)
 *(EXCLUDE_FILE(*crtend.o *crtend?.o) .ctors)
 *(SORT(.ctors.*))
 *(.ctors)
                0x0000c188                __CTOR_END__ = .

.dtors          0x0000c188        0x0
                0x0000c188                __DTOR_LIST__ = .
 *crtbegin.o(.dtors)
 *crtbegin?.o(.dtors)
 *(EXCLUDE_FILE(*crtend.o *crtend?.o) .dtors)
 *(SORT(.dtors.*))
 *(.dtors)
                0x0000c188                __DTOR_END__ = .

.preinit_array  0x0000c188        0x0
                0x0000c188                PROVIDE (__preinit_array_start, .)
 *(.preinit_array*)
                0x0000c188                PROVIDE (__preinit_array_end, .)

.init_array     0x0000c188        0x0
                0x0000c188                PROVIDE (__init_array_start, .)
 *(SORT(.init_array.*))
 *(.init_array*)
                0x0000c188                PROVIDE (__init_array_end, .)

.fini_array     0x0000c188        0x0
                0x0000c188                PROVIDE (__fini_array_start, .)
 *(SORT(.fini_array.*))
 *(.fini_array*)
                0x0000c188                PROVIDE (__fini_array_end, .)
                0x0000c188                __etext = .
                0x0000c188                __DATA_ROM = .

.interrupts_ram
                0x1fff8000      0x400
                0x1fff8000                . = ALIGN (0x4)
                0x1fff8000                __VECTOR_RAM__ = .
                0x1fff8000                __interrupts_ram_start__ = .
 *(.m_interrupts_ram)
                0x1fff8400                . = (. + M_VECTOR_RAM_SIZE)
 *fill*         0x1fff8000      0x400 
                0x1fff8400                . = ALIGN (0x4)
                0x1fff8400                __interrupts_ram_end__ = .
                0x1fff8000                __VECTOR_RAM = DEFINED (__flash_vector_table__)?ORIGIN (m_interrupts):__VECTOR_RAM__
                0x00000400                __RAM_VECTOR_TABLE_SIZE = DEFINED (__flash_vector_table__)?0x0:(__interrupts_ram_end__ - __interrupts_ram_start__)

.data           0x1fff8400      0x878 load address 0x0000c188
                0x1fff8400                . = ALIGN (0x4)
                0x1fff8400                __DATA_RAM = .
                0x1fff8400                __data_start__ = .
 *(.data)
 *(.data*)
 .data.SafetyDectectTable
                0x1fff8400       0x28 ./Sources/hal/safety.o
 .data.checksum
                0x1fff8428        0x1 ./Sources/hal/CommDec.o
                0x1fff8428                checksum
 .data.bIsObjectDetected
                0x1fff8429        0x1 ./Sources/app/systemTerminate.o
 *fill*         0x1fff842a        0x2 
 .data.stateSelectionTransit
                0x1fff842c        0x6 ./Sources/app/systemTask.o
                0x1fff842c                stateSelectionTransit
 *fill*         0x1fff8432        0x2 
 .data.statePingTransit
                0x1fff8434        0xc ./Sources/app/systemTask.o
                0x1fff8434                statePingTransit
 .data.stateIdentConfigTransit