Archive member included because of file (symbol)

C:/NXP/S32DS_ARM_v2018.R1/S32DS/arm_ewl2/lib/armv7e-m\libc99.a(exit.o)
                              C:/NXP/S32DS_ARM_v2018.R1/S32DS/arm_ewl2/lib/armv7e-m/__arm_start.o (exit)
C:/NXP/S32DS_ARM_v2018.R1/S32DS/arm_ewl2/lib/armv7e-m\libc99.a(memset.o)
                              C:/NXP/S32DS_ARM_v2018.R1/S32DS/arm_ewl2/lib/armv7e-m/__arm_start.o (memset)
C:/NXP/S32DS_ARM_v2018.R1/S32DS/arm_ewl2/lib/armv7e-m\libc99.a(__filll_mem.o)
                              C:/NXP/S32DS_ARM_v2018.R1/S32DS/arm_ewl2/lib/armv7e-m\libc99.a(memset.o) (__fill_mem)
C:/NXP/S32DS_ARM_v2018.R1/S32DS/arm_ewl2/lib/armv7e-m\librt.a(gcc_ctor_dtor.o)
                              C:/NXP/S32DS_ARM_v2018.R1/S32DS/arm_ewl2/lib/armv7e-m/__arm_start.o (__init_cpp)
C:/NXP/S32DS_ARM_v2018.R1/S32DS/arm_ewl2/lib/armv7e-m\librt.a(__arm_eabi_init.o)
                              C:/NXP/S32DS_ARM_v2018.R1/S32DS/arm_ewl2/lib/armv7e-m\libc99.a(exit.o) (__destroy_global_chain)
C:/NXP/S32DS_ARM_v2018.R1/S32DS/arm_ewl2/lib/armv7e-m\librt.a(ROMCopy.o)
                              C:/NXP/S32DS_ARM_v2018.R1/S32DS/arm_ewl2/lib/armv7e-m/__arm_start.o (__copy_rom_sections_to_ram)

Allocating common symbols
Common symbol       size              file

LastCode            0x1               ./Sources/hal/CommDec.o
scaleValue          0x2               ./Sources/hal/pid.o
gMaxPower           0x1               ./Sources/main.o
KeycurrentState     0x1               ./Sources/app/systemTask.o
KChargeSts          0x1               ./Sources/app/systemStatusCharge.o
SysnextState        0x1               ./Sources/app/systemTask.o
lpuart1_State       0x34              ./Generated_Code/lpuart1.o
SyscurrentState     0x1               ./Sources/app/systemTask.o
VpwmPeriod          0x2               ./Sources/hal/pid.o
freq                0x4               ./Sources/main.o
g_xtal0ClkFreq      0x4               ./SDK/platform/drivers/src/clock/S32K1xx/clock_S32K1xx.o
sControlError       0x1               ./Sources/app/systemPowerTrans.o
gWindowSize         0x1               ./Sources/main.o
adjustValue         0x1               ./Sources/hal/pid.o
pStateTransit       0x4               ./Sources/app/systemTask.o
Cur                 0x2               ./Sources/hal/hal.o
gCountOptConfig     0x1               ./Sources/main.o
Lpi2cMasterState    0x34              ./SDK/platform/pal/i2c/src/i2c_pal.o
g_RtcClkInFreq      0x4               ./SDK/platform/drivers/src/clock/S32K1xx/clock_S32K1xx.o
bStatePing          0x1               ./Sources/app/systemPing.o
KeynextState        0x1               ./Sources/app/systemTask.o
CurTemp             0x2               ./Sources/hal/hal.o
g_TClkFreq          0xc               ./SDK/platform/drivers/src/clock/S32K1xx/clock_S32K1xx.o
eventInfo           0x2               ./Sources/app/systemTask.o
Lpi2cSlaveState     0x24              ./SDK/platform/pal/i2c/src/i2c_pal.o
PChargeSts          0x1               ./Sources/app/systemStatusCharge.o
adjustType          0x1               ./Sources/hal/pid.o
SyspStateTransit    0x4               ./Sources/app/systemTask.o
gExt                0x1               ./Sources/main.o
ginitCurrent        0x2               ./Sources/main.o
dmaController1_State
                    0x40              ./Generated_Code/dmaController1.o
SyseventInfo        0x2               ./Sources/app/systemTask.o
dmaController1Chn0_State
                    0x10              ./Generated_Code/dmaController1.o

Discarded input sections

 .text          0x00000000        0x0 C:/NXP/S32DS_ARM_v2018.R1/S32DS/arm_ewl2/lib/armv7e-m/__arm_start.o
 .data          0x00000000        0x0 C:/NXP/S32DS_ARM_v2018.R1/S32DS/arm_ewl2/lib/armv7e-m/__arm_start.o
 .bss           0x00000000        0x0 C:/NXP/S32DS_ARM_v2018.R1/S32DS/arm_ewl2/lib/armv7e-m/__arm_start.o
 .text.__thumb_startup
                0x00000000       0x3c C:/NXP/S32DS_ARM_v2018.R1/S32DS/arm_ewl2/lib/armv7e-m/__arm_start.o
 .text.__iar_program_start
                0x00000000        0x4 C:/NXP/S32DS_ARM_v2018.R1/S32DS/arm_ewl2/lib/armv7e-m/__arm_start.o
 .bss.argv      0x00000000        0x4 C:/NXP/S32DS_ARM_v2018.R1/S32DS/arm_ewl2/lib/armv7e-m/__arm_start.o
 .debug_info    0x00000000      0x144 C:/NXP/S32DS_ARM_v2018.R1/S32DS/arm_ewl2/lib/armv7e-m/__arm_start.o
 .debug_abbrev  0x00000000       0xc0 C:/NXP/S32DS_ARM_v2018.R1/S32DS/arm_ewl2/lib/armv7e-m/__arm_start.o
 .debug_aranges
                0x00000000       0x28 C:/NXP/S32DS_ARM_v2018.R1/S32DS/arm_ewl2/lib/armv7e-m/__arm_start.o
 .debug_line    0x00000000       0x68 C:/NXP/S32DS_ARM_v2018.R1/S32DS/arm_ewl2/lib/armv7e-m/__arm_start.o
 .debug_str     0x00000000      0x270 C:/NXP/S32DS_ARM_v2018.R1/S32DS/arm_ewl2/lib/armv7e-m/__arm_start.o
 .comment       0x00000000       0x71 C:/NXP/S32DS_ARM_v2018.R1/S32DS/arm_ewl2/lib/armv7e-m/__arm_start.o
 .debug_frame   0x00000000       0x30 C:/NXP/S32DS_ARM_v2018.R1/S32DS/arm_ewl2/lib/armv7e-m/__arm_start.o
 .ARM.attributes
[...]
Memory Configuration

Name             Origin             Length             Attributes
m_interrupts     0x00000000         0x00000400         xr
m_flash_config   0x00000400         0x00000010         xr
m_text           0x00000410         0x0007fbf0         xr
m_data           0x1fff8000         0x00008000         rw
m_data_2         0x20000000         0x00007000         rw
*default*        0x00000000         0xffffffff

Linker script and memory map

LOAD C:/NXP/S32DS_ARM_v2018.R1/S32DS/arm_ewl2/lib/armv7e-m/__arm_start.o
LOAD ./Sources/main.o
LOAD ./Sources/interrupt.o
LOAD ./Sources/hal/safety.o
LOAD ./Sources/hal/pid.o
LOAD ./Sources/hal/measure.o
LOAD ./Sources/hal/hal.o
LOAD ./Sources/hal/Packet.o
LOAD ./Sources/hal/ObjectDetection.o
LOAD ./Sources/hal/CommDec.o
LOAD ./Sources/app/systemTimers.o
LOAD ./Sources/app/systemTerminate.o
LOAD ./Sources/app/systemTask.o
LOAD ./Sources/app/systemStatusStandby.o
LOAD ./Sources/app/systemStatusPause.o
LOAD ./Sources/app/systemStatusNfc.o
LOAD ./Sources/app/systemStatusFault.o
LOAD ./Sources/app/systemStatusCharge.o
LOAD ./Sources/app/systemSelection.o
LOAD ./Sources/app/systemSafe.o
LOAD ./Sources/app/systemPowerTrans.o
LOAD ./Sources/app/systemPing.o
LOAD ./Sources/app/systemIdConfig.o
LOAD ./SDK/rtos/osif/osif_baremetal.o
LOAD ./SDK/platform/pal/i2c/src/i2c_pal.o
LOAD ./SDK/platform/drivers/src/pins/pins_port_hw_access.o
LOAD ./SDK/platform/drivers/src/pins/pins_driver.o
LOAD ./SDK/platform/drivers/src/lpuart/lpuart_irq.o
LOAD ./SDK/platform/drivers/src/lpuart/lpuart_hw_access.o
LOAD ./SDK/platform/drivers/src/lpuart/lpuart_driver.o
LOAD ./SDK/platform/drivers/src/lpi2c/lpi2c_irq.o
LOAD ./SDK/platform/drivers/src/lpi2c/lpi2c_hw_access.o
LOAD ./SDK/platform/drivers/src/lpi2c/lpi2c_driver.o
LOAD ./SDK/platform/drivers/src/interrupt/interrupt_manager.o
LOAD ./SDK/platform/drivers/src/ftm/ftm_pwm_driver.o
LOAD ./SDK/platform/drivers/src/ftm/ftm_mc_driver.o
LOAD ./SDK/platform/drivers/src/ftm/ftm_hw_access.o
LOAD ./SDK/platform/drivers/src/ftm/ftm_common.o
LOAD ./SDK/platform/drivers/src/edma/edma_irq.o
LOAD ./SDK/platform/drivers/src/edma/edma_hw_access.o
LOAD ./SDK/platform/drivers/src/edma/edma_driver.o
LOAD ./SDK/platform/drivers/src/clock/clock_manager.o
LOAD ./SDK/platform/drivers/src/clock/S32K1xx/clock_S32K1xx.o
LOAD ./SDK/platform/drivers/src/adc/adc_driver.o
LOAD ./SDK/platform/devices/startup.o
LOAD ./SDK/platform/devices/S32K144/startup/system_S32K144.o
LOAD ./Project_Settings/Startup_Code/startup_S32K144.o
LOAD ./Generated_Code/pin_mux.o
LOAD ./Generated_Code/lpuart1.o
LOAD ./Generated_Code/i2c1.o
LOAD ./Generated_Code/flexTimer_pwm1.o
LOAD ./Generated_Code/flexTimer_mc1.o
LOAD ./Generated_Code/dmaController1.o
LOAD ./Generated_Code/clockMan1.o
LOAD ./Generated_Code/adConv1.o
LOAD ./Generated_Code/Cpu.o
START GROUP
LOAD C:/NXP/S32DS_ARM_v2018.R1/S32DS/arm_ewl2/lib/armv7e-m\libc99.a
LOAD C:/NXP/S32DS_ARM_v2018.R1/S32DS/arm_ewl2/lib/armv7e-m\libm.a
LOAD c:/nxp/s32ds_arm_v2018.r1/cross_tools/gcc-arm-none-eabi-4_9/bin/../lib/gcc/arm-none-eabi/4.9.3/armv7e-m\libgcc.a
LOAD C:/NXP/S32DS_ARM_v2018.R1/S32DS/arm_ewl2/lib/armv7e-m\librt.a
LOAD C:/NXP/S32DS_ARM_v2018.R1/S32DS/arm_ewl2/lib/armv7e-m\libnoio.a
END GROUP
LOAD C:/NXP/S32DS_ARM_v2018.R1/S32DS/arm_ewl2/lib/armv7e-m/__arm_end.o
                0x00000400                HEAP_SIZE = DEFINED (__heap_size__)?__heap_size__:0x400
                0x00000400                STACK_SIZE = DEFINED (__stack_size__)?__stack_size__:0x400
                0x00000400                M_VECTOR_RAM_SIZE = DEFINED (__flash_vector_table__)?0x0:0x400

.interrupts     0x00000000      0x400
                0x00000000                __VECTOR_TABLE = .
                0x00000000                . = ALIGN (0x4)
 *(.isr_vector)
 .isr_vector    0x00000000      0x400 ./Project_Settings/Startup_Code/startup_S32K144.o
                0x00000000                __isr_vector
                0x00000400                . = ALIGN (0x4)

.flash_config   0x00000400       0x10
                0x00000400                . = ALIGN (0x4)
 *(.FlashConfig)
 .FlashConfig   0x00000400       0x10 ./Project_Settings/Startup_Code/startup_S32K144.o
                0x00000410                . = ALIGN (0x4)

.text           0x00000410     0xa5e0
                0x00000410                . = ALIGN (0x4)
 *(.text)
 .text          0x00000410       0x44 ./Project_Settings/Startup_Code/startup_S32K144.o
                0x00000410                Reset_Handler
                0x00000450                DebugMon_Handler
                0x00000450                Reserved88_IRQHandler
                0x00000450                CAN0_ORed_IRQHandler
                0x00000450                HardFault_Handler
                0x00000450                Reserved86_IRQHandler
                0x00000450                Reserved103_IRQHandler
                0x00000450                FTM2_Ovf_Reload_IRQHandler
                0x00000450                Reserved50_IRQHandler
                0x00000450                FTFC_Fault_IRQHandler
                0x00000450                FTM0_Ch6_Ch7_IRQHandler
                0x00000450                Reserved114_IRQHandler
                0x00000450                PendSV_Handler
                0x00000450                NMI_Handler
                0x00000450                Reserved89_IRQHandler
                0x00000450                ERM_double_fault_IRQHandler
                0x00000450                Reserved59_IRQHandler
                0x00000450                LPIT0_Ch0_IRQHandler
                0x00000450                Reserved99_IRQHandler
                0x00000450                FTM3_Ch6_Ch7_IRQHandler
                0x00000450                CAN2_ORed_0_15_MB_IRQHandler
                0x00000450                LPIT0_Ch3_IRQHandler
                0x00000450                Reserved92_IRQHandler
                0x00000450                FTM0_Ch4_Ch5_IRQHandler
                0x00000450                CAN1_Error_IRQHandler
                0x00000450                FTM3_Ch0_Ch1_IRQHandler
                0x00000450                SWI_IRQHandler
                0x00000450                ADC0_IRQHandler
                0x00000450                FTM2_Ch4_Ch5_IRQHandler
                0x00000450                UsageFault_Handler
                0x00000450                FTM0_Ovf_Reload_IRQHandler
                0x00000450                DefaultISR
                0x00000450                Reserved58_IRQHandler
                0x00000450                CAN1_ORed_0_15_MB_IRQHandler
                0x00000450                FTM1_Ch2_Ch3_IRQHandler
                0x00000450                Reserved82_IRQHandler
                0x00000450                CAN0_ORed_16_31_MB_IRQHandler
                0x00000450                Reserved71_IRQHandler
                0x00000450                PORTD_IRQHandler
                0x00000450                Reserved69_IRQHandler
                0x00000450                PORTB_IRQHandler
                0x00000450                Reserved70_IRQHandler
                0x00000450                ADC1_IRQHandler
                0x00000450                FTM2_Ch2_Ch3_IRQHandler
                0x00000450                Reserved53_IRQHandler
                0x00000450                RTC_IRQHandler
                0x00000450                PDB0_IRQHandler
                0x00000450                Reserved54_IRQHandler
                0x00000450                FTM2_Ch6_Ch7_IRQHandler
                0x00000450                FTM3_Ch2_Ch3_IRQHandler
                0x00000450                FTM2_Ch0_Ch1_IRQHandler
                0x00000450                LPSPI1_IRQHandler
                0x00000450                LPUART1_RxTx_IRQHandler
                0x00000450                RTC_Seconds_IRQHandler
                0x00000450                CAN2_ORed_IRQHandler
                0x00000450                Reserved72_IRQHandler
                0x00000450                Reserved110_IRQHandler
                0x00000450                Reserved107_IRQHandler
                0x00000450                Read_Collision_IRQHandler
                0x00000450                CAN2_Error_IRQHandler
                0x00000450                FTFC_IRQHandler
                0x00000450                FTM1_Ch6_Ch7_IRQHandler
                0x00000450                Reserved105_IRQHandler
                0x00000450                LPIT0_Ch1_IRQHandler
                0x00000450                FTM1_Ch4_Ch5_IRQHandler
                0x00000450                FTM3_Ovf_Reload_IRQHandler
                0x00000450                LPUART2_RxTx_IRQHandler
                0x00000450                LPSPI0_IRQHandler
                0x00000450                WDOG_EWM_IRQHandler
                0x00000450                MemManage_Handler
                0x00000450                Reserved90_IRQHandler
                0x00000450                Reserved83_IRQHandler
                0x00000450                FTM0_Fault_IRQHandler
                0x00000450                Reserved48_IRQHandler
                0x00000450                SVC_Handler
                0x00000450                ERM_single_fault_IRQHandler
                0x00000450                FTM2_Fault_IRQHandler
                0x00000450                FTM0_Ch2_Ch3_IRQHandler
                0x00000450                FTM0_Ch0_Ch1_IRQHandler
                0x00000450                FTM3_Fault_IRQHandler
                0x00000450                RCM_IRQHandler
                0x00000450                Reserved100_IRQHandler
                0x00000450                Reserved91_IRQHandler
                0x00000450                CAN1_ORed_IRQHandler
                0x00000450                SCG_IRQHandler
                0x00000450                PDB1_IRQHandler
                0x00000450                Reserved81_IRQHandler
                0x00000450                Reserved46_IRQHandler
                0x00000450                Reserved45_IRQHandler
                0x00000450                CAN0_Error_IRQHandler
                0x00000450                Reserved112_IRQHandler
                0x00000450                FTM1_Fault_IRQHandler
                0x00000450                Reserved106_IRQHandler
                0x00000450                LVD_LVW_IRQHandler
                0x00000450                LPIT0_Ch2_IRQHandler
                0x00000450                PORTA_IRQHandler
                0x00000450                MCM_IRQHandler
                0x00000450                LPSPI2_IRQHandler
                0x00000450                FTM3_Ch4_Ch5_IRQHandler
                0x00000450                CAN0_ORed_0_15_MB_IRQHandler
                0x00000450                PORTE_IRQHandler
                0x00000450                LPUART0_RxTx_IRQHandler
                0x00000450                LPTMR0_IRQHandler
                0x00000450                BusFault_Handler
                0x00000450                Reserved87_IRQHandler
                0x00000450                Reserved93_IRQHandler
                0x00000450                CAN0_Wake_Up_IRQHandler
                0x00000450                CMP0_IRQHandler
                0x00000450                Reserved52_IRQHandler
                0x00000450                FTM1_Ch0_Ch1_IRQHandler
                0x00000450                FLEXIO_IRQHandler
                0x00000450                Reserved113_IRQHandler
 *(.text*)
 .text.main     0x00000454       0x24 ./Sources/main.o
                0x00000454                main
 .text.FTM1_Ovf_Reload_IRQHandler
                0x00000478       0x14 ./Sources/interrupt.o
                0x00000478                FTM1_Ovf_Reload_IRQHandler
 .text.PORTC_IRQHandler
                0x0000048c       0x7c ./Sources/interrupt.o
                0x0000048c                PORTC_IRQHandler
 .text.IsOver   0x00000508       0x74 ./Sources/hal/safety.o
 .text.SafetyMonitor
                0x0000057c       0x64 ./Sources/hal/safety.o
                0x0000057c                SafetyMonitor
 .text.FTM_DRV_SetMod
                0x000005e0       0x28 ./Sources/hal/pid.o
 .text.FTM_DRV_SetSoftwareTriggerCmd
                0x00000608       0x2c ./Sources/hal/pid.o
 .text.FitRange
                0x00000634       0x34 ./Sources/hal/pid.o
                0x00000634                FitRange
 .text.CalculateNewFrequency
                0x00000668       0xec ./Sources/hal/pid.o
                0x00000668                CalculateNewFrequency
 .text.ResetPID
                0x00000754       0x2c ./Sources/hal/pid.o
                0x00000754                ResetPID
 .text.GetInstantValue
                0x00000780       0x38 ./Sources/hal/measure.o
                0x00000780                GetInstantValue
 .text.InitMeasurement
                0x000007b8       0x4c ./Sources/hal/measure.o
                0x000007b8                InitMeasurement
 .text.MeasureAll
                0x00000804       0x9c ./Sources/hal/measure.o
                0x00000804                MeasureAll
 .text.GetFilteredMeasurement
                0x000008a0       0x24 ./Sources/hal/measure.o
                0x000008a0                GetFilteredMeasurement
 .text.HAL_Init
                0x000008c4      0x110 ./Sources/hal/hal.o
                0x000008c4                HAL_Init
 .text.HAL_SetPwmPeriod
                0x000009d4       0x1c ./Sources/hal/hal.o
                0x000009d4                HAL_SetPwmPeriod
 .text.HAL_GetAdcSampleData
                0x000009f0      0x15c ./Sources/hal/hal.o
                0x000009f0                HAL_GetAdcSampleData
 .text.HAL_GetBatteryVoltage
                0x00000b4c       0x10 ./Sources/hal/hal.o
                0x00000b4c                HAL_GetBatteryVoltage
 .text.HAL_GetCurrentOffset
                0x00000b5c       0x18 ./Sources/hal/hal.o
                0x00000b5c                HAL_GetCurrentOffset
 .text.HAL_GetInputCurrent
                0x00000b74       0x4c ./Sources/hal/hal.o
                0x00000b74                HAL_GetInputCurrent
 .text.HAL_GetTemp5
                0x00000bc0       0x10 ./Sources/hal/hal.o
                0x00000bc0                HAL_GetTemp5
 .text.HAL_GetTemp6
                0x00000bd0       0x10 ./Sources/hal/hal.o
                0x00000bd0                HAL_GetTemp6
 .text.HAL_GetTemp7
                0x00000be0       0x10 ./Sources/hal/hal.o
                0x00000be0                HAL_GetTemp7
 .text.GetMaxValue
                0x00000bf0       0x40 ./Sources/hal/hal.o
 .text.HAL_GetPingCurrent
                0x00000c30       0x2c ./Sources/hal/hal.o
                0x00000c30                HAL_GetPingCurrent
 .text.HAL_EnablePower
                0x00000c5c       0x20 ./Sources/hal/hal.o
                0x00000c5c                HAL_EnablePower
 .text.HAL_DisablePower
                0x00000c7c       0x20 ./Sources/hal/hal.o
                0x00000c7c                HAL_DisablePower
 .text.HAL_DetectObject
                0x00000c9c       0x48 ./Sources/hal/hal.o
                0x00000c9c                HAL_DetectObject
 .text.HAL_UartSendCommand
                0x00000ce4       0x1c ./Sources/hal/hal.o
                0x00000ce4                HAL_UartSendCommand
 .text.GetPacketMessage
                0x00000d00       0x94 ./Sources/hal/Packet.o
                0x00000d00                GetPacketMessage
 .text.GetTransmitterPower
                0x00000d94       0x38 ./Sources/hal/ObjectDetection.o
                0x00000d94                GetTransmitterPower
 .text.GetReceiverPower
                0x00000dcc       0x8c ./Sources/hal/ObjectDetection.o
 .text.GetAvgRevPower
                0x00000e58       0xb0 ./Sources/hal/ObjectDetection.o
                0x00000e58                GetAvgRevPower
 .text.StartAvgRevPower
                0x00000f08       0x54 ./Sources/hal/ObjectDetection.o
                0x00000f08                StartAvgRevPower
 .text.InitFodLossValue
                0x00000f5c       0x24 ./Sources/hal/ObjectDetection.o
                0x00000f5c                InitFodLossValue
 .text.ResetFodCounter
                0x00000f80       0x20 ./Sources/hal/ObjectDetection.o
                0x00000f80                ResetFodCounter
 .text.variable_clear
                0x00000fa0       0x6c ./Sources/hal/CommDec.o
                0x00000fa0                variable_clear
 .text.CodeDecoder
                0x0000100c       0xa8 ./Sources/hal/CommDec.o
                0x0000100c                CodeDecoder
 .text.CommDecoder
                0x000010b4      0x394 ./Sources/hal/CommDec.o
                0x000010b4                CommDecoder
 .text.ST_TimerUpdate
                0x00001448       0x50 ./Sources/app/systemTimers.o
                0x00001448                ST_TimerUpdate
 .text.ST_GetTimerTick
                0x00001498       0x18 ./Sources/app/systemTimers.o
                0x00001498                ST_GetTimerTick
 .text.ST_GetUsTimerTick
                0x000014b0       0x18 ./Sources/app/systemTimers.o
                0x000014b0                ST_GetUsTimerTick
 .text.ST_GetElapasedTime
                0x000014c8       0x38 ./Sources/app/systemTimers.o
                0x000014c8                ST_GetElapasedTime
 .text.ST_WaitMs
                0x00001500       0x2c ./Sources/app/systemTimers.o
                0x00001500                ST_WaitMs
 .text.StopAllTimers
                0x0000152c       0x34 ./Sources/app/systemTimers.o
                0x0000152c                StopAllTimers
 .text.StopTimer1
                0x00001560       0x18 ./Sources/app/systemTimers.o
                0x00001560                StopTimer1
 .text.StartTimer1
                0x00001578       0x34 ./Sources/app/systemTimers.o
                0x00001578                StartTimer1
 .text.RestartTimer1
                0x000015ac       0x18 ./Sources/app/systemTimers.o
                0x000015ac                RestartTimer1
 .text.IsTimer1Expired
                0x000015c4       0x40 ./Sources/app/systemTimers.o
                0x000015c4                IsTimer1Expired
 .text.StartTimer2
                0x00001604       0x34 ./Sources/app/systemTimers.o
                0x00001604                StartTimer2
 .text.RestartTimer2
                0x00001638       0x18 ./Sources/app/systemTimers.o
                0x00001638                RestartTimer2
 .text.IsTimer2Expired
                0x00001650       0x40 ./Sources/app/systemTimers.o
                0x00001650                IsTimer2Expired
 .text.StopTimer3
                0x00001690       0x18 ./Sources/app/systemTimers.o
                0x00001690                StopTimer3
 .text.StartTimer3
                0x000016a8       0x34 ./Sources/app/systemTimers.o
                0x000016a8                StartTimer3
 .text.IsTimer3Expired
                0x000016dc       0x40 ./Sources/app/systemTimers.o
                0x000016dc                IsTimer3Expired
 .text.StopTimer4
                0x0000171c       0x18 ./Sources/app/systemTimers.o
                0x0000171c                StopTimer4
 .text.STerminateEntry
                0x00001734       0x94 ./Sources/app/systemTerminate.o
                0x00001734                STerminateEntry
 .text.STerminateExit
                0x000017c8        0xc ./Sources/app/systemTerminate.o
                0x000017c8                STerminateExit
 .text.STerminateAction
                0x000017d4      0x11c ./Sources/app/systemTerminate.o
                0x000017d4                STerminateAction
 .text.GetCodeEPT
                0x000018f0       0x18 ./Sources/app/systemTerminate.o
                0x000018f0                GetCodeEPT
 .text.GetEvent
                0x00001908       0x48 ./Sources/app/systemTask.o
                0x00001908                GetEvent
 .text.KeyChargeRun
                0x00001950       0xd4 ./Sources/app/systemTask.o
 .text.AppTask_1msHandle
                0x00001a24       0x14 ./Sources/app/systemTask.o
 .text.AppTask_10msHandle
                0x00001a38       0x14 ./Sources/app/systemTask.o
 .text.AppTask_100msHandle
                0x00001a4c        0xc ./Sources/app/systemTask.o
 .text.AppTask_1secHandler
                0x00001a58        0xc ./Sources/app/systemTask.o
 .text.AppTask_1minHandler
                0x00001a64        0xc ./Sources/app/systemTask.o
 .text.AppTask_Poll
                0x00001a70      0x17c ./Sources/app/systemTask.o
                0x00001a70                AppTask_Poll
 .text.KeyChargeStateInit
                0x00001bec       0x18 ./Sources/app/systemTask.o
                0x00001bec                KeyChargeStateInit
 .text.KeyChargeSelectionEntry
                0x00001c04       0x20 ./Sources/app/systemTask.o
                0x00001c04                KeyChargeSelectionEntry
 .text.SSelectionEntry
                0x00001c24       0x2c ./Sources/app/systemSelection.o
                0x00001c24                SSelectionEntry
 .text.SSelectionExit
                0x00001c50        0xc ./Sources/app/systemSelection.o
                0x00001c50                SSelectionExit
 .text.SSelectionAction
                0x00001c5c       0x68 ./Sources/app/systemSelection.o
                0x00001c5c                SSelectionAction
 .text.SSafeEntry
                0x00001cc4       0x68 ./Sources/app/systemSafe.o
                0x00001cc4                SSafeEntry
 .text.SSafeExit
                0x00001d2c        0xc ./Sources/app/systemSafe.o
                0x00001d2c                SSafeExit
 .text.IsRxDetected
                0x00001d38       0x54 ./Sources/app/systemSafe.o
                0x00001d38                IsRxDetected
 .text.IsOverCurrent
                0x00001d8c       0x30 ./Sources/app/systemSafe.o
 .text.SSafeAction
                0x00001dbc       0x68 ./Sources/app/systemSafe.o
                0x00001dbc                SSafeAction
 .text.SPowerTransEntry
                0x00001e24       0x50 ./Sources/app/systemPowerTrans.o
                0x00001e24                SPowerTransEntry
 .text.SPowerTransExit
                0x00001e74        0xc ./Sources/app/systemPowerTrans.o
                0x00001e74                SPowerTransExit
 .text.SPowerTransAction
                0x00001e80       0xfc ./Sources/app/systemPowerTrans.o
                0x00001e80                SPowerTransAction
 .text.SPowerTansSetHoldOfftime
                0x00001f7c       0x20 ./Sources/app/systemPowerTrans.o
                0x00001f7c                SPowerTansSetHoldOfftime
 .text.GetRecvPower
                0x00001f9c       0x18 ./Sources/app/systemPowerTrans.o
                0x00001f9c                GetRecvPower
 .text.SPingEntry
                0x00001fb4       0x40 ./Sources/app/systemPing.o
                0x00001fb4                SPingEntry
 .text.SPingExit
                0x00001ff4        0xc ./Sources/app/systemPing.o
                0x00001ff4                SPingExit
 .text.SPingAction
                0x00002000       0x84 ./Sources/app/systemPing.o
                0x00002000                SPingAction
 .text.SIdentConfigEntry
                0x00002084       0x6c ./Sources/app/systemIdConfig.o
                0x00002084                SIdentConfigEntry
 .text.SIdentConfigExit
                0x000020f0        0xc ./Sources/app/systemIdConfig.o
                0x000020f0                SIdentConfigExit
 .text.SIdentConfigAction
                0x000020fc      0x174 ./Sources/app/systemIdConfig.o
                0x000020fc                SIdentConfigAction
 .text.osif_Tick
                0x00002270       0x1c ./SDK/rtos/osif/osif_baremetal.o
 .text.SysTick_Handler
                0x0000228c        0xc ./SDK/rtos/osif/osif_baremetal.o
                0x0000228c                SysTick_Handler
 .text.osif_DisableIrqGlobal
                0x00002298        0xc ./SDK/rtos/osif/osif_baremetal.o
 .text.osif_EnableIrqGlobal
                0x000022a4        0xc ./SDK/rtos/osif/osif_baremetal.o
 .text.OSIF_SemaPost
                0x000022b0       0x3c ./SDK/rtos/osif/osif_baremetal.o
                0x000022b0                OSIF_SemaPost
 .text.OSIF_SemaCreate
                0x000022ec       0x24 ./SDK/rtos/osif/osif_baremetal.o
                0x000022ec                OSIF_SemaCreate
 .text.PINS_GPIO_WritePin
                0x00002310       0x44 ./SDK/platform/drivers/src/pins/pins_port_hw_access.o
 .text.PINS_Init
                0x00002354      0x1a0 ./SDK/platform/drivers/src/pins/pins_port_hw_access.o
                0x00002354                PINS_Init
 .text.PINS_GPIO_SetPinsDirection
                0x000024f4       0x1c ./SDK/platform/drivers/src/pins/pins_driver.o
 .text.PINS_GPIO_SetPins
                0x00002510       0x1c ./SDK/platform/drivers/src/pins/pins_driver.o
 .text.PINS_GPIO_ClearPins
                0x0000252c       0x1c ./SDK/platform/drivers/src/pins/pins_driver.o
 .text.PINS_SetPinIntSel
                0x00002548       0x44 ./SDK/platform/drivers/src/pins/pins_driver.o
 .text.PINS_ClearPinIntFlagCmd
                0x0000258c       0x38 ./SDK/platform/drivers/src/pins/pins_driver.o
 .text.PINS_DRV_Init
                0x000025c4       0x50 ./SDK/platform/drivers/src/pins/pins_driver.o
                0x000025c4                PINS_DRV_Init
 .text.PINS_DRV_SetPinIntSel
                0x00002614       0x20 ./SDK/platform/drivers/src/pins/pins_driver.o
                0x00002614                PINS_DRV_SetPinIntSel
 .text.PINS_DRV_ClearPinIntFlagCmd
                0x00002634       0x18 ./SDK/platform/drivers/src/pins/pins_driver.o
                0x00002634                PINS_DRV_ClearPinIntFlagCmd
 .text.PINS_DRV_SetPinsDirection
                0x0000264c       0x18 ./SDK/platform/drivers/src/pins/pins_driver.o
                0x0000264c                PINS_DRV_SetPinsDirection
 .text.PINS_DRV_SetPins
                0x00002664       0x18 ./SDK/platform/drivers/src/pins/pins_driver.o
                0x00002664                PINS_DRV_SetPins
 .text.PINS_DRV_ClearPins
                0x0000267c       0x18 ./SDK/platform/drivers/src/pins/pins_driver.o
                0x0000267c                PINS_DRV_ClearPins
 .text.LPUART0_IrqHandler
                0x00002694        0xc ./SDK/platform/drivers/src/lpuart/lpuart_irq.o
                0x00002694                LPUART0_IrqHandler
 .text.LPUART1_IrqHandler
                0x000026a0        0xc ./SDK/platform/drivers/src/lpuart/lpuart_irq.o
                0x000026a0                LPUART1_IrqHandler
 .text.LPUART2_IrqHandler
                0x000026ac        0xc ./SDK/platform/drivers/src/lpuart/lpuart_irq.o
                0x000026ac                LPUART2_IrqHandler
 .text.LPUART_Init
                0x000026b8       0x48 ./SDK/platform/drivers/src/lpuart/lpuart_hw_access.o
                0x000026b8                LPUART_Init
 .text.LPUART_SetBitCountPerChar
                0x00002700       0x48 ./SDK/platform/drivers/src/lpuart/lpuart_hw_access.o
                0x00002700                LPUART_SetBitCountPerChar
 .text.LPUART_SetParityMode
                0x00002748       0x40 ./SDK/platform/drivers/src/lpuart/lpuart_hw_access.o
                0x00002748                LPUART_SetParityMode
 .text.LPUART_Putchar9
                0x00002788       0x44 ./SDK/platform/drivers/src/lpuart/lpuart_hw_access.o
                0x00002788                LPUART_Putchar9
 .text.LPUART_Putchar10
                0x000027cc       0x68 ./SDK/platform/drivers/src/lpuart/lpuart_hw_access.o
                0x000027cc                LPUART_Putchar10
 .text.LPUART_Getchar9
                0x00002834       0x40 ./SDK/platform/drivers/src/lpuart/lpuart_hw_access.o
                0x00002834                LPUART_Getchar9
 .text.LPUART_Getchar10
                0x00002874       0x5c ./SDK/platform/drivers/src/lpuart/lpuart_hw_access.o
                0x00002874                LPUART_Getchar10
 .text.LPUART_SetIntMode
                0x000028d0      0x188 ./SDK/platform/drivers/src/lpuart/lpuart_hw_access.o
                0x000028d0                LPUART_SetIntMode
 .text.LPUART_GetIntMode
                0x00002a58      0x108 ./SDK/platform/drivers/src/lpuart/lpuart_hw_access.o
                0x00002a58                LPUART_GetIntMode
 .text.LPUART_GetStatusFlag
                0x00002b60      0x108 ./SDK/platform/drivers/src/lpuart/lpuart_hw_access.o
                0x00002b60                LPUART_GetStatusFlag
 .text.LPUART_ClearStatusFlag
                0x00002c68      0x1a8 ./SDK/platform/drivers/src/lpuart/lpuart_hw_access.o
                0x00002c68                LPUART_ClearStatusFlag
 .text.LPUART_SetTransmitterCmd
                0x00002e10       0x50 ./SDK/platform/drivers/src/lpuart/lpuart_driver.o
 .text.LPUART_SetReceiverCmd
                0x00002e60       0x50 ./SDK/platform/drivers/src/lpuart/lpuart_driver.o
 .text.LPUART_SetBaudRateDivisor
                0x00002eb0       0x38 ./SDK/platform/drivers/src/lpuart/lpuart_driver.o
 .text.LPUART_SetOversamplingRatio
                0x00002ee8       0x38 ./SDK/platform/drivers/src/lpuart/lpuart_driver.o
 .text.LPUART_SetBothEdgeSamplingCmd
                0x00002f20       0x34 ./SDK/platform/drivers/src/lpuart/lpuart_driver.o
 .text.LPUART_SetStopBitCount
                0x00002f54       0x28 ./SDK/platform/drivers/src/lpuart/lpuart_driver.o
 .text.LPUART_SetTxDmaCmd
                0x00002f7c       0x34 ./SDK/platform/drivers/src/lpuart/lpuart_driver.o
 .text.LPUART_Putchar
                0x00002fb0       0x24 ./SDK/platform/drivers/src/lpuart/lpuart_driver.o
 .text.LPUART_Getchar
                0x00002fd4       0x20 ./SDK/platform/drivers/src/lpuart/lpuart_driver.o
 .text.LPUART_DRV_Init
                0x00002ff4      0x13c ./SDK/platform/drivers/src/lpuart/lpuart_driver.o
                0x00002ff4                LPUART_DRV_Init
 .text.LPUART_DRV_SendData
                0x00003130       0x58 ./SDK/platform/drivers/src/lpuart/lpuart_driver.o
                0x00003130                LPUART_DRV_SendData
 .text.LPUART_DRV_SetBaudRate
                0x00003188      0x108 ./SDK/platform/drivers/src/lpuart/lpuart_driver.o
                0x00003188                LPUART_DRV_SetBaudRate
 .text.LPUART_DRV_IRQHandler
                0x00003290      0x190 ./SDK/platform/drivers/src/lpuart/lpuart_driver.o
                0x00003290                LPUART_DRV_IRQHandler
 .text.LPUART_DRV_StartSendDataUsingInt
                0x00003420       0x68 ./SDK/platform/drivers/src/lpuart/lpuart_driver.o
 .text.LPUART_DRV_StartSendDataUsingDma
                0x00003488       0xa4 ./SDK/platform/drivers/src/lpuart/lpuart_driver.o
 .text.LPUART_DRV_CompleteSendDataUsingInt
                0x0000352c       0x58 ./SDK/platform/drivers/src/lpuart/lpuart_driver.o
 .text.LPUART_DRV_CompleteSendDataUsingDma
                0x00003584       0x84 ./SDK/platform/drivers/src/lpuart/lpuart_driver.o
 .text.LPUART_DRV_CompleteReceiveDataUsingInt
                0x00003608       0x68 ./SDK/platform/drivers/src/lpuart/lpuart_driver.o
 .text.LPUART_DRV_PutData
                0x00003670       0x9c ./SDK/platform/drivers/src/lpuart/lpuart_driver.o
 .text.LPUART_DRV_GetData
                0x0000370c       0x98 ./SDK/platform/drivers/src/lpuart/lpuart_driver.o
 .text.LPI2C0_Master_IRQHandler
                0x000037a4        0xc ./SDK/platform/drivers/src/lpi2c/lpi2c_irq.o
                0x000037a4                LPI2C0_Master_IRQHandler
 .text.LPI2C0_Slave_IRQHandler
                0x000037b0        0xc ./SDK/platform/drivers/src/lpi2c/lpi2c_irq.o
                0x000037b0                LPI2C0_Slave_IRQHandler
 .text.LPI2C_Get_MasterTxFIFOSize
                0x000037bc       0x30 ./SDK/platform/drivers/src/lpi2c/lpi2c_driver.o
 .text.LPI2C_Reset_MasterRxFIFOCmd
                0x000037ec       0x30 ./SDK/platform/drivers/src/lpi2c/lpi2c_driver.o
 .text.LPI2C_Reset_MasterTxFIFOCmd
                0x0000381c       0x30 ./SDK/platform/drivers/src/lpi2c/lpi2c_driver.o
 .text.LPI2C_Get_MasterReceiveDataReadyEvent
                0x0000384c       0x30 ./SDK/platform/drivers/src/lpi2c/lpi2c_driver.o
 .text.LPI2C_Get_MasterTransmitDataRequestEvent
                0x0000387c       0x30 ./SDK/platform/drivers/src/lpi2c/lpi2c_driver.o
 .text.LPI2C_Get_MasterFIFOErrorEvent
                0x000038ac       0x30 ./SDK/platform/drivers/src/lpi2c/lpi2c_driver.o
 .text.LPI2C_Get_MasterArbitrationLostEvent
                0x000038dc       0x30 ./SDK/platform/drivers/src/lpi2c/lpi2c_driver.o
 .text.LPI2C_Get_MasterNACKDetectEvent
                0x0000390c       0x30 ./SDK/platform/drivers/src/lpi2c/lpi2c_driver.o
 .text.LPI2C_Clear_MasterFIFOErrorEvent
                0x0000393c       0x1c ./SDK/platform/drivers/src/lpi2c/lpi2c_driver.o
 .text.LPI2C_Clear_MasterArbitrationLostEvent
                0x00003958       0x1c ./SDK/platform/drivers/src/lpi2c/lpi2c_driver.o
 .text.LPI2C_Clear_MasterNACKDetectEvent
                0x00003974       0x1c ./SDK/platform/drivers/src/lpi2c/lpi2c_driver.o
 .text.LPI2C_Set_MasterRxDMA
                0x00003990       0x38 ./SDK/platform/drivers/src/lpi2c/lpi2c_driver.o
 .text.LPI2C_Set_MasterTxDMA
                0x000039c8       0x34 ./SDK/platform/drivers/src/lpi2c/lpi2c_driver.o
 .text.LPI2C_Set_MasterInt
                0x000039fc       0x40 ./SDK/platform/drivers/src/lpi2c/lpi2c_driver.o
 .text.LPI2C_Set_MasterRxFIFOWatermark
                0x00003a3c       0x38 ./SDK/platform/drivers/src/lpi2c/lpi2c_driver.o
 .text.LPI2C_Get_MasterRxFIFOWatermark
                0x00003a74       0x28 ./SDK/platform/drivers/src/lpi2c/lpi2c_driver.o
 .text.LPI2C_Get_MasterRxFIFOCount
                0x00003a9c       0x28 ./SDK/platform/drivers/src/lpi2c/lpi2c_driver.o
 .text.LPI2C_Get_MasterTxFIFOCount
                0x00003ac4       0x28 ./SDK/platform/drivers/src/lpi2c/lpi2c_driver.o
 .text.LPI2C_Cmd_MasterTransmit
                0x00003aec       0x28 ./SDK/platform/drivers/src/lpi2c/lpi2c_driver.o
 .text.LPI2C_Get_MasterRxData
                0x00003b14       0x24 ./SDK/platform/drivers/src/lpi2c/lpi2c_driver.o
 .text.LPI2C_Set_SlaveEnable
                0x00003b38       0x38 ./SDK/platform/drivers/src/lpi2c/lpi2c_driver.o
 .text.LPI2C_Get_SlaveFIFOErrorEvent
                0x00003b70       0x34 ./SDK/platform/drivers/src/lpi2c/lpi2c_driver.o
 .text.LPI2C_Get_SlaveBitErrorEvent
                0x00003ba4       0x34 ./SDK/platform/drivers/src/lpi2c/lpi2c_driver.o
 .text.LPI2C_Get_SlaveSTOPDetectEvent
                0x00003bd8       0x34 ./SDK/platform/drivers/src/lpi2c/lpi2c_driver.o
 .text.LPI2C_Get_SlaveRepeatedStartEvent
                0x00003c0c       0x34 ./SDK/platform/drivers/src/lpi2c/lpi2c_driver.o
 .text.LPI2C_Get_SlaveAddressValidEvent
                0x00003c40       0x34 ./SDK/platform/drivers/src/lpi2c/lpi2c_driver.o
 .text.LPI2C_Get_SlaveReceiveDataEvent
                0x00003c74       0x34 ./SDK/platform/drivers/src/lpi2c/lpi2c_driver.o
 .text.LPI2C_Get_SlaveTransmitDataEvent
                0x00003ca8       0x30 ./SDK/platform/drivers/src/lpi2c/lpi2c_driver.o
 .text.LPI2C_Clear_SlaveFIFOErrorEvent
                0x00003cd8       0x1c ./SDK/platform/drivers/src/lpi2c/lpi2c_driver.o
 .text.LPI2C_Clear_SlaveBitErrorEvent
                0x00003cf4       0x1c ./SDK/platform/drivers/src/lpi2c/lpi2c_driver.o
 .text.LPI2C_Clear_SlaveSTOPDetectEvent
                0x00003d10       0x1c ./SDK/platform/drivers/src/lpi2c/lpi2c_driver.o
 .text.LPI2C_Clear_SlaveRepeatedStartEvent
                0x00003d2c       0x1c ./SDK/platform/drivers/src/lpi2c/lpi2c_driver.o
 .text.LPI2C_Set_SlaveInt
                0x00003d48       0x44 ./SDK/platform/drivers/src/lpi2c/lpi2c_driver.o
 .text.LPI2C_Get_SlaveInt
                0x00003d8c       0x34 ./SDK/platform/drivers/src/lpi2c/lpi2c_driver.o
 .text.LPI2C_Set_SlaveRxDMA
                0x00003dc0       0x3c ./SDK/platform/drivers/src/lpi2c/lpi2c_driver.o
 .text.LPI2C_Set_SlaveTxDMA
                0x00003dfc       0x38 ./SDK/platform/drivers/src/lpi2c/lpi2c_driver.o
 .text.LPI2C_Get_SlaveReceivedAddr
                0x00003e34       0x28 ./SDK/platform/drivers/src/lpi2c/lpi2c_driver.o
 .text.LPI2C_Transmit_SlaveData
                0x00003e5c       0x20 ./SDK/platform/drivers/src/lpi2c/lpi2c_driver.o
 .text.LPI2C_Get_SlaveData
                0x00003e7c       0x28 ./SDK/platform/drivers/src/lpi2c/lpi2c_driver.o
 .text.LPI2C_DRV_MasterCmdQueueEmpty
                0x00003ea4       0x28 ./SDK/platform/drivers/src/lpi2c/lpi2c_driver.o
 .text.LPI2C_DRV_MasterResetQueue
                0x00003ecc       0x20 ./SDK/platform/drivers/src/lpi2c/lpi2c_driver.o
 .text.LPI2C_DRV_MasterSendQueuedCmd
                0x00003eec       0x88 ./SDK/platform/drivers/src/lpi2c/lpi2c_driver.o
 .text.LPI2C_DRV_MasterQueueData
                0x00003f74       0x70 ./SDK/platform/drivers/src/lpi2c/lpi2c_driver.o
 .text.LPI2C_DRV_MasterEndTransfer
                0x00003fe4       0x90 ./SDK/platform/drivers/src/lpi2c/lpi2c_driver.o
 .text.LPI2C_DRV_SlaveEndTransfer
                0x00004074       0x64 ./SDK/platform/drivers/src/lpi2c/lpi2c_driver.o
 .text.LPI2C_DRV_ConfigureDmaTransfer
                0x000040d8       0x98 ./SDK/platform/drivers/src/lpi2c/lpi2c_driver.o
 .text.LPI2C_DRV_SlaveStartDmaTransfer
                0x00004170       0xb0 ./SDK/platform/drivers/src/lpi2c/lpi2c_driver.o
 .text.LPI2C_DRV_MasterHandleTransmitDataRequest
                0x00004220       0x94 ./SDK/platform/drivers/src/lpi2c/lpi2c_driver.o
 .text.LPI2C_DRV_MasterHandleReceiveDataReadyEvent
                0x000042b4       0xb8 ./SDK/platform/drivers/src/lpi2c/lpi2c_driver.o
 .text.LPI2C_DRV_SlaveHandleAddressValidEvent
                0x0000436c       0xb4 ./SDK/platform/drivers/src/lpi2c/lpi2c_driver.o
 .text.LPI2C_DRV_SlaveHandleTransmitDataEvent
                0x00004420       0x78 ./SDK/platform/drivers/src/lpi2c/lpi2c_driver.o
 .text.LPI2C_DRV_SlaveHandleReceiveDataEvent
                0x00004498       0x68 ./SDK/platform/drivers/src/lpi2c/lpi2c_driver.o
 .text.LPI2C_DRV_MasterIRQHandler
                0x00004500      0x13c ./SDK/platform/drivers/src/lpi2c/lpi2c_driver.o
                0x00004500                LPI2C_DRV_MasterIRQHandler
 .text.LPI2C_DRV_SlaveIRQHandler
                0x0000463c      0x200 ./SDK/platform/drivers/src/lpi2c/lpi2c_driver.o
                0x0000463c                LPI2C_DRV_SlaveIRQHandler
 .text.INT_SYS_InstallHandler
                0x0000483c       0x44 ./SDK/platform/drivers/src/interrupt/interrupt_manager.o
                0x0000483c                INT_SYS_InstallHandler
 .text.INT_SYS_EnableIRQ
                0x00004880       0x30 ./SDK/platform/drivers/src/interrupt/interrupt_manager.o
                0x00004880                INT_SYS_EnableIRQ
 .text.INT_SYS_DisableIRQ
                0x000048b0       0x34 ./SDK/platform/drivers/src/interrupt/interrupt_manager.o
                0x000048b0                INT_SYS_DisableIRQ
 .text.INT_SYS_EnableIRQGlobal
                0x000048e4       0x2c ./SDK/platform/drivers/src/interrupt/interrupt_manager.o
                0x000048e4                INT_SYS_EnableIRQGlobal
 .text.INT_SYS_DisableIRQGlobal
                0x00004910       0x1c ./SDK/platform/drivers/src/interrupt/interrupt_manager.o
                0x00004910                INT_SYS_DisableIRQGlobal
 .text.FTM_DRV_GetMod
                0x0000492c       0x1c ./SDK/platform/drivers/src/ftm/ftm_pwm_driver.o
 .text.FTM_DRV_SetClockSource
                0x00004948       0x2c ./SDK/platform/drivers/src/ftm/ftm_pwm_driver.o
 .text.FTM_DRV_EnablePwmChannelOutputs
                0x00004974       0x38 ./SDK/platform/drivers/src/ftm/ftm_pwm_driver.o
 .text.FTM_DRV_DisablePwmChannelOutputs
                0x000049ac       0x34 ./SDK/platform/drivers/src/ftm/ftm_pwm_driver.o
 .text.FTM_DRV_ClearTimerOverflow
                0x000049e0       0x24 ./SDK/platform/drivers/src/ftm/ftm_pwm_driver.o
 .text.FTM_DRV_SetCpwms
                0x00004a04       0x2c ./SDK/platform/drivers/src/ftm/ftm_pwm_driver.o
 .text.FTM_DRV_GetCpwms
                0x00004a30       0x28 ./SDK/platform/drivers/src/ftm/ftm_pwm_driver.o
 .text.FTM_DRV_GetClockSource
                0x00004a58       0x20 ./SDK/platform/drivers/src/ftm/ftm_pwm_driver.o
 .text.FTM_DRV_SetMod
                0x00004a78       0x28 ./SDK/platform/drivers/src/ftm/ftm_pwm_driver.o
 .text.FTM_DRV_SetCounterInitVal
                0x00004aa0       0x28 ./SDK/platform/drivers/src/ftm/ftm_pwm_driver.o
 .text.FTM_DRV_SetChnMSnBAMode
                0x00004ac8       0x70 ./SDK/platform/drivers/src/ftm/ftm_pwm_driver.o
 .text.FTM_DRV_SetChnEdgeLevel
                0x00004b38       0x70 ./SDK/platform/drivers/src/ftm/ftm_pwm_driver.o
 .text.FTM_DRV_SetChnCountVal
                0x00004ba8       0x28 ./SDK/platform/drivers/src/ftm/ftm_pwm_driver.o
 .text.FTM_DRV_SetChnOutputPolarityCmd
                0x00004bd0       0x48 ./SDK/platform/drivers/src/ftm/ftm_pwm_driver.o
 .text.FTM_DRV_SetChnFaultInputPolarityCmd
                0x00004c18       0x50 ./SDK/platform/drivers/src/ftm/ftm_pwm_driver.o
 .text.FTM_DRV_SetFaultInt
                0x00004c68       0x2c ./SDK/platform/drivers/src/ftm/ftm_pwm_driver.o
 .text.FTM_DRV_SetFaultControlMode
                0x00004c94       0x2c ./SDK/platform/drivers/src/ftm/ftm_pwm_driver.o
 .text.FTM_DRV_SetInitChnOutputCmd
                0x00004cc0       0x2c ./SDK/platform/drivers/src/ftm/ftm_pwm_driver.o
 .text.FTM_DRV_SetWriteProtectionCmd
                0x00004cec       0x38 ./SDK/platform/drivers/src/ftm/ftm_pwm_driver.o
 .text.FTM_DRV_Enable
                0x00004d24       0x28 ./SDK/platform/drivers/src/ftm/ftm_pwm_driver.o
 .text.FTM_DRV_SetPwmSyncMode
                0x00004d4c       0x2c ./SDK/platform/drivers/src/ftm/ftm_pwm_driver.o
 .text.FTM_DRV_SetSoftwareTriggerCmd
                0x00004d78       0x2c ./SDK/platform/drivers/src/ftm/ftm_pwm_driver.o
 .text.FTM_DRV_SetDualChnMofCombineCmd
                0x00004da4       0x4c ./SDK/platform/drivers/src/ftm/ftm_pwm_driver.o
 .text.FTM_DRV_SetDualChnFaultCmd
                0x00004df0       0x4c ./SDK/platform/drivers/src/ftm/ftm_pwm_driver.o
 .text.FTM_DRV_SetDualChnPwmSyncCmd
                0x00004e3c       0x4c ./SDK/platform/drivers/src/ftm/ftm_pwm_driver.o
 .text.FTM_DRV_SetDualChnDeadtimeCmd
                0x00004e88       0x4c ./SDK/platform/drivers/src/ftm/ftm_pwm_driver.o
 .text.FTM_DRV_SetDualEdgeCaptureCmd
                0x00004ed4       0x4c ./SDK/platform/drivers/src/ftm/ftm_pwm_driver.o
 .text.FTM_DRV_SetDualChnCompCmd
                0x00004f20       0x4c ./SDK/platform/drivers/src/ftm/ftm_pwm_driver.o
 .text.FTM_DRV_SetDualChnCombineCmd
                0x00004f6c       0x4c ./SDK/platform/drivers/src/ftm/ftm_pwm_driver.o
 .text.FTM_DRV_GetDualChnCombineCmd
                0x00004fb8       0x34 ./SDK/platform/drivers/src/ftm/ftm_pwm_driver.o
 .text.FTM_DRV_GetDualChnMofCombineCmd
                0x00004fec       0x34 ./SDK/platform/drivers/src/ftm/ftm_pwm_driver.o
 .text.FTM_DRV_SetDeadtimePrescale
                0x00005020       0x2c ./SDK/platform/drivers/src/ftm/ftm_pwm_driver.o
 .text.FTM_DRV_SetDeadtimeCount
                0x0000504c       0x2c ./SDK/platform/drivers/src/ftm/ftm_pwm_driver.o
 .text.FTM_DRV_SetFaultInputFilterVal
                0x00005078       0x2c ./SDK/platform/drivers/src/ftm/ftm_pwm_driver.o
 .text.FTM_DRV_SetFaultInputFilterCmd
                0x000050a4       0x4c ./SDK/platform/drivers/src/ftm/ftm_pwm_driver.o
 .text.FTM_DRV_SetFaultInputCmd
                0x000050f0       0x48 ./SDK/platform/drivers/src/ftm/ftm_pwm_driver.o
 .text.FTM_DRV_SetPwmFaultBehavior
                0x00005138       0x38 ./SDK/platform/drivers/src/ftm/ftm_pwm_driver.o
 .text.FTM_DRV_InitPwm
                0x00005170      0x610 ./SDK/platform/drivers/src/ftm/ftm_pwm_driver.o
                0x00005170                FTM_DRV_InitPwm
 .text.FTM_DRV_UpdatePwmChannel
                0x00005780      0x1a0 ./SDK/platform/drivers/src/ftm/ftm_pwm_driver.o
                0x00005780                FTM_DRV_UpdatePwmChannel
 .text.FTM_DRV_UpdatePwmPeriod
                0x00005920       0xa8 ./SDK/platform/drivers/src/ftm/ftm_pwm_driver.o
                0x00005920                FTM_DRV_UpdatePwmPeriod
 .text.FTM_DRV_SetClockSource
                0x000059c8       0x2c ./SDK/platform/drivers/src/ftm/ftm_mc_driver.o
 .text.FTM_DRV_ClearTimerOverflow
                0x000059f4       0x24 ./SDK/platform/drivers/src/ftm/ftm_mc_driver.o
 .text.FTM_DRV_SetCpwms
                0x00005a18       0x2c ./SDK/platform/drivers/src/ftm/ftm_mc_driver.o
 .text.FTM_DRV_SetMod
                0x00005a44       0x28 ./SDK/platform/drivers/src/ftm/ftm_mc_driver.o
 .text.FTM_DRV_SetCounterInitVal
                0x00005a6c       0x28 ./SDK/platform/drivers/src/ftm/ftm_mc_driver.o
 .text.FTM_DRV_SetChnEdgeLevel
                0x00005a94       0x70 ./SDK/platform/drivers/src/ftm/ftm_mc_driver.o
 .text.FTM_DRV_SetQuadDecoderCmd
                0x00005b04       0x40 ./SDK/platform/drivers/src/ftm/ftm_mc_driver.o
 .text.FTM_DRV_InitCounter
                0x00005b44       0xc4 ./SDK/platform/drivers/src/ftm/ftm_mc_driver.o
                0x00005b44                FTM_DRV_InitCounter
 .text.FTM_DRV_CounterStart
                0x00005c08       0x3c ./SDK/platform/drivers/src/ftm/ftm_mc_driver.o
                0x00005c08                FTM_DRV_CounterStart
 .text.FTM_DRV_SetClockPs
                0x00005c44       0x2c ./SDK/platform/drivers/src/ftm/ftm_hw_access.o
 .text.FTM_DRV_Enable
                0x00005c70       0x28 ./SDK/platform/drivers/src/ftm/ftm_hw_access.o
 .text.FTM_DRV_InitModule
                0x00005c98       0x24 ./SDK/platform/drivers/src/ftm/ftm_hw_access.o
                0x00005c98                FTM_DRV_InitModule
 .text.FTM_DRV_Reset
                0x00005cbc       0xfc ./SDK/platform/drivers/src/ftm/ftm_hw_access.o
                0x00005cbc                FTM_DRV_Reset
 .text.FTM_DRV_SetChnTriggerCmd
                0x00005db8       0x74 ./SDK/platform/drivers/src/ftm/ftm_hw_access.o
                0x00005db8                FTM_DRV_SetChnTriggerCmd
 .text.FTM_DRV_ClearChnEventStatus
                0x00005e2c       0x30 ./SDK/platform/drivers/src/ftm/ftm_common.o
 .text.FTM_DRV_GetClockPs
                0x00005e5c       0x20 ./SDK/platform/drivers/src/ftm/ftm_common.o
 .text.FTM_DRV_SetTimerOverflowInt
                0x00005e7c       0x2c ./SDK/platform/drivers/src/ftm/ftm_common.o
 .text.FTM_DRV_ClearTimerOverflow
                0x00005ea8       0x24 ./SDK/platform/drivers/src/ftm/ftm_common.o
 .text.FTM_DRV_ClearReloadFlag
                0x00005ecc       0x24 ./SDK/platform/drivers/src/ftm/ftm_common.o
 .text.FTM_DRV_ClearFaultsIsr
                0x00005ef0       0x48 ./SDK/platform/drivers/src/ftm/ftm_common.o
 .text.FTM_DRV_SetHardwareSyncTriggerSrc
                0x00005f38       0x48 ./SDK/platform/drivers/src/ftm/ftm_common.o
 .text.FTM_DRV_SetOutmaskPwmSyncModeCmd
                0x00005f80       0x2c ./SDK/platform/drivers/src/ftm/ftm_common.o
 .text.FTM_DRV_SetMaxLoadingCmd
                0x00005fac       0x2c ./SDK/platform/drivers/src/ftm/ftm_common.o
 .text.FTM_DRV_SetMinLoadingCmd
                0x00005fd8       0x28 ./SDK/platform/drivers/src/ftm/ftm_common.o
 .text.FTM_DRV_SetInitTriggerCmd
                0x00006000       0x2c ./SDK/platform/drivers/src/ftm/ftm_common.o
 .text.FTM_DRV_ClearChnTriggerFlag
                0x0000602c       0x20 ./SDK/platform/drivers/src/ftm/ftm_common.o
 .text.FTM_DRV_SetBdmMode
                0x0000604c       0x30 ./SDK/platform/drivers/src/ftm/ftm_common.o
 .text.FTM_DRV_SetSwoctrlHardwareSyncModeCmd
                0x0000607c       0x30 ./SDK/platform/drivers/src/ftm/ftm_common.o
 .text.FTM_DRV_SetInvctrlHardwareSyncModeCmd
                0x000060ac       0x30 ./SDK/platform/drivers/src/ftm/ftm_common.o
 .text.FTM_DRV_SetOutmaskHardwareSyncModeCmd
                0x000060dc       0x30 ./SDK/platform/drivers/src/ftm/ftm_common.o
 .text.FTM_DRV_SetModCntinCvHardwareSyncModeCmd
                0x0000610c       0x30 ./SDK/platform/drivers/src/ftm/ftm_common.o
 .text.FTM_DRV_SetCounterHardwareSyncModeCmd
                0x0000613c       0x30 ./SDK/platform/drivers/src/ftm/ftm_common.o
 .text.FTM_DRV_SetSwoctrlSoftwareSyncModeCmd
                0x0000616c       0x30 ./SDK/platform/drivers/src/ftm/ftm_common.o
 .text.FTM_DRV_SetInvctrlSoftwareSyncModeCmd
                0x0000619c       0x30 ./SDK/platform/drivers/src/ftm/ftm_common.o
 .text.FTM_DRV_SetOutmaskSoftwareSyncModeCmd
                0x000061cc       0x30 ./SDK/platform/drivers/src/ftm/ftm_common.o
 .text.FTM_DRV_SetModCntinCvSoftwareSyncModeCmd
                0x000061fc       0x30 ./SDK/platform/drivers/src/ftm/ftm_common.o
 .text.FTM_DRV_SetHwTriggerSyncModeCmd
                0x0000622c       0x2c ./SDK/platform/drivers/src/ftm/ftm_common.o
 .text.FTM_DRV_SetCounterSoftwareSyncModeCmd
                0x00006258       0x30 ./SDK/platform/drivers/src/ftm/ftm_common.o
 .text.FTM_DRV_SetPwmSyncModeCmd
                0x00006288       0x30 ./SDK/platform/drivers/src/ftm/ftm_common.o
 .text.FTM_DRV_SetSwoctrlPwmSyncModeCmd
                0x000062b8       0x30 ./SDK/platform/drivers/src/ftm/ftm_common.o
 .text.FTM_DRV_SetInvctrlPwmSyncModeCmd
                0x000062e8       0x30 ./SDK/platform/drivers/src/ftm/ftm_common.o
 .text.FTM_DRV_SetCntinPwmSyncModeCmd
                0x00006318       0x30 ./SDK/platform/drivers/src/ftm/ftm_common.o
 .text.FTM_DRV_Init
                0x00006348      0x138 ./SDK/platform/drivers/src/ftm/ftm_common.o
                0x00006348                FTM_DRV_Init
 .text.FTM_DRV_SetSync
                0x00006480      0x17c ./SDK/platform/drivers/src/ftm/ftm_common.o
                0x00006480                FTM_DRV_SetSync
 .text.FTM_DRV_ClearStatusFlags
                0x000065fc       0x94 ./SDK/platform/drivers/src/ftm/ftm_common.o
                0x000065fc                FTM_DRV_ClearStatusFlags
 .text.FTM_DRV_GetFrequency
                0x00006690       0xd4 ./SDK/platform/drivers/src/ftm/ftm_common.o
                0x00006690                FTM_DRV_GetFrequency
 .text.FTM_DRV_ConvertFreqToPeriodTicks
                0x00006764       0x34 ./SDK/platform/drivers/src/ftm/ftm_common.o
                0x00006764                FTM_DRV_ConvertFreqToPeriodTicks
 .text.EDMA_GetErrorIntStatusFlag
                0x00006798       0x18 ./SDK/platform/drivers/src/edma/edma_irq.o
 .text.DMA0_IRQHandler
                0x000067b0        0xc ./SDK/platform/drivers/src/edma/edma_irq.o
                0x000067b0                DMA0_IRQHandler
 .text.DMA1_IRQHandler
                0x000067bc        0xc ./SDK/platform/drivers/src/edma/edma_irq.o
                0x000067bc                DMA1_IRQHandler
 .text.DMA2_IRQHandler
                0x000067c8        0xc ./SDK/platform/drivers/src/edma/edma_irq.o
                0x000067c8                DMA2_IRQHandler
 .text.DMA3_IRQHandler
                0x000067d4        0xc ./SDK/platform/drivers/src/edma/edma_irq.o
                0x000067d4                DMA3_IRQHandler
 .text.DMA4_IRQHandler
                0x000067e0        0xc ./SDK/platform/drivers/src/edma/edma_irq.o
                0x000067e0                DMA4_IRQHandler
 .text.DMA5_IRQHandler
                0x000067ec        0xc ./SDK/platform/drivers/src/edma/edma_irq.o
                0x000067ec                DMA5_IRQHandler
 .text.DMA6_IRQHandler
                0x000067f8        0xc ./SDK/platform/drivers/src/edma/edma_irq.o
                0x000067f8                DMA6_IRQHandler
 .text.DMA7_IRQHandler
                0x00006804        0xc ./SDK/platform/drivers/src/edma/edma_irq.o
                0x00006804                DMA7_IRQHandler
 .text.DMA8_IRQHandler
                0x00006810        0xc ./SDK/platform/drivers/src/edma/edma_irq.o
                0x00006810                DMA8_IRQHandler
 .text.DMA9_IRQHandler
                0x0000681c        0xc ./SDK/platform/drivers/src/edma/edma_irq.o
                0x0000681c                DMA9_IRQHandler
 .text.DMA10_IRQHandler
                0x00006828        0xc ./SDK/platform/drivers/src/edma/edma_irq.o
                0x00006828                DMA10_IRQHandler
 .text.DMA11_IRQHandler
                0x00006834        0xc ./SDK/platform/drivers/src/edma/edma_irq.o
                0x00006834                DMA11_IRQHandler
 .text.DMA12_IRQHandler
                0x00006840        0xc ./SDK/platform/drivers/src/edma/edma_irq.o
                0x00006840                DMA12_IRQHandler
 .text.DMA13_IRQHandler
                0x0000684c        0xc ./SDK/platform/drivers/src/edma/edma_irq.o
                0x0000684c                DMA13_IRQHandler
 .text.DMA14_IRQHandler
                0x00006858        0xc ./SDK/platform/drivers/src/edma/edma_irq.o
                0x00006858                DMA14_IRQHandler
 .text.DMA15_IRQHandler
                0x00006864        0xc ./SDK/platform/drivers/src/edma/edma_irq.o
                0x00006864                DMA15_IRQHandler
 .text.DMA_Error_IRQHandler
                0x00006870       0x4c ./SDK/platform/drivers/src/edma/edma_irq.o
                0x00006870                DMA_Error_IRQHandler
 .text.EDMA_Init
                0x000068bc       0x68 ./SDK/platform/drivers/src/edma/edma_hw_access.o
                0x000068bc                EDMA_Init
 .text.EDMA_SetErrorIntCmd
                0x00006924       0x30 ./SDK/platform/drivers/src/edma/edma_hw_access.o
                0x00006924                EDMA_SetErrorIntCmd
 .text.EDMA_SetDmaRequestCmd
                0x00006954       0x30 ./SDK/platform/drivers/src/edma/edma_hw_access.o
                0x00006954                EDMA_SetDmaRequestCmd
 .text.EDMA_TCDClearReg
                0x00006984       0xd0 ./SDK/platform/drivers/src/edma/edma_hw_access.o
                0x00006984                EDMA_TCDClearReg
 .text.EDMA_TCDSetAttribute
                0x00006a54       0x6c ./SDK/platform/drivers/src/edma/edma_hw_access.o
                0x00006a54                EDMA_TCDSetAttribute
 .text.EDMA_TCDSetNbytes
                0x00006ac0       0xd0 ./SDK/platform/drivers/src/edma/edma_hw_access.o
                0x00006ac0                EDMA_TCDSetNbytes
 .text.EDMA_TCDSetMajorCount
                0x00006b90      0x140 ./SDK/platform/drivers/src/edma/edma_hw_access.o
                0x00006b90                EDMA_TCDSetMajorCount
 .text.DMAMUX_Init
                0x00006cd0       0x2c ./SDK/platform/drivers/src/edma/edma_hw_access.o
                0x00006cd0                DMAMUX_Init
 .text.EDMA_SetHaltCmd
                0x00006cfc       0x3c ./SDK/platform/drivers/src/edma/edma_driver.o
 .text.EDMA_SetHaltOnErrorCmd
                0x00006d38       0x3c ./SDK/platform/drivers/src/edma/edma_driver.o
 .text.EDMA_SetChannelPriority
                0x00006d74       0x54 ./SDK/platform/drivers/src/edma/edma_driver.o
 .text.EDMA_GetChannelArbitrationMode
                0x00006dc8       0x30 ./SDK/platform/drivers/src/edma/edma_driver.o
 .text.EDMA_ClearErrorIntStatusFlag
                0x00006df8       0x1c ./SDK/platform/drivers/src/edma/edma_driver.o
 .text.EDMA_ClearDoneStatusFlag
                0x00006e14       0x1c ./SDK/platform/drivers/src/edma/edma_driver.o
 .text.EDMA_ClearIntStatusFlag
                0x00006e30       0x1c ./SDK/platform/drivers/src/edma/edma_driver.o
 .text.EDMA_TCDSetSrcAddr
                0x00006e4c       0x28 ./SDK/platform/drivers/src/edma/edma_driver.o
 .text.EDMA_TCDSetSrcOffset
                0x00006e74       0x2c ./SDK/platform/drivers/src/edma/edma_driver.o
 .text.EDMA_TCDSetSrcLastAdjust
                0x00006ea0       0x2c ./SDK/platform/drivers/src/edma/edma_driver.o
 .text.EDMA_TCDSetDestAddr
                0x00006ecc       0x2c ./SDK/platform/drivers/src/edma/edma_driver.o
 .text.EDMA_TCDSetDestOffset
                0x00006ef8       0x30 ./SDK/platform/drivers/src/edma/edma_driver.o
 .text.EDMA_TCDSetDisableDmaRequestAfterTCDDoneCmd
                0x00006f28       0x5c ./SDK/platform/drivers/src/edma/edma_driver.o
 .text.EDMA_TCDSetMajorCompleteIntCmd
                0x00006f84       0x5c ./SDK/platform/drivers/src/edma/edma_driver.o
 .text.DMAMUX_SetChannelCmd
                0x00006fe0       0x50 ./SDK/platform/drivers/src/edma/edma_driver.o
 .text.DMAMUX_SetChannelSource
                0x00007030       0x4c ./SDK/platform/drivers/src/edma/edma_driver.o
 .text.EDMA_DRV_Init
                0x0000707c      0x150 ./SDK/platform/drivers/src/edma/edma_driver.o
                0x0000707c                EDMA_DRV_Init
 .text.EDMA_DRV_ChannelInit
                0x000071cc       0x88 ./SDK/platform/drivers/src/edma/edma_driver.o
                0x000071cc                EDMA_DRV_ChannelInit
 .text.EDMA_DRV_InstallCallback
                0x00007254       0x3c ./SDK/platform/drivers/src/edma/edma_driver.o
                0x00007254                EDMA_DRV_InstallCallback
 .text.EDMA_DRV_RequestChannel
                0x00007290       0xb8 ./SDK/platform/drivers/src/edma/edma_driver.o
 .text.EDMA_DRV_ClearIntStatus
                0x00007348       0x3c ./SDK/platform/drivers/src/edma/edma_driver.o
 .text.EDMA_DRV_IRQHandler
                0x00007384       0x4c ./SDK/platform/drivers/src/edma/edma_driver.o
                0x00007384                EDMA_DRV_IRQHandler
 .text.EDMA_DRV_ErrorIRQHandler
                0x000073d0       0x84 ./SDK/platform/drivers/src/edma/edma_driver.o
                0x000073d0                EDMA_DRV_ErrorIRQHandler
 .text.EDMA_DRV_ConfigSingleBlockTransfer
                0x00007454      0x168 ./SDK/platform/drivers/src/edma/edma_driver.o
                0x00007454                EDMA_DRV_ConfigSingleBlockTransfer
 .text.EDMA_DRV_ConfigMultiBlockTransfer
                0x000075bc       0x78 ./SDK/platform/drivers/src/edma/edma_driver.o
                0x000075bc                EDMA_DRV_ConfigMultiBlockTransfer
 .text.EDMA_DRV_StartChannel
                0x00007634       0x38 ./SDK/platform/drivers/src/edma/edma_driver.o
                0x00007634                EDMA_DRV_StartChannel
 .text.EDMA_DRV_StopChannel
                0x0000766c       0x38 ./SDK/platform/drivers/src/edma/edma_driver.o
                0x0000766c                EDMA_DRV_StopChannel
 .text.EDMA_DRV_SetChannelRequest
                0x000076a4       0x3c ./SDK/platform/drivers/src/edma/edma_driver.o
                0x000076a4                EDMA_DRV_SetChannelRequest
 .text.EDMA_DRV_SetSrcLastAddrAdjustment
                0x000076e0       0x34 ./SDK/platform/drivers/src/edma/edma_driver.o
                0x000076e0                EDMA_DRV_SetSrcLastAddrAdjustment
 .text.EDMA_DRV_GetDmaRegBaseAddr
                0x00007714       0x1c ./SDK/platform/drivers/src/edma/edma_driver.o
                0x00007714                EDMA_DRV_GetDmaRegBaseAddr
 .text.CLOCK_SYS_Init
                0x00007730       0x44 ./SDK/platform/drivers/src/clock/clock_manager.o
                0x00007730                CLOCK_SYS_Init
 .text.CLOCK_SYS_UpdateConfiguration
                0x00007774      0x17c ./SDK/platform/drivers/src/clock/clock_manager.o
                0x00007774                CLOCK_SYS_UpdateConfiguration
 .text.SIM_GetRtcClkSrc
                0x000078f0       0x20 ./SDK/platform/drivers/src/clock/S32K1xx/clock_S32K1xx.o
 .text.SIM_SetLpoClocks
                0x00007910       0x70 ./SDK/platform/drivers/src/clock/S32K1xx/clock_S32K1xx.o
 .text.SIM_SetEimClockGate
                0x00007980       0x3c ./SDK/platform/drivers/src/clock/S32K1xx/clock_S32K1xx.o
 .text.SIM_GetEimClockGate
                0x000079bc       0x30 ./SDK/platform/drivers/src/clock/S32K1xx/clock_S32K1xx.o
 .text.SIM_SetErmClockGate
                0x000079ec       0x3c ./SDK/platform/drivers/src/clock/S32K1xx/clock_S32K1xx.o
 .text.SIM_GetErmClockGate
                0x00007a28       0x30 ./SDK/platform/drivers/src/clock/S32K1xx/clock_S32K1xx.o
 .text.SIM_SetDmaClockGate
                0x00007a58       0x3c ./SDK/platform/drivers/src/clock/S32K1xx/clock_S32K1xx.o
 .text.SIM_GetDmaClockGate
                0x00007a94       0x30 ./SDK/platform/drivers/src/clock/S32K1xx/clock_S32K1xx.o
 .text.SIM_SetMpuClockGate
                0x00007ac4       0x3c ./SDK/platform/drivers/src/clock/S32K1xx/clock_S32K1xx.o
 .text.SIM_GetMpuClockGate
                0x00007b00       0x30 ./SDK/platform/drivers/src/clock/S32K1xx/clock_S32K1xx.o
 .text.SIM_SetMscmClockGate
                0x00007b30       0x3c ./SDK/platform/drivers/src/clock/S32K1xx/clock_S32K1xx.o
 .text.SIM_GetMscmClockGate
                0x00007b6c       0x30 ./SDK/platform/drivers/src/clock/S32K1xx/clock_S32K1xx.o
 .text.SIM_GetFtm0ExternalClkPinMode
                0x00007b9c       0x20 ./SDK/platform/drivers/src/clock/S32K1xx/clock_S32K1xx.o
 .text.SIM_GetFtm1ExternalClkPinMode
                0x00007bbc       0x20 ./SDK/platform/drivers/src/clock/S32K1xx/clock_S32K1xx.o
 .text.SIM_GetFtm2ExternalClkPinMode
                0x00007bdc       0x20 ./SDK/platform/drivers/src/clock/S32K1xx/clock_S32K1xx.o
 .text.SIM_GetFtm3ExternalClkPinMode
                0x00007bfc       0x1c ./SDK/platform/drivers/src/clock/S32K1xx/clock_S32K1xx.o
 .text.SIM_GetLpo32KStatus
                0x00007c18       0x28 ./SDK/platform/drivers/src/clock/S32K1xx/clock_S32K1xx.o
 .text.SIM_GetLpo1KStatus
                0x00007c40       0x28 ./SDK/platform/drivers/src/clock/S32K1xx/clock_S32K1xx.o
 .text.SIM_GetLpoClkSelectorValue
                0x00007c68       0x20 ./SDK/platform/drivers/src/clock/S32K1xx/clock_S32K1xx.o
 .text.SIM_GetClockoutStatus
                0x00007c88       0x28 ./SDK/platform/drivers/src/clock/S32K1xx/clock_S32K1xx.o
 .text.SIM_GetClockoutDividerValue
                0x00007cb0       0x20 ./SDK/platform/drivers/src/clock/S32K1xx/clock_S32K1xx.o
 .text.SIM_GetClockoutSelectorValue
                0x00007cd0       0x20 ./SDK/platform/drivers/src/clock/S32K1xx/clock_S32K1xx.o
 .text.SIM_SetClockout
                0x00007cf0       0x5c ./SDK/platform/drivers/src/clock/S32K1xx/clock_S32K1xx.o
 .text.SIM_SetTraceClockSource
                0x00007d4c       0x38 ./SDK/platform/drivers/src/clock/S32K1xx/clock_S32K1xx.o
 .text.SIM_ClearTraceClockConfig
                0x00007d84       0x1c ./SDK/platform/drivers/src/clock/S32K1xx/clock_S32K1xx.o
 .text.SIM_SetTraceClockConfig
                0x00007da0       0x40 ./SDK/platform/drivers/src/clock/S32K1xx/clock_S32K1xx.o
 .text.SCG_GetClockoutSourceSel
                0x00007de0       0x20 ./SDK/platform/drivers/src/clock/S32K1xx/clock_S32K1xx.o
 .text.SCG_GetCurrentSystemClockSource
                0x00007e00       0x20 ./SDK/platform/drivers/src/clock/S32K1xx/clock_S32K1xx.o
 .text.SCG_GetCurrentCoreClockDividerRatio
                0x00007e20       0x20 ./SDK/platform/drivers/src/clock/S32K1xx/clock_S32K1xx.o
 .text.SCG_GetCurrentBusClockDividerRatio
                0x00007e40       0x20 ./SDK/platform/drivers/src/clock/S32K1xx/clock_S32K1xx.o
 .text.SCG_GetCurrentSlowClockDividerRatio
                0x00007e60       0x1c ./SDK/platform/drivers/src/clock/S32K1xx/clock_S32K1xx.o
 .text.SCG_SetRunClockControl
                0x00007e7c       0x44 ./SDK/platform/drivers/src/clock/S32K1xx/clock_S32K1xx.o
 .text.SCG_SetVlprClockControl
                0x00007ec0       0x44 ./SDK/platform/drivers/src/clock/S32K1xx/clock_S32K1xx.o
 .text.SCG_SetHsrunClockControl
                0x00007f04       0x44 ./SDK/platform/drivers/src/clock/S32K1xx/clock_S32K1xx.o
 .text.SCG_GetFircFirstAsyncDivider
                0x00007f48       0x20 ./SDK/platform/drivers/src/clock/S32K1xx/clock_S32K1xx.o
 .text.SCG_GetFircSecondAsyncDivider
                0x00007f68       0x20 ./SDK/platform/drivers/src/clock/S32K1xx/clock_S32K1xx.o
 .text.SCG_SetFircAsyncConfig
                0x00007f88       0x30 ./SDK/platform/drivers/src/clock/S32K1xx/clock_S32K1xx.o
 .text.SCG_GetSircFirstAsyncDivider
                0x00007fb8       0x20 ./SDK/platform/drivers/src/clock/S32K1xx/clock_S32K1xx.o
 .text.SCG_GetSircSecondAsyncDivider
                0x00007fd8       0x20 ./SDK/platform/drivers/src/clock/S32K1xx/clock_S32K1xx.o
 .text.SCG_SetSircAsyncConfig
                0x00007ff8       0x30 ./SDK/platform/drivers/src/clock/S32K1xx/clock_S32K1xx.o
 .text.SCG_GetSoscFirstAsyncDivider
                0x00008028       0x20 ./SDK/platform/drivers/src/clock/S32K1xx/clock_S32K1xx.o
 .text.SCG_GetSoscSecondAsyncDivider
                0x00008048       0x20 ./SDK/platform/drivers/src/clock/S32K1xx/clock_S32K1xx.o
 .text.SCG_SetSoscAsyncConfig
                0x00008068       0x30 ./SDK/platform/drivers/src/clock/S32K1xx/clock_S32K1xx.o
 .text.SCG_GetSpllFirstAsyncDivider
                0x00008098       0x20 ./SDK/platform/drivers/src/clock/S32K1xx/clock_S32K1xx.o
 .text.SCG_GetSpllSecondAsyncDivider
                0x000080b8       0x20 ./SDK/platform/drivers/src/clock/S32K1xx/clock_S32K1xx.o
 .text.SCG_SetSpllAsyncConfig
                0x000080d8       0x30 ./SDK/platform/drivers/src/clock/S32K1xx/clock_S32K1xx.o
 .text.SCG_SetClockoutSourceSel
                0x00008108       0x38 ./SDK/platform/drivers/src/clock/S32K1xx/clock_S32K1xx.o
 .text.SCG_GetSircSystemClockMode
                0x00008140       0x34 ./SDK/platform/drivers/src/clock/S32K1xx/clock_S32K1xx.o
 .text.SCG_GetSircStatus
                0x00008174       0x2c ./SDK/platform/drivers/src/clock/S32K1xx/clock_S32K1xx.o
 .text.SCG_GetSircRange
                0x000081a0       0x20 ./SDK/platform/drivers/src/clock/S32K1xx/clock_S32K1xx.o
 .text.SCG_ClearSircLock
                0x000081c0       0x24 ./SDK/platform/drivers/src/clock/S32K1xx/clock_S32K1xx.o
 .text.SCG_ClearSircControl
                0x000081e4       0x1c ./SDK/platform/drivers/src/clock/S32K1xx/clock_S32K1xx.o
 .text.SCG_SetSircConfiguration
                0x00008200       0x24 ./SDK/platform/drivers/src/clock/S32K1xx/clock_S32K1xx.o
 .text.SCG_SetSircControl
                0x00008224       0x58 ./SDK/platform/drivers/src/clock/S32K1xx/clock_S32K1xx.o
 .text.SCG_GetFircSystemClockMode
                0x0000827c       0x34 ./SDK/platform/drivers/src/clock/S32K1xx/clock_S32K1xx.o
 .text.SCG_GetFircStatus
                0x000082b0       0x2c ./SDK/platform/drivers/src/clock/S32K1xx/clock_S32K1xx.o
 .text.SCG_GetFircRange
                0x000082dc       0x20 ./SDK/platform/drivers/src/clock/S32K1xx/clock_S32K1xx.o
 .text.SCG_ClearFircLock
                0x000082fc       0x24 ./SDK/platform/drivers/src/clock/S32K1xx/clock_S32K1xx.o
 .text.SCG_ClearFircControl
                0x00008320       0x1c ./SDK/platform/drivers/src/clock/S32K1xx/clock_S32K1xx.o
 .text.SCG_SetFircConfiguration
                0x0000833c       0x24 ./SDK/platform/drivers/src/clock/S32K1xx/clock_S32K1xx.o
 .text.SCG_SetFircControl
                0x00008360       0x40 ./SDK/platform/drivers/src/clock/S32K1xx/clock_S32K1xx.o
 .text.SCG_GetSoscSystemClockMode
                0x000083a0       0x34 ./SDK/platform/drivers/src/clock/S32K1xx/clock_S32K1xx.o
 .text.SCG_GetSoscStatus
                0x000083d4       0x2c ./SDK/platform/drivers/src/clock/S32K1xx/clock_S32K1xx.o
 .text.SCG_ClearSoscLock
                0x00008400       0x24 ./SDK/platform/drivers/src/clock/S32K1xx/clock_S32K1xx.o
 .text.SCG_ClearSoscControl
                0x00008424       0x1c ./SDK/platform/drivers/src/clock/S32K1xx/clock_S32K1xx.o
 .text.SCG_SetSoscConfiguration
                0x00008440       0x3c ./SDK/platform/drivers/src/clock/S32K1xx/clock_S32K1xx.o
 .text.SCG_SetSoscControl
                0x0000847c       0x5c ./SDK/platform/drivers/src/clock/S32K1xx/clock_S32K1xx.o
 .text.SCG_GetSpllSystemClockMode
                0x000084d8       0x34 ./SDK/platform/drivers/src/clock/S32K1xx/clock_S32K1xx.o
 .text.SCG_GetSpllStatus
                0x0000850c       0x2c ./SDK/platform/drivers/src/clock/S32K1xx/clock_S32K1xx.o
 .text.SCG_GetSpllPredivider
                0x00008538       0x20 ./SDK/platform/drivers/src/clock/S32K1xx/clock_S32K1xx.o
 .text.SCG_GetSpllMultiplier
                0x00008558       0x20 ./SDK/platform/drivers/src/clock/S32K1xx/clock_S32K1xx.o
 .text.SCG_ClearSpllLock
                0x00008578       0x24 ./SDK/platform/drivers/src/clock/S32K1xx/clock_S32K1xx.o
 .text.SCG_ClearSpllControl
                0x0000859c       0x1c ./SDK/platform/drivers/src/clock/S32K1xx/clock_S32K1xx.o
 .text.SCG_SetSpllConfiguration
                0x000085b8       0x34 ./SDK/platform/drivers/src/clock/S32K1xx/clock_S32K1xx.o
 .text.SCG_SetSpllControl
                0x000085ec       0x5c ./SDK/platform/drivers/src/clock/S32K1xx/clock_S32K1xx.o
 .text.PCC_SetPeripheralClockControl
                0x00008648       0x60 ./SDK/platform/drivers/src/clock/S32K1xx/clock_S32K1xx.o
 .text.PCC_SetClockMode
                0x000086a8       0x70 ./SDK/platform/drivers/src/clock/S32K1xx/clock_S32K1xx.o
 .text.PCC_GetClockMode
                0x00008718       0x44 ./SDK/platform/drivers/src/clock/S32K1xx/clock_S32K1xx.o
 .text.PCC_GetClockSourceSel
                0x0000875c       0x34 ./SDK/platform/drivers/src/clock/S32K1xx/clock_S32K1xx.o
 .text.PCC_GetFracValueSel
                0x00008790       0x34 ./SDK/platform/drivers/src/clock/S32K1xx/clock_S32K1xx.o
 .text.PCC_GetDividerSel
                0x000087c4       0x30 ./SDK/platform/drivers/src/clock/S32K1xx/clock_S32K1xx.o
 .text.PMC_SetLpoMode
                0x000087f4       0x3c ./SDK/platform/drivers/src/clock/S32K1xx/clock_S32K1xx.o
 .text.PMC_GetLpoMode
                0x00008830       0x2c ./SDK/platform/drivers/src/clock/S32K1xx/clock_S32K1xx.o
 .text.PMC_SetLpoTrimValue
                0x0000885c       0x58 ./SDK/platform/drivers/src/clock/S32K1xx/clock_S32K1xx.o
 .text.SMC_GetCurrentRunningMode
                0x000088b4       0x1c ./SDK/platform/drivers/src/clock/S32K1xx/clock_S32K1xx.o
 .text.CLOCK_SYS_SetConfiguration
                0x000088d0       0x70 ./SDK/platform/drivers/src/clock/S32K1xx/clock_S32K1xx.o
                0x000088d0                CLOCK_SYS_SetConfiguration
 .text.CLOCK_SYS_SetScgConfiguration
                0x00008940       0xb4 ./SDK/platform/drivers/src/clock/S32K1xx/clock_S32K1xx.o
 .text.CLOCK_SYS_SetPccConfiguration
                0x000089f4       0xb4 ./SDK/platform/drivers/src/clock/S32K1xx/clock_S32K1xx.o
 .text.CLOCK_SYS_SetSimConfiguration
                0x00008aa8      0x114 ./SDK/platform/drivers/src/clock/S32K1xx/clock_S32K1xx.o
 .text.CLOCK_SYS_SetPmcConfiguration
                0x00008bbc       0x34 ./SDK/platform/drivers/src/clock/S32K1xx/clock_S32K1xx.o
 .text.CLOCK_SYS_GetDefaultConfiguration
                0x00008bf0      0x24c ./SDK/platform/drivers/src/clock/S32K1xx/clock_S32K1xx.o
 .text.CLOCK_SYS_GetScgClockFreq
                0x00008e3c      0x144 ./SDK/platform/drivers/src/clock/S32K1xx/clock_S32K1xx.o
 .text.CLOCK_SYS_GetSimClockFreq
                0x00008f80      0x20c ./SDK/platform/drivers/src/clock/S32K1xx/clock_S32K1xx.o
 .text.CLOCK_SYS_GetPccClockFreq
                0x0000918c      0x140 ./SDK/platform/drivers/src/clock/S32K1xx/clock_S32K1xx.o
 .text.CLOCK_SYS_GetFreq
                0x000092cc       0x5c ./SDK/platform/drivers/src/clock/S32K1xx/clock_S32K1xx.o
                0x000092cc                CLOCK_SYS_GetFreq
 .text.CLOCK_SYS_GetPeripheralClock
                0x00009328       0xd8 ./SDK/platform/drivers/src/clock/S32K1xx/clock_S32K1xx.o
 .text.CLOCK_SYS_GetCurrentRunMode
                0x00009400       0x44 ./SDK/platform/drivers/src/clock/S32K1xx/clock_S32K1xx.o
 .text.CLOCK_SYS_TransitionSystemClock
                0x00009444       0x60 ./SDK/platform/drivers/src/clock/S32K1xx/clock_S32K1xx.o
 .text.CLOCK_SYS_GetSimClkOutFreq
                0x000094a4       0xdc ./SDK/platform/drivers/src/clock/S32K1xx/clock_S32K1xx.o
 .text.CLOCK_SYS_GetScgClkOutFreq
                0x00009580       0x74 ./SDK/platform/drivers/src/clock/S32K1xx/clock_S32K1xx.o
 .text.CLOCK_SYS_GetSimRtcClkFreq
                0x000095f4       0x78 ./SDK/platform/drivers/src/clock/S32K1xx/clock_S32K1xx.o
 .text.CLOCK_SYS_ConfigureSIRC
                0x0000966c       0xcc ./SDK/platform/drivers/src/clock/S32K1xx/clock_S32K1xx.o
 .text.CLOCK_SYS_ConfigureFIRC
                0x00009738       0xd0 ./SDK/platform/drivers/src/clock/S32K1xx/clock_S32K1xx.o
 .text.CLOCK_SYS_ConfigureSOSC
                0x00009808      0x128 ./SDK/platform/drivers/src/clock/S32K1xx/clock_S32K1xx.o
 .text.CLOCK_SYS_ConfigureSPLL
                0x00009930      0x120 ./SDK/platform/drivers/src/clock/S32K1xx/clock_S32K1xx.o
 .text.CLOCK_SYS_ConfigureTemporarySystemClock
                0x00009a50       0x5c ./SDK/platform/drivers/src/clock/S32K1xx/clock_S32K1xx.o
 .text.CLOCK_SYS_ConfigureModulesFromScg
                0x00009aac      0x1ac ./SDK/platform/drivers/src/clock/S32K1xx/clock_S32K1xx.o
 .text.CLOCK_SYS_GetSystemClockFreq
                0x00009c58       0xc0 ./SDK/platform/drivers/src/clock/S32K1xx/clock_S32K1xx.o
 .text.CLOCK_SYS_SetSystemClockConfig
                0x00009d18      0x1a0 ./SDK/platform/drivers/src/clock/S32K1xx/clock_S32K1xx.o
 .text.CLOCK_SYS_GetSysAsyncFreq
                0x00009eb8      0x11c ./SDK/platform/drivers/src/clock/S32K1xx/clock_S32K1xx.o
 .text.CLOCK_SYS_GetSysOscFreq
                0x00009fd4       0x30 ./SDK/platform/drivers/src/clock/S32K1xx/clock_S32K1xx.o
 .text.CLOCK_SYS_GetSircFreq
                0x0000a004       0x44 ./SDK/platform/drivers/src/clock/S32K1xx/clock_S32K1xx.o
 .text.CLOCK_SYS_GetFircFreq
                0x0000a048       0x3c ./SDK/platform/drivers/src/clock/S32K1xx/clock_S32K1xx.o
 .text.CLOCK_SYS_GetSysPllFreq
                0x0000a084       0x64 ./SDK/platform/drivers/src/clock/S32K1xx/clock_S32K1xx.o
 .text.CLOCK_SYS_GetLpoFreq
                0x0000a0e8       0x7c ./SDK/platform/drivers/src/clock/S32K1xx/clock_S32K1xx.o
 .text.ADC_GetConvActiveFlag
                0x0000a164       0x34 ./SDK/platform/drivers/src/adc/adc_driver.o
 .text.ADC_SetClockDivide
                0x0000a198       0x38 ./SDK/platform/drivers/src/adc/adc_driver.o
 .text.ADC_SetSampleTime
                0x0000a1d0       0x40 ./SDK/platform/drivers/src/adc/adc_driver.o
 .text.ADC_SetResolution
                0x0000a210       0x38 ./SDK/platform/drivers/src/adc/adc_driver.o
 .text.ADC_SetInputClock
                0x0000a248       0x38 ./SDK/platform/drivers/src/adc/adc_driver.o
 .text.ADC_SetTriggerMode
                0x0000a280       0x3c ./SDK/platform/drivers/src/adc/adc_driver.o
 .text.ADC_SetPretriggerSelect
                0x0000a2bc       0x80 ./SDK/platform/drivers/src/adc/adc_driver.o
 .text.ADC_SetTriggerSelect
                0x0000a33c       0x7c ./SDK/platform/drivers/src/adc/adc_driver.o
 .text.ADC_SetDMAEnableFlag
                0x0000a3b8       0x40 ./SDK/platform/drivers/src/adc/adc_driver.o
 .text.ADC_SetVoltageReference
                0x0000a3f8       0x3c ./SDK/platform/drivers/src/adc/adc_driver.o
 .text.ADC_SetContinuousConvFlag
                0x0000a434       0x40 ./SDK/platform/drivers/src/adc/adc_driver.o
 .text.ADC_SetSupplyMonitoringEnableFlag
                0x0000a474       0x38 ./SDK/platform/drivers/src/adc/adc_driver.o
 .text.ADC_SetChanInterruptEnableFlag
                0x0000a4ac       0x48 ./SDK/platform/drivers/src/adc/adc_driver.o
 .text.ADC_SetInputChannel
                0x0000a4f4       0x8c ./SDK/platform/drivers/src/adc/adc_driver.o
 .text.ADC_DRV_ConfigConverter
                0x0000a580       0xb0 ./SDK/platform/drivers/src/adc/adc_driver.o
                0x0000a580                ADC_DRV_ConfigConverter
 .text.ADC_DRV_ConfigChan
                0x0000a630       0x44 ./SDK/platform/drivers/src/adc/adc_driver.o
                0x0000a630                ADC_DRV_ConfigChan
 .text.ADC_DRV_WaitConvDone
                0x0000a674       0x2c ./SDK/platform/drivers/src/adc/adc_driver.o
                0x0000a674                ADC_DRV_WaitConvDone
 .text.ADC_DRV_GetChanResult
                0x0000a6a0       0x44 ./SDK/platform/drivers/src/adc/adc_driver.o
                0x0000a6a0                ADC_DRV_GetChanResult
 .text.init_data_bss
                0x0000a6e4      0x110 ./SDK/platform/devices/startup.o
                0x0000a6e4                init_data_bss
 .text.SystemInit
                0x0000a7f4       0x30 ./SDK/platform/devices/S32K144/startup/system_S32K144.o
                0x0000a7f4                SystemInit
 *(.rodata)
 .rodata        0x0000a824       0x20 ./SDK/platform/drivers/src/adc/adc_driver.o
 *(.rodata*)
 .rodata.s_lpuartBase
                0x0000a844        0xc ./SDK/platform/drivers/src/lpuart/lpuart_driver.o
 .rodata.s_lpuartRxTxIrqId
                0x0000a850        0x3 ./SDK/platform/drivers/src/lpuart/lpuart_driver.o
 *fill*         0x0000a853        0x1 
 .rodata.s_lpuartClkNames
                0x0000a854        0x3 ./SDK/platform/drivers/src/lpuart/lpuart_driver.o
 *fill*         0x0000a857        0x1 
 .rodata.g_lpi2cDMASrc
                0x0000a858        0x2 ./SDK/platform/drivers/src/lpi2c/lpi2c_driver.o
                0x0000a858                g_lpi2cDMASrc
 *fill*         0x0000a85a        0x2 
 .rodata.g_ftmBase
                0x0000a85c       0x10 ./SDK/platform/drivers/src/ftm/ftm_common.o
                0x0000a85c                g_ftmBase
 .rodata.g_ftmOverflowIrqId
                0x0000a86c        0x4 ./SDK/platform/drivers/src/ftm/ftm_common.o
                0x0000a86c                g_ftmOverflowIrqId
 .rodata.g_ftmExtClockSel
                0x0000a870        0x8 ./SDK/platform/drivers/src/ftm/ftm_common.o
 .rodata.s_edmaIrqId
                0x0000a878       0x10 ./SDK/platform/drivers/src/edma/edma_driver.o
 .rodata.clockNameMappings
                0x0000a888       0x9e ./SDK/platform/drivers/src/clock/S32K1xx/clock_S32K1xx.o
                0x0000a888                clockNameMappings
 *fill*         0x0000a926        0x2 
 .rodata.peripheralFeaturesList
                0x0000a928       0x4f ./SDK/platform/drivers/src/clock/S32K1xx/clock_S32K1xx.o
                0x0000a928                peripheralFeaturesList
 *fill*         0x0000a977        0x1 
 .rodata.maxClocksFreq.6397
                0x0000a978       0x24 ./SDK/platform/drivers/src/clock/S32K1xx/clock_S32K1xx.o
 .rodata.fircFreq.6452
                0x0000a99c       0x10 ./SDK/platform/drivers/src/clock/S32K1xx/clock_S32K1xx.o
 .rodata.s_adcBase
                0x0000a9ac        0x8 ./SDK/platform/drivers/src/adc/adc_driver.o
 .rodata.lpuart1_InitConfig0
                0x0000a9b4        0xc ./Generated_Code/lpuart1.o
                0x0000a9b4                lpuart1_InitConfig0
 .rodata.edmaChnStateArray
                0x0000a9c0        0x4 ./Generated_Code/dmaController1.o
                0x0000a9c0                edmaChnStateArray
 .rodata.edmaChnConfigArray
                0x0000a9c4        0x4 ./Generated_Code/dmaController1.o
                0x0000a9c4                edmaChnConfigArray
 .rodata.dmaController1_InitConfig0
                0x0000a9c8        0x2 ./Generated_Code/dmaController1.o
                0x0000a9c8                dmaController1_InitConfig0
 *fill*         0x0000a9ca        0x2 
 .rodata.adConv1_ConvConfig0
                0x0000a9cc        0xb ./Generated_Code/adConv1.o
                0x0000a9cc                adConv1_ConvConfig0
 *fill*         0x0000a9d7        0x1 
 .rodata.AdcKeyCurrentChannel
                0x0000a9d8        0x4 ./Generated_Code/adConv1.o
                0x0000a9d8                AdcKeyCurrentChannel
 .rodata.AdcRailA5VChannel
                0x0000a9dc        0x4 ./Generated_Code/adConv1.o
                0x0000a9dc                AdcRailA5VChannel
 .rodata.AdcTemp7Channel
                0x0000a9e0        0x4 ./Generated_Code/adConv1.o
                0x0000a9e0                AdcTemp7Channel
 .rodata.AdcTemp5Channel
                0x0000a9e4        0x4 ./Generated_Code/adConv1.o
                0x0000a9e4                AdcTemp5Channel
 .rodata.AdcTemp6Channel
                0x0000a9e8        0x4 ./Generated_Code/adConv1.o
                0x0000a9e8                AdcTemp6Channel
 .rodata.AdcVbatChannel
                0x0000a9ec        0x4 ./Generated_Code/adConv1.o
                0x0000a9ec                AdcVbatChannel
 *(.glue_7)
 .glue_7        0x00000000        0x0 linker stubs
 *(.glue_7t)
 .glue_7t       0x00000000        0x0 linker stubs
 *(.eh_frame)
 *(.init)
 *(.fini)
                0x0000a9f0                . = ALIGN (0x4)

.vfp11_veneer   0x0000a9f0        0x0
 .vfp11_veneer  0x00000000        0x0 linker stubs

.v4_bx          0x0000a9f0        0x0
 .v4_bx         0x00000000        0x0 linker stubs

.iplt           0x0000a9f0        0x0
 .iplt          0x00000000        0x0 C:/NXP/S32DS_ARM_v2018.R1/S32DS/arm_ewl2/lib/armv7e-m/__arm_start.o

.rel.dyn        0x0000a9f0        0x0
 .rel.iplt      0x00000000        0x0 C:/NXP/S32DS_ARM_v2018.R1/S32DS/arm_ewl2/lib/armv7e-m/__arm_start.o

.ARM.extab
 *(.ARM.extab* .gnu.linkonce.armextab.*)

.ARM            0x0000a9f0        0x0
                0x0000a9f0                __exidx_start = .
 *(.ARM.exidx*)
                0x0000a9f0                __exidx_end = .

.ctors          0x0000a9f0        0x0
                0x0000a9f0                __CTOR_LIST__ = .
 *crtbegin.o(.ctors)
 *crtbegin?.o(.ctors)
 *(EXCLUDE_FILE(*crtend.o *crtend?.o) .ctors)
 *(SORT(.ctors.*))
 *(.ctors)
                0x0000a9f0                __CTOR_END__ = .

.dtors          0x0000a9f0        0x0
                0x0000a9f0                __DTOR_LIST__ = .
 *crtbegin.o(.dtors)
 *crtbegin?.o(.dtors)
 *(EXCLUDE_FILE(*crtend.o *crtend?.o) .dtors)
 *(SORT(.dtors.*))
 *(.dtors)
                0x0000a9f0                __DTOR_END__ = .

.preinit_array  0x0000a9f0        0x0
                0x0000a9f0                PROVIDE (__preinit_array_start, .)
 *(.preinit_array*)
                0x0000a9f0                PROVIDE (__preinit_array_end, .)

.init_array     0x0000a9f0        0x0
                0x0000a9f0                PROVIDE (__init_array_start, .)
 *(SORT(.init_array.*))
 *(.init_array*)
                0x0000a9f0                PROVIDE (__init_array_end, .)

.fini_array     0x0000a9f0        0x0
                0x0000a9f0                PROVIDE (__fini_array_start, .)
 *(SORT(.fini_array.*))
 *(.fini_array*)
                0x0000a9f0                PROVIDE (__fini_array_end, .)
                0x0000a9f0                __etext = .
                0x0000a9f0                __DATA_ROM = .

.interrupts_ram
                0x1fff8000      0x400
                0x1fff8000                . = ALIGN (0x4)
                0x1fff8000                __VECTOR_RAM__ = .
                0x1fff8000                __interrupts_ram_start__ = .
 *(.m_interrupts_ram)
                0x1fff8400                . = (. + M_VECTOR_RAM_SIZE)
 *fill*         0x1fff8000      0x400 
                0x1fff8400                . = ALIGN (0x4)
                0x1fff8400                __interrupts_ram_end__ = .
                0x1fff8000                __VECTOR_RAM = DEFINED (__flash_vector_table__)?ORIGIN (m_interrupts):__VECTOR_RAM__
                0x00000400                __RAM_VECTOR_TABLE_SIZE = DEFINED (__flash_vector_table__)?0x0:(__interrupts_ram_end__ - __interrupts_ram_start__)

.data           0x1fff8400      0x878 load address 0x0000a9f0
                0x1fff8400                . = ALIGN (0x4)
                0x1fff8400                __DATA_RAM = .
                0x1fff8400                __data_start__ = .
 *(.data)
 *(.data*)
 .data.SafetyDectectTable
                0x1fff8400       0x28 ./Sources/hal/safety.o
 .data.checksum
                0x1fff8428        0x1 ./Sources/hal/CommDec.o
                0x1fff8428                checksum
 .data.bIsObjectDetected
                0x1fff8429        0x1 ./Sources/app/systemTerminate.o
 *fill*         0x1fff842a        0x2 
 .data.stateSelectionTransit
                0x1fff842c        0x6 ./Sources/app/systemTask.o
                0x1fff842c                stateSelectionTransit
 *fill*         0x1fff8432        0x2 
 .data.statePingTransit
                0x1fff8434        0xc ./Sources/app/systemTask.o
                0x1fff8434                statePingTransit
 .data.stateIdentConfigTransit
                0x1fff8440        0xe ./Sources/app/systemTask.o
                0x1fff8440                stateIdentConfigTransit
 *fill*         0x1fff844e        0x2 
 .data.statePowerTransTransit
                0x1fff8450        0xc ./Sources/app/systemTask.o
                0x1fff8450                statePowerTransTransit
 .data.stateTerminateTransit
                0x1fff845c        0x8 ./Sources/app/systemTask.o
                0x1fff845c                stateTerminateTransit
 .data.stateSafeTransit
                0x1fff8464        0x4 ./Sources/app/systemTask.o
                0x1fff8464                stateSafeTransit
 .data.SM_Table
                0x1fff8468       0x60 ./Sources/app/systemTask.o
                0x1fff8468                SM_Table
 .data.holdOffTime
                0x1fff84c8        0x1 ./Sources/app/systemPowerTrans.o
 *fill*         0x1fff84c9        0x3 
 .data.g_lpuartIsr
                0x1fff84cc        0xc ./SDK/platform/drivers/src/lpuart/lpuart_irq.o
                0x1fff84cc                g_lpuartIsr
 .data.peripheralClockConfig.6177
                0x1fff84d8       0xa0 ./SDK/platform/drivers/src/clock/S32K1xx/clock_S32K1xx.o
 .data.g_pin_mux_InitConfigArr
                0x1fff8578      0x570 ./Generated_Code/pin_mux.o
                0x1fff8578                g_pin_mux_InitConfigArr
 .data.flexTimer_pwm1_CombinedChannelsConfig
                0x1fff8ae8       0x20 ./Generated_Code/flexTimer_pwm1.o
                0x1fff8ae8                flexTimer_pwm1_CombinedChannelsConfig
 .data.flexTimer_pwm1_PwmConfig
                0x1fff8b08       0x18 ./Generated_Code/flexTimer_pwm1.o
                0x1fff8b08                flexTimer_pwm1_PwmConfig
 .data.flexTimer_pwm1_InitConfig
                0x1fff8b20       0x12 ./Generated_Code/flexTimer_pwm1.o
                0x1fff8b20                flexTimer_pwm1_InitConfig
 *fill*         0x1fff8b32        0x2 
 .data.flexTimer_mc1_TimerConfig
                0x1fff8b34        0x6 ./Generated_Code/flexTimer_mc1.o
                0x1fff8b34                flexTimer_mc1_TimerConfig
 *fill*         0x1fff8b3a        0x2 
 .data.flexTimer_mc1_InitConfig
                0x1fff8b3c       0x12 ./Generated_Code/flexTimer_mc1.o
                0x1fff8b3c                flexTimer_mc1_InitConfig
 *fill*         0x1fff8b4e        0x2 
 .data.dmaController1Chn0_Config
                0x1fff8b50        0xc ./Generated_Code/dmaController1.o
                0x1fff8b50                dmaController1Chn0_Config
 .data.peripheralClockConfig0
                0x1fff8b5c       0xa0 ./Generated_Code/clockMan1.o
                0x1fff8b5c                peripheralClockConfig0
 .data.clockMan1_InitConfig0
                0x1fff8bfc       0x78 ./Generated_Code/clockMan1.o
                0x1fff8bfc                clockMan1_InitConfig0
 .data.g_clockManConfigsArr
                0x1fff8c74        0x4 ./Generated_Code/clockMan1.o
                0x1fff8c74                g_clockManConfigsArr
 *(.jcr*)
                0x1fff8c78                . = ALIGN (0x4)
                0x1fff8c78                __data_end__ = .
                0x0000b268                __DATA_END = (__DATA_ROM + (__data_end__ - __data_start__))
                0x0000b268                __CODE_ROM = __DATA_END

.igot.plt       0x1fff8c78        0x0 load address 0x0000b268
 .igot.plt      0x00000000        0x0 C:/NXP/S32DS_ARM_v2018.R1/S32DS/arm_ewl2/lib/armv7e-m/__arm_start.o

.code           0x1fff8c78        0x0 load address 0x0000b268
                0x1fff8c78                . = ALIGN (0x4)
                0x1fff8c78                __CODE_RAM = .
                0x1fff8c78                __code_start__ = .
 *(.code_ram)
                0x1fff8c78                . = ALIGN (0x4)
                0x1fff8c78                __code_end__ = .
                0x0000b268                __CODE_END = (__CODE_ROM + (__code_end__ - __code_start__))

.customSectionBlock
 *(.customSection)

.bss            0x20000000      0x1a4
                0x20000000                . = ALIGN (0x4)
                0x20000000                __BSS_START = .
                0x20000000                __bss_start__ = .
 *(.bss)
 *(.bss*)
 .bss.RxPacket  0x20000000       0x10 ./Sources/main.o
                0x20000000                RxPacket
 .bss.bNewMessage
                0x20000010        0x1 ./Sources/main.o
                0x20000010                bNewMessage
 *fill*         0x20000011        0x3 
 .bss.CommDlyCnt
                0x20000014        0x2 ./Sources/main.o
                0x20000014                CommDlyCnt
 .bss.CommUsCountD
                0x20000016        0x2 ./Sources/interrupt.o
 .bss.CommUsDelay
                0x20000018        0x2 ./Sources/interrupt.o
 .bss.sControlError
                0x2000001a        0x1 ./Sources/hal/pid.o
 *fill*         0x2000001b        0x1 
 .bss.DutyPercent
                0x2000001c        0x4 ./Sources/hal/pid.o
 .bss.filteredMeasurements
                0x20000020        0xa ./Sources/hal/measure.o
 .bss.tickLastMeasureVoltage.7592
                0x2000002a        0x2 ./Sources/hal/measure.o
 .bss.tickLastMeasureTemperature.7593
                0x2000002c        0x2 ./Sources/hal/measure.o
 .bss.tickLastMeasureCurrent.7594
                0x2000002e        0x2 ./Sources/hal/measure.o
 .bss.current_offset
                0x20000030        0x2 ./Sources/hal/hal.o
 .bss.ApCurrent
                0x20000032        0x2 ./Sources/hal/hal.o
 .bss.subPower  0x20000034        0x2 ./Sources/hal/ObjectDetection.o
 .bss.preTmTick
                0x20000036        0x2 ./Sources/hal/ObjectDetection.o
 .bss.fodLossThreshold
                0x20000038        0x2 ./Sources/hal/ObjectDetection.o
 .bss.bFodEnable
                0x2000003a        0x1 ./Sources/hal/ObjectDetection.o
 .bss.bStartAvg
                0x2000003b        0x1 ./Sources/hal/ObjectDetection.o
 .bss.avgReceivePower
                0x2000003c        0x2 ./Sources/hal/ObjectDetection.o
 .bss.fodCounter
                0x2000003e        0x1 ./Sources/hal/ObjectDetection.o
 *fill*         0x2000003f        0x1 
 .bss.fod_powerloss
                0x20000040        0x2 ./Sources/hal/ObjectDetection.o
 .bss.avgCurrent
                0x20000042        0x2 ./Sources/hal/ObjectDetection.o
 .bss.avgVoltage
                0x20000044        0x2 ./Sources/hal/ObjectDetection.o
 .bss.fodFlag   0x20000046        0x1 ./Sources/hal/ObjectDetection.o
 .bss.data_method
                0x20000047        0x1 ./Sources/hal/CommDec.o
 .bss.preamble  0x20000048        0x1 ./Sources/hal/CommDec.o
                0x20000048                preamble
 .bss.Header    0x20000049        0x1 ./Sources/hal/CommDec.o
                0x20000049                Header
 .bss.ByteMessage
                0x2000004a        0x1 ./Sources/hal/CommDec.o
                0x2000004a                ByteMessage
 .bss.receive_counter
                0x2000004b        0x1 ./Sources/hal/CommDec.o
                0x2000004b                receive_counter
 .bss.message_numb
                0x2000004c        0x1 ./Sources/hal/CommDec.o
                0x2000004c                message_numb
 .bss.message_count
                0x2000004d        0x1 ./Sources/hal/CommDec.o
                0x2000004d                message_count
 .bss.msGenTimeoutPeriod1
                0x2000004e        0x2 ./Sources/app/systemTimers.o
 .bss.msGenStartPoint1
                0x20000050        0x2 ./Sources/app/systemTimers.o
 .bss.bStartTimer1
                0x20000052        0x1 ./Sources/app/systemTimers.o
 *fill*         0x20000053        0x1 
 .bss.msGenTimeoutPeriod2
                0x20000054        0x2 ./Sources/app/systemTimers.o
 .bss.msGenStartPoint2
                0x20000056        0x2 ./Sources/app/systemTimers.o
 .bss.bStartTimer2
                0x20000058        0x1 ./Sources/app/systemTimers.o
 *fill*         0x20000059        0x1 
 .bss.msGenTimeoutPeriod3
                0x2000005a        0x2 ./Sources/app/systemTimers.o
 .bss.msGenStartPoint3
                0x2000005c        0x2 ./Sources/app/systemTimers.o
 .bss.bStartTimer3
                0x2000005e        0x1 ./Sources/app/systemTimers.o
 .bss.bStartTimer4
                0x2000005f        0x1 ./Sources/app/systemTimers.o
 .bss.gST_wTimerTick
                0x20000060        0x2 ./Sources/app/systemTimers.o
 .bss.gST_wUsTimerTick
                0x20000062        0x2 ./Sources/app/systemTimers.o
 .bss.codeEPT   0x20000064        0x1 ./Sources/app/systemTerminate.o
 .bss.timeoutCnt
                0x20000065        0x1 ./Sources/app/systemTerminate.o
 .bss.wAppLastTimerTicks.7636
                0x20000066        0x2 ./Sources/app/systemTask.o
 .bss.TimerData.7635
                0x20000068        0xa ./Sources/app/systemTask.o
 .bss.APCounter
                0x20000072        0x1 ./Sources/app/systemSelection.o
 .bss.unsafeCode
                0x20000073        0x1 ./Sources/app/systemSafe.o
 .bss.evtId     0x20000074        0x1 ./Sources/app/systemSafe.o
 .bss.controlError
                0x20000075        0x1 ./Sources/app/systemPowerTrans.o
 .bss.receivedPower
                0x20000076        0x1 ./Sources/app/systemPowerTrans.o
 .bss.bFirstMessage
                0x20000077        0x1 ./Sources/app/systemPowerTrans.o
 .bss.actCurrent
                0x20000078        0x2 ./Sources/app/systemPowerTrans.o
 .bss.actVol    0x2000007a        0x2 ./Sources/app/systemPowerTrans.o
 .bss.period    0x2000007c        0x2 ./Sources/app/systemPowerTrans.o
 .bss.sigStrength
                0x2000007e        0x1 ./Sources/app/systemPing.o
 .bss.bStartSigTimer
                0x2000007f        0x1 ./Sources/app/systemPing.o
 .bss.nextPacketHeaderExpected
                0x20000080        0x1 ./Sources/app/systemIdConfig.o
 .bss.bInIdentificationStage
                0x20000081        0x1 ./Sources/app/systemIdConfig.o
 .bss.countOpConfigPacket
                0x20000082        0x1 ./Sources/app/systemIdConfig.o
 .bss.bStartIdTimer
                0x20000083        0x1 ./Sources/app/systemIdConfig.o
 .bss.s_osif_tick_cnt
                0x20000084        0x4 ./SDK/rtos/osif/osif_baremetal.o
 .bss.s_lpuartStatePtr
                0x20000088        0xc ./SDK/platform/drivers/src/lpuart/lpuart_driver.o
 .bss.g_lpi2cMasterStatePtr
                0x20000094        0x4 ./SDK/platform/drivers/src/lpi2c/lpi2c_driver.o